Archive member included because of file (symbol)

C:/Users/Apoptosis/workspace_v10/msp430_MSP-EXP430G2553LP_msp430_cc1101_energia_v2/Debug\libmsp430_MSP-EXP430G2553LP_msp430_cc1101_energia_v2.a(CC1101_MSP430.o)
                              ./Sensor_tx.o (CC1101::sidle())
C:/Users/Apoptosis/workspace_v10/msp430_MSP-EXP430G2553LP_core/Debug\libmsp430_MSP-EXP430G2553LP_core.a(itoa.o)
                              C:/Users/Apoptosis/workspace_v10/msp430_MSP-EXP430G2553LP_msp430_cc1101_energia_v2/Debug\libmsp430_MSP-EXP430G2553LP_msp430_cc1101_energia_v2.a(CC1101_MSP430.o) (itoa)
C:/Users/Apoptosis/workspace_v10/msp430_MSP-EXP430G2553LP_core/Debug\libmsp430_MSP-EXP430G2553LP_core.a(wiring.o)
                              C:/Users/Apoptosis/workspace_v10/msp430_MSP-EXP430G2553LP_msp430_cc1101_energia_v2/Debug\libmsp430_MSP-EXP430G2553LP_msp430_cc1101_energia_v2.a(CC1101_MSP430.o) (delayMicroseconds)
C:/Users/Apoptosis/workspace_v10/msp430_MSP-EXP430G2553LP_core/Debug\libmsp430_MSP-EXP430G2553LP_core.a(wiring_analog.o)
                              ./Sensor_tx.o (analogRead)
C:/Users/Apoptosis/workspace_v10/msp430_MSP-EXP430G2553LP_core/Debug\libmsp430_MSP-EXP430G2553LP_core.a(wiring_digital.o)
                              ./Sensor_tx.o (pinMode)
C:/Users/Apoptosis/workspace_v10/msp430_MSP-EXP430G2553LP_core/Debug\libmsp430_MSP-EXP430G2553LP_core.a(HardwareSerial.o)
                              C:/Users/Apoptosis/workspace_v10/msp430_MSP-EXP430G2553LP_msp430_cc1101_energia_v2/Debug\libmsp430_MSP-EXP430G2553LP_msp430_cc1101_energia_v2.a(CC1101_MSP430.o) (HardwareSerial::write(unsigned char))
C:/Users/Apoptosis/workspace_v10/msp430_MSP-EXP430G2553LP_core/Debug\libmsp430_MSP-EXP430G2553LP_core.a(main.o)
                              (main)
C:/Users/Apoptosis/workspace_v10/msp430_MSP-EXP430G2553LP_core/Debug\libmsp430_MSP-EXP430G2553LP_core.a(Print.o)
                              C:/Users/Apoptosis/workspace_v10/msp430_MSP-EXP430G2553LP_core/Debug\libmsp430_MSP-EXP430G2553LP_core.a(HardwareSerial.o) (Print::write(unsigned char const*, unsigned int))
C:/Users/Apoptosis/workspace_v10/msp430_MSP-EXP430G2553LP_core/Debug\libmsp430_MSP-EXP430G2553LP_core.a(WString.o)
                              C:/Users/Apoptosis/workspace_v10/msp430_MSP-EXP430G2553LP_core/Debug\libmsp430_MSP-EXP430G2553LP_core.a(Print.o) (String::operator[](unsigned int) const)
C:/Users/Apoptosis/workspace_v10/msp430_MSP-EXP430G2553LP_core/Debug\libmsp430_MSP-EXP430G2553LP_core.a(atof.o)
                              C:/Users/Apoptosis/workspace_v10/msp430_MSP-EXP430G2553LP_core/Debug\libmsp430_MSP-EXP430G2553LP_core.a(WString.o) (atof)
C:/Users/Apoptosis/workspace_v10/msp430_MSP-EXP430G2553LP_core/Debug\libmsp430_MSP-EXP430G2553LP_core.a(dtostrf.o)
                              C:/Users/Apoptosis/workspace_v10/msp430_MSP-EXP430G2553LP_core/Debug\libmsp430_MSP-EXP430G2553LP_core.a(WString.o) (dtostrf)
C:/Users/Apoptosis/workspace_v10/msp430_MSP-EXP430G2553LP_core/Debug\libmsp430_MSP-EXP430G2553LP_core.a(usci_isr_handler.o)
                              C:/Users/Apoptosis/workspace_v10/msp430_MSP-EXP430G2553LP_core/Debug\libmsp430_MSP-EXP430G2553LP_core.a(HardwareSerial.o) (usci_isr_install)
C:/Users/Apoptosis/workspace_v10/msp430_MSP-EXP430G2553LP_core/Debug\libmsp430_MSP-EXP430G2553LP_core.a(new.o)
                              C:/Users/Apoptosis/workspace_v10/msp430_MSP-EXP430G2553LP_core/Debug\libmsp430_MSP-EXP430G2553LP_core.a(Print.o) (__cxa_pure_virtual)
c:/programdata/chocolatey/lib/energia/tools/energia-1.8.10e23/hardware/tools/msp430/bin/../lib/gcc/msp430/4.6.3/../../../../msp430/lib\libm.a(ef_pow.o)
                              C:/Users/Apoptosis/workspace_v10/msp430_MSP-EXP430G2553LP_core/Debug\libmsp430_MSP-EXP430G2553LP_core.a(dtostrf.o) (powf)
c:/programdata/chocolatey/lib/energia/tools/energia-1.8.10e23/hardware/tools/msp430/bin/../lib/gcc/msp430/4.6.3/../../../../msp430/lib\libm.a(sf_scalbn.o)
                              c:/programdata/chocolatey/lib/energia/tools/energia-1.8.10e23/hardware/tools/msp430/bin/../lib/gcc/msp430/4.6.3/../../../../msp430/lib\libm.a(ef_pow.o) (scalbnf)
c:/programdata/chocolatey/lib/energia/tools/energia-1.8.10e23/hardware/tools/msp430/bin/../lib/gcc/msp430/4.6.3/../../../../msp430/lib\libm.a(ef_sqrt.o)
                              c:/programdata/chocolatey/lib/energia/tools/energia-1.8.10e23/hardware/tools/msp430/bin/../lib/gcc/msp430/4.6.3/../../../../msp430/lib\libm.a(ef_pow.o) (__ieee754_sqrtf)
c:/programdata/chocolatey/lib/energia/tools/energia-1.8.10e23/hardware/tools/msp430/bin/../lib/gcc/msp430/4.6.3\libgcc.a(_mulqi3.o)
                              C:/Users/Apoptosis/workspace_v10/msp430_MSP-EXP430G2553LP_core/Debug\libmsp430_MSP-EXP430G2553LP_core.a(Print.o) (__mulqi3)
c:/programdata/chocolatey/lib/energia/tools/energia-1.8.10e23/hardware/tools/msp430/bin/../lib/gcc/msp430/4.6.3\libgcc.a(_mulhi3.o)
[...]
Memory Configuration

Name             Origin             Length             Attributes
sfr              0x00000000         0x00000010
peripheral_8bit  0x00000010         0x000000f0
peripheral_16bit 0x00000100         0x00000100
ram              0x00000200         0x00000200         xw
infomem          0x00001000         0x00000100
infod            0x00001000         0x00000040
infoc            0x00001040         0x00000040
infob            0x00001080         0x00000040
infoa            0x000010c0         0x00000040
rom              0x0000c000         0x00003fe0         xr
vectors          0x0000ffe0         0x00000020
bsl              0x00000000         0x00000000
ram2             0x00000000         0x00000000         xw
ram_mirror       0x00000000         0x00000000         xw
signature        0x00000000         0x00000000
tinyram          0x00000000         0x00000000         xw
usbram           0x00000000         0x00000000         xw
far_rom          0x00000000         0x00000000
*default*        0x00000000         0xffffffff

Linker script and memory map

LOAD c:/programdata/chocolatey/lib/energia/tools/energia-1.8.10e23/hardware/tools/msp430/bin/../lib/gcc/msp430/4.6.3/crt0ivtbl16.o
LOAD ./Sensor_tx.o
START GROUP
LOAD C:/Users/Apoptosis/workspace_v10/msp430_MSP-EXP430G2553LP_msp430_cc1101_energia_v2/Debug\libmsp430_MSP-EXP430G2553LP_msp430_cc1101_energia_v2.a
LOAD C:/Users/Apoptosis/workspace_v10/msp430_MSP-EXP430G2553LP_core/Debug\libmsp430_MSP-EXP430G2553LP_core.a
LOAD c:/programdata/chocolatey/lib/energia/tools/energia-1.8.10e23/hardware/tools/msp430/bin/../lib/gcc/msp430/4.6.3/../../../../msp430/lib\libm.a
END GROUP
LOAD c:/programdata/chocolatey/lib/energia/tools/energia-1.8.10e23/hardware/tools/msp430/bin/../lib/gcc/msp430/4.6.3\libgcc.a
LOAD c:/programdata/chocolatey/lib/energia/tools/energia-1.8.10e23/hardware/tools/msp430/bin/../lib/gcc/msp430/4.6.3/../../../../msp430/lib\libc.a
LOAD c:/programdata/chocolatey/lib/energia/tools/energia-1.8.10e23/hardware/tools/msp430/bin/../lib/gcc/msp430/4.6.3\libgcc.a
LOAD c:/programdata/chocolatey/lib/energia/tools/energia-1.8.10e23/hardware/tools/msp430/bin/../lib/gcc/msp430/4.6.3\libcrt0.a
                0x00000040                PROVIDE (__info_segment_size, 0x40)
                0x00001000                PROVIDE (__infod, 0x1000)
                0x00001040                PROVIDE (__infoc, 0x1040)
                0x00001080                PROVIDE (__infob, 0x1080)
                0x000010c0                PROVIDE (__infoa, 0x10c0)
                0x00000000                __IE1 = 0x0
                0x00000002                __IFG1 = 0x2
                0x00000001                __IE2 = 0x1
                0x00000003                __IFG2 = 0x3
                0x00000048                __ADC10DTC0 = 0x48
                0x00000049                __ADC10DTC1 = 0x49
                0x0000004a                __ADC10AE0 = 0x4a
                0x000001b0                __ADC10CTL0 = 0x1b0
                0x000001b2                __ADC10CTL1 = 0x1b2
                0x000001b4                __ADC10MEM = 0x1b4
                0x000001bc                __ADC10SA = 0x1bc
                0x00000056                __DCOCTL = 0x56
                0x00000057                __BCSCTL1 = 0x57
                0x00000058                __BCSCTL2 = 0x58
                0x00000053                __BCSCTL3 = 0x53
                0x00000059                __CACTL1 = 0x59
                0x0000005a                __CACTL2 = 0x5a
                0x0000005b                __CAPD = 0x5b
                0x00000128                __FCTL1 = 0x128
                0x0000012a                __FCTL2 = 0x12a
                0x0000012c                __FCTL3 = 0x12c
                0x00000020                __P1IN = 0x20
                0x00000021                __P1OUT = 0x21
                0x00000022                __P1DIR = 0x22
                0x00000023                __P1IFG = 0x23
                0x00000024                __P1IES = 0x24
                0x00000025                __P1IE = 0x25
                0x00000026                __P1SEL = 0x26
                0x00000041                __P1SEL2 = 0x41
                0x00000027                __P1REN = 0x27
                0x00000028                __P2IN = 0x28
                0x00000029                __P2OUT = 0x29
                0x0000002a                __P2DIR = 0x2a
                0x0000002b                __P2IFG = 0x2b
                0x0000002c                __P2IES = 0x2c
                0x0000002d                __P2IE = 0x2d
                0x0000002e                __P2SEL = 0x2e
                0x00000042                __P2SEL2 = 0x42
                0x0000002f                __P2REN = 0x2f
                0x00000018                __P3IN = 0x18
                0x00000019                __P3OUT = 0x19
                0x0000001a                __P3DIR = 0x1a
                0x0000001b                __P3SEL = 0x1b
                0x00000043                __P3SEL2 = 0x43
                0x00000010                __P3REN = 0x10
                0x0000012e                __TA0IV = 0x12e
                0x00000160                __TA0CTL = 0x160
                0x00000162                __TA0CCTL0 = 0x162
                0x00000164                __TA0CCTL1 = 0x164
                0x00000166                __TA0CCTL2 = 0x166
                0x00000170                __TA0R = 0x170
                0x00000172                __TA0CCR0 = 0x172
                0x00000174                __TA0CCR1 = 0x174
                0x00000176                __TA0CCR2 = 0x176
                0x0000011e                __TA1IV = 0x11e
                0x00000180                __TA1CTL = 0x180
                0x00000182                __TA1CCTL0 = 0x182
                0x00000184                __TA1CCTL1 = 0x184
                0x00000186                __TA1CCTL2 = 0x186
                0x00000190                __TA1R = 0x190
                0x00000192                __TA1CCR0 = 0x192
                0x00000194                __TA1CCR1 = 0x194
                0x00000196                __TA1CCR2 = 0x196
                0x00000060                __UCA0CTL0 = 0x60
                0x00000061                __UCA0CTL1 = 0x61
                0x00000062                __UCA0BR0 = 0x62
                0x00000063                __UCA0BR1 = 0x63
                0x00000064                __UCA0MCTL = 0x64
                0x00000065                __UCA0STAT = 0x65
                0x00000066                __UCA0RXBUF = 0x66
                0x00000067                __UCA0TXBUF = 0x67
                0x0000005d                __UCA0ABCTL = 0x5d
                0x0000005e                __UCA0IRTCTL = 0x5e
                0x0000005f                __UCA0IRRCTL = 0x5f
                0x00000068                __UCB0CTL0 = 0x68
                0x00000069                __UCB0CTL1 = 0x69
                0x0000006a                __UCB0BR0 = 0x6a
                0x0000006b                __UCB0BR1 = 0x6b
                0x0000006c                __UCB0I2CIE = 0x6c
                0x0000006d                __UCB0STAT = 0x6d
                0x0000006e                __UCB0RXBUF = 0x6e
                0x0000006f                __UCB0TXBUF = 0x6f
                0x00000118                __UCB0I2COA = 0x118
                0x0000011a                __UCB0I2CSA = 0x11a
                0x00000120                __WDTCTL = 0x120
                0x000010f8                __CALDCO_16MHZ = 0x10f8
                0x000010f9                __CALBC1_16MHZ = 0x10f9
                0x000010fa                __CALDCO_12MHZ = 0x10fa
                0x000010fb                __CALBC1_12MHZ = 0x10fb
                0x000010fc                __CALDCO_8MHZ = 0x10fc
                0x000010fd                __CALBC1_8MHZ = 0x10fd
                0x000010fe                __CALDCO_1MHZ = 0x10fe
                0x000010ff                __CALBC1_1MHZ = 0x10ff
                0x000010c0                __TLV_CHECKSUM = 0x10c0
                0x000010f6                __TLV_DCO_30_TAG = 0x10f6
                0x000010f7                __TLV_DCO_30_LEN = 0x10f7
                0x000010da                __TLV_ADC10_1_TAG = 0x10da
                0x000010db                __TLV_ADC10_1_LEN = 0x10db

.hash
 *(.hash)

.dynsym
 *(.dynsym)

.dynstr
 *(.dynstr)

.gnu.version
 *(.gnu.version)

.gnu.version_d
 *(.gnu.version_d)

.gnu.version_r
 *(.gnu.version_r)

.rel.init
 *(.rel.init)

.rela.init
 *(.rela.init)

.rel.fini
 *(.rel.fini)

.rela.fini
 *(.rela.fini)

.rel.text
 *(.rel.text .rel.text.* .rel.gnu.linkonce.t.*)

.rela.text
 *(.rela.text .rela.text.* .rela.gnu.linkonce.t.*)

.rel.rodata
 *(.rel.rodata .rel.rodata.* .rel.gnu.linkonce.r.*)

.rela.rodata
 *(.rela.rodata .rela.rodata.* .rela.gnu.linkonce.r.*)

.rel.data
 *(.rel.data .rel.data.* .rel.gnu.linkonce.d.*)

.rela.data
 *(.rela.data .rela.data.* .rela.gnu.linkonce.d.*)

.rel.bss
 *(.rel.bss .rel.bss.* .rel.gnu.linkonce.b.*)

.rela.bss
 *(.rela.bss .rela.bss.* .rela.gnu.linkonce.b.*)

.rel.ctors
 *(.rel.ctors)

.rela.ctors
 *(.rela.ctors)

.rel.dtors
 *(.rel.dtors)

.rela.dtors
 *(.rela.dtors)

.rel.got
 *(.rel.got)

.rela.got
 *(.rela.got)

.rel.plt
 *(.rel.plt)

.rela.plt
 *(.rela.plt)

.text           0x0000c000     0x1a96
                0x0000c000                . = ALIGN (0x2)
 *(.init .init.*)
 *(.init0)
 .init0         0x0000c000        0x0 c:/programdata/chocolatey/lib/energia/tools/energia-1.8.10e23/hardware/tools/msp430/bin/../lib/gcc/msp430/4.6.3\libcrt0.a(_reset_vector__.o)
                0x0000c000                _reset_vector__
 *(.init1)
 .init1         0x0000c000        0xc c:/programdata/chocolatey/lib/energia/tools/energia-1.8.10e23/hardware/tools/msp430/bin/../lib/gcc/msp430/4.6.3\libcrt0.a(__watchdog_support.o)
                0x0000c000                __watchdog_support
 *(.init2)
 .init2         0x0000c00c        0x4 c:/programdata/chocolatey/lib/energia/tools/energia-1.8.10e23/hardware/tools/msp430/bin/../lib/gcc/msp430/4.6.3\libcrt0.a(__init_stack.o)
                0x0000c00c                __init_stack
 *(.init3)
 .init3         0x0000c010        0x0 c:/programdata/chocolatey/lib/energia/tools/energia-1.8.10e23/hardware/tools/msp430/bin/../lib/gcc/msp430/4.6.3\libcrt0.a(__low_level_init.o)
                0x0000c010                __low_level_init
 *(.init4)
 .init4         0x0000c010       0x18 c:/programdata/chocolatey/lib/energia/tools/energia-1.8.10e23/hardware/tools/msp430/bin/../lib/gcc/msp430/4.6.3\libcrt0.a(_copy_data.o)
                0x0000c010                __do_copy_data
 .init4         0x0000c028       0x16 c:/programdata/chocolatey/lib/energia/tools/energia-1.8.10e23/hardware/tools/msp430/bin/../lib/gcc/msp430/4.6.3\libcrt0.a(_clear_bss.o)
                0x0000c028                __do_clear_bss
 *(.init5)
 *(.init6)
 .init6         0x0000c03e       0x14 c:/programdata/chocolatey/lib/energia/tools/energia-1.8.10e23/hardware/tools/msp430/bin/../lib/gcc/msp430/4.6.3\libcrt0.a(_ctors430.o)
                0x0000c03e                __do_global_ctors
 *(.init7)
 *(.init8)
 *(.init9)
 .init9         0x0000c052       0x1a C:/Users/Apoptosis/workspace_v10/msp430_MSP-EXP430G2553LP_core/Debug\libmsp430_MSP-EXP430G2553LP_core.a(main.o)
                0x0000c052                main
 *(.fini9)
 .fini9         0x0000c06c        0x0 c:/programdata/chocolatey/lib/energia/tools/energia-1.8.10e23/hardware/tools/msp430/bin/../lib/gcc/msp430/4.6.3\libcrt0.a(__stop_progExec__.o)
                0x0000c06c                __stop_progExec__
 *(.fini8)
 *(.fini7)
 *(.fini6)
 *(.fini5)
 *(.fini4)
 *(.fini3)
 *(.fini2)
 *(.fini1)
 *(.fini0)
 .fini0         0x0000c06c        0x6 c:/programdata/chocolatey/lib/energia/tools/energia-1.8.10e23/hardware/tools/msp430/bin/../lib/gcc/msp430/4.6.3\libcrt0.a(_endless_loop__.o)
                0x0000c06c                _endless_loop__
 *(.fini .fini.*)
                0x0000c072                . = ALIGN (0x2)
                0x0000c072                __ctors_start = .
 *(.ctors)
 .ctors         0x0000c072        0x2 C:/Users/Apoptosis/workspace_v10/msp430_MSP-EXP430G2553LP_core/Debug\libmsp430_MSP-EXP430G2553LP_core.a(HardwareSerial.o)
                0x0000c074                __ctors_end = .
                0x0000c074                __dtors_start = .
 *(.dtors)
                0x0000c074                __dtors_end = .
                0x0000c074                . = ALIGN (0x2)
 *(.text .text.* .gnu.linkonce.t.*)
 .text          0x0000c074        0x4 c:/programdata/chocolatey/lib/energia/tools/energia-1.8.10e23/hardware/tools/msp430/bin/../lib/gcc/msp430/4.6.3/crt0ivtbl16.o
                0x0000c074                __isr_14
                0x0000c074                __isr_4
                0x0000c074                __isr_11
                0x0000c074                __isr_2
                0x0000c074                __isr_0
                0x0000c074                __isr_8
                0x0000c074                __isr_3
                0x0000c074                __isr_12
                0x0000c074                __isr_13
                0x0000c074                __isr_9
                0x0000c074                __isr_1
 .text._Z9send_datahhi
                0x0000c078       0x8e ./Sensor_tx.o
                0x0000c078                send_data(unsigned char, unsigned char, int)
 .text.loop     0x0000c106       0x74 ./Sensor_tx.o
                0x0000c106                loop
 .text._Z7tx_inith
                0x0000c17a       0x86 ./Sensor_tx.o
                0x0000c17a                tx_init(unsigned char)
 .text.setup    0x0000c200       0x2c ./Sensor_tx.o
                0x0000c200                setup
 .text._ZN6CC110113rx_fifo_eraseEPh
                0x0000c22c        0xa C:/Users/Apoptosis/workspace_v10/msp430_MSP-EXP430G2553LP_msp430_cc1101_energia_v2/Debug\libmsp430_MSP-EXP430G2553LP_msp430_cc1101_energia_v2.a(CC1101_MSP430.o)
                0x0000c22c                CC1101::rx_fifo_erase(unsigned char*)
 .text._ZN6CC110112rssi_convertEh
                0x0000c236       0x24 C:/Users/Apoptosis/workspace_v10/msp430_MSP-EXP430G2553LP_msp430_cc1101_energia_v2/Debug\libmsp430_MSP-EXP430G2553LP_msp430_cc1101_energia_v2.a(CC1101_MSP430.o)
                0x0000c236                CC1101::rssi_convert(unsigned char)
 .text._ZN6CC11019spi_beginEv
                0x0000c25a       0x4a C:/Users/Apoptosis/workspace_v10/msp430_MSP-EXP430G2553LP_msp430_cc1101_energia_v2/Debug\libmsp430_MSP-EXP430G2553LP_msp430_cc1101_energia_v2.a(CC1101_MSP430.o)
                0x0000c25a                CC1101::spi_begin()
 .text._ZN6CC11017GDO_setEv
                0x0000c2a4       0x1a C:/Users/Apoptosis/workspace_v10/msp430_MSP-EXP430G2553LP_msp430_cc1101_energia_v2/Debug\libmsp430_MSP-EXP430G2553LP_msp430_cc1101_energia_v2.a(CC1101_MSP430.o)
                0x0000c2a4                CC1101::GDO_set()
 .text._ZN6CC11018spi_putcEh
                0x0000c2be       0x1a C:/Users/Apoptosis/workspace_v10/msp430_MSP-EXP430G2553LP_msp430_cc1101_energia_v2/Debug\libmsp430_MSP-EXP430G2553LP_msp430_cc1101_energia_v2.a(CC1101_MSP430.o)
                0x0000c2be                CC1101::spi_putc(unsigned char)
 .text._ZN6CC110116spi_write_strobeEh
                0x0000c2d8       0x1a C:/Users/Apoptosis/workspace_v10/msp430_MSP-EXP430G2553LP_msp430_cc1101_energia_v2/Debug\libmsp430_MSP-EXP430G2553LP_msp430_cc1101_energia_v2.a(CC1101_MSP430.o)
                0x0000c2d8                CC1101::spi_write_strobe(unsigned char)
 .text._ZN6CC11015resetEv
                0x0000c2f2       0x34 C:/Users/Apoptosis/workspace_v10/msp430_MSP-EXP430G2553LP_msp430_cc1101_energia_v2/Debug\libmsp430_MSP-EXP430G2553LP_msp430_cc1101_energia_v2.a(CC1101_MSP430.o)
                0x0000c2f2                CC1101::reset()
 .text._ZN6CC110117spi_read_registerEh
                0x0000c326       0x2e C:/Users/Apoptosis/workspace_v10/msp430_MSP-EXP430G2553LP_msp430_cc1101_energia_v2/Debug\libmsp430_MSP-EXP430G2553LP_msp430_cc1101_energia_v2.a(CC1101_MSP430.o)
                0x0000c326                CC1101::spi_read_register(unsigned char)
 .text._ZN6CC110116packet_availableEv
                0x0000c354       0x3e C:/Users/Apoptosis/workspace_v10/msp430_MSP-EXP430G2553LP_msp430_cc1101_energia_v2/Debug\libmsp430_MSP-EXP430G2553LP_msp430_cc1101_energia_v2.a(CC1101_MSP430.o)
                0x0000c354                CC1101::packet_available()
 .text._ZN6CC11015sidleEv
                0x0000c392       0x2e C:/Users/Apoptosis/workspace_v10/msp430_MSP-EXP430G2553LP_msp430_cc1101_energia_v2/Debug\libmsp430_MSP-EXP430G2553LP_msp430_cc1101_energia_v2.a(CC1101_MSP430.o)
                0x0000c392                CC1101::sidle()
 .text._ZN6CC11017receiveEv
                0x0000c3c0       0x34 C:/Users/Apoptosis/workspace_v10/msp430_MSP-EXP430G2553LP_msp430_cc1101_energia_v2/Debug\libmsp430_MSP-EXP430G2553LP_msp430_cc1101_energia_v2.a(CC1101_MSP430.o)
                0x0000c3c0                CC1101::receive()
 .text._ZN6CC11018transmitEv
                0x0000c3f4       0x32 C:/Users/Apoptosis/workspace_v10/msp430_MSP-EXP430G2553LP_msp430_cc1101_energia_v2/Debug\libmsp430_MSP-EXP430G2553LP_msp430_cc1101_energia_v2.a(CC1101_MSP430.o)
                0x0000c3f4                CC1101::transmit()
 .text._ZN6CC110114spi_read_burstEhPhh
                0x0000c426       0x50 C:/Users/Apoptosis/workspace_v10/msp430_MSP-EXP430G2553LP_msp430_cc1101_energia_v2/Debug\libmsp430_MSP-EXP430G2553LP_msp430_cc1101_energia_v2.a(CC1101_MSP430.o)
                0x0000c426                CC1101::spi_read_burst(unsigned char, unsigned char*, unsigned char)
 .text._ZN6CC110116rx_payload_burstEPhRh
                0x0000c476       0x96 C:/Users/Apoptosis/workspace_v10/msp430_MSP-EXP430G2553LP_msp430_cc1101_energia_v2/Debug\libmsp430_MSP-EXP430G2553LP_msp430_cc1101_energia_v2.a(CC1101_MSP430.o)
                0x0000c476                CC1101::rx_payload_burst(unsigned char*, unsigned char&)
 .text._ZN6CC110118spi_write_registerEhh
                0x0000c50c       0x30 C:/Users/Apoptosis/workspace_v10/msp430_MSP-EXP430G2553LP_msp430_cc1101_energia_v2/Debug\libmsp430_MSP-EXP430G2553LP_msp430_cc1101_energia_v2.a(CC1101_MSP430.o)
                0x0000c50c                CC1101::spi_write_register(unsigned char, unsigned char)
 .text._ZN6CC110122set_output_power_levelEa
                0x0000c53c       0x62 C:/Users/Apoptosis/workspace_v10/msp430_MSP-EXP430G2553LP_msp430_cc1101_energia_v2/Debug\libmsp430_MSP-EXP430G2553LP_msp430_cc1101_energia_v2.a(CC1101_MSP430.o)
                0x0000c53c                CC1101::set_output_power_level(signed char)
 .text._ZN6CC110111set_channelEh
                0x0000c59e        0xc C:/Users/Apoptosis/workspace_v10/msp430_MSP-EXP430G2553LP_msp430_cc1101_energia_v2/Debug\libmsp430_MSP-EXP430G2553LP_msp430_cc1101_energia_v2.a(CC1101_MSP430.o)
                0x0000c59e                CC1101::set_channel(unsigned char)
 .text._ZN6CC110110set_myaddrEh
                0x0000c5aa        0xc C:/Users/Apoptosis/workspace_v10/msp430_MSP-EXP430G2553LP_msp430_cc1101_energia_v2/Debug\libmsp430_MSP-EXP430G2553LP_msp430_cc1101_energia_v2.a(CC1101_MSP430.o)
                0x0000c5aa                CC1101::set_myaddr(unsigned char)
 .text._ZN6CC110115spi_write_burstEhPhh
                0x0000c5b6       0x4a C:/Users/Apoptosis/workspace_v10/msp430_MSP-EXP430G2553LP_msp430_cc1101_energia_v2/Debug\libmsp430_MSP-EXP430G2553LP_msp430_cc1101_energia_v2.a(CC1101_MSP430.o)
                0x0000c5b6                CC1101::spi_write_burst(unsigned char, unsigned char*, unsigned char)
 .text._ZN6CC11017set_ISMEh
                0x0000c600       0xf8 C:/Users/Apoptosis/workspace_v10/msp430_MSP-EXP430G2553LP_msp430_cc1101_energia_v2/Debug\libmsp430_MSP-EXP430G2553LP_msp430_cc1101_energia_v2.a(CC1101_MSP430.o)
                0x0000c600                CC1101::set_ISM(unsigned char)
 .text._ZN6CC11018set_modeEh
                0x0000c6f8       0x56 C:/Users/Apoptosis/workspace_v10/msp430_MSP-EXP430G2553LP_msp430_cc1101_energia_v2/Debug\libmsp430_MSP-EXP430G2553LP_msp430_cc1101_energia_v2.a(CC1101_MSP430.o)
                0x0000c6f8                CC1101::set_mode(unsigned char)
 .text._ZN6CC110118uart_puthex_nibbleEh
                0x0000c74e       0x1e C:/Users/Apoptosis/workspace_v10/msp430_MSP-EXP430G2553LP_msp430_cc1101_energia_v2/Debug\libmsp430_MSP-EXP430G2553LP_msp430_cc1101_energia_v2.a(CC1101_MSP430.o)
                0x0000c74e                CC1101::uart_puthex_nibble(unsigned char)
 .text._ZN6CC110116uart_puthex_byteEh
                0x0000c76c       0x26 C:/Users/Apoptosis/workspace_v10/msp430_MSP-EXP430G2553LP_msp430_cc1101_energia_v2/Debug\libmsp430_MSP-EXP430G2553LP_msp430_cc1101_energia_v2.a(CC1101_MSP430.o)
                0x0000c76c                CC1101::uart_puthex_byte(unsigned char)
 .text._ZN6CC110116tx_payload_burstEhhPhh
                0x0000c792       0x7c C:/Users/Apoptosis/workspace_v10/msp430_MSP-EXP430G2553LP_msp430_cc1101_energia_v2/Debug\libmsp430_MSP-EXP430G2553LP_msp430_cc1101_energia_v2.a(CC1101_MSP430.o)
                0x0000c792                CC1101::tx_payload_burst(unsigned char, unsigned char, unsigned char*, unsigned char)
 .text._ZN6CC110122show_register_settingsEv
                0x0000c80e      0x130 C:/Users/Apoptosis/workspace_v10/msp430_MSP-EXP430G2553LP_msp430_cc1101_energia_v2/Debug\libmsp430_MSP-EXP430G2553LP_msp430_cc1101_energia_v2.a(CC1101_MSP430.o)
                0x0000c80e                CC1101::show_register_settings()
 .text._ZN6CC11015beginERVh
                0x0000c93e      0x19c C:/Users/Apoptosis/workspace_v10/msp430_MSP-EXP430G2553LP_msp430_cc1101_energia_v2/Debug\libmsp430_MSP-EXP430G2553LP_msp430_cc1101_energia_v2.a(CC1101_MSP430.o)
                0x0000c93e                CC1101::begin(unsigned char volatile&)
 .text._ZN6CC11019uart_putiEi
                0x0000cada       0x20 C:/Users/Apoptosis/workspace_v10/msp430_MSP-EXP430G2553LP_msp430_cc1101_energia_v2/Debug\libmsp430_MSP-EXP430G2553LP_msp430_cc1101_energia_v2.a(CC1101_MSP430.o)
                0x0000cada                CC1101::uart_puti(int)
 .text._ZN6CC110117check_acknowledgeEPhhhh
                0x0000cafa      0x198 C:/Users/Apoptosis/workspace_v10/msp430_MSP-EXP430G2553LP_msp430_cc1101_energia_v2/Debug\libmsp430_MSP-EXP430G2553LP_msp430_cc1101_energia_v2.a(CC1101_MSP430.o)
                0x0000cafa                CC1101::check_acknowledge(unsigned char*, unsigned char, unsigned char, unsigned char)
 .text._ZN6CC110111send_packetEhhPhhh
                0x0000cc92      0x100 C:/Users/Apoptosis/workspace_v10/msp430_MSP-EXP430G2553LP_msp430_cc1101_energia_v2/Debug\libmsp430_MSP-EXP430G2553LP_msp430_cc1101_energia_v2.a(CC1101_MSP430.o)
                0x0000cc92                CC1101::send_packet(unsigned char, unsigned char, unsigned char*, unsigned char, unsigned char)
 .text.ltoa     0x0000cd92       0xde C:/Users/Apoptosis/workspace_v10/msp430_MSP-EXP430G2553LP_core/Debug\libmsp430_MSP-EXP430G2553LP_core.a(itoa.o)
                0x0000cd92                ltoa
 .text.itoa     0x0000ce70       0x1a C:/Users/Apoptosis/workspace_v10/msp430_MSP-EXP430G2553LP_core/Debug\libmsp430_MSP-EXP430G2553LP_core.a(itoa.o)
                0x0000ce70                itoa
 .text.enableXtal
                0x0000ce8a       0x42 C:/Users/Apoptosis/workspace_v10/msp430_MSP-EXP430G2553LP_core/Debug\libmsp430_MSP-EXP430G2553LP_core.a(wiring.o)
                0x0000ce8a                enableXtal
 .text.enableWatchDogIntervalMode
                0x0000cecc        0xc C:/Users/Apoptosis/workspace_v10/msp430_MSP-EXP430G2553LP_core/Debug\libmsp430_MSP-EXP430G2553LP_core.a(wiring.o)
                0x0000cecc                enableWatchDogIntervalMode
 .text.initClocks
                0x0000ced8       0x12 C:/Users/Apoptosis/workspace_v10/msp430_MSP-EXP430G2553LP_core/Debug\libmsp430_MSP-EXP430G2553LP_core.a(wiring.o)
                0x0000ced8                initClocks
 .text.init     0x0000ceea       0x12 C:/Users/Apoptosis/workspace_v10/msp430_MSP-EXP430G2553LP_core/Debug\libmsp430_MSP-EXP430G2553LP_core.a(wiring.o)
                0x0000ceea                init
 .text.micros   0x0000cefc       0x24 C:/Users/Apoptosis/workspace_v10/msp430_MSP-EXP430G2553LP_core/Debug\libmsp430_MSP-EXP430G2553LP_core.a(wiring.o)
                0x0000cefc                micros
 .text.delayMicroseconds
                0x0000cf20       0x12 C:/Users/Apoptosis/workspace_v10/msp430_MSP-EXP430G2553LP_core/Debug\libmsp430_MSP-EXP430G2553LP_core.a(wiring.o)
                0x0000cf20                delayMicroseconds
 .text.delay    0x0000cf32       0x48 C:/Users/Apoptosis/workspace_v10/msp430_MSP-EXP430G2553LP_core/Debug\libmsp430_MSP-EXP430G2553LP_core.a(wiring.o)
                0x0000cf32                delay
 .text.watchdog_isr
                0x0000cf7a       0x82 C:/Users/Apoptosis/workspace_v10/msp430_MSP-EXP430G2553LP_core/Debug\libmsp430_MSP-EXP430G2553LP_core.a(wiring.o)
                0x0000cf7a                __isr_10
                0x0000cf7a                watchdog_isr
 .text.analogRead
                0x0000cffc       0xe4 C:/Users/Apoptosis/workspace_v10/msp430_MSP-EXP430G2553LP_core/Debug\libmsp430_MSP-EXP430G2553LP_core.a(wiring_analog.o)
                0x0000cffc                analogRead
 .text.ADC10_ISR
                0x0000d0e0        0x8 C:/Users/Apoptosis/workspace_v10/msp430_MSP-EXP430G2553LP_core/Debug\libmsp430_MSP-EXP430G2553LP_core.a(wiring_analog.o)
                0x0000d0e0                __isr_5
                0x0000d0e0                ADC10_ISR
 .text.pinMode  0x0000d0e8       0x7a C:/Users/Apoptosis/workspace_v10/msp430_MSP-EXP430G2553LP_core/Debug\libmsp430_MSP-EXP430G2553LP_core.a(wiring_digital.o)
                0x0000d0e8                pinMode
 .text.pinMode_int
                0x0000d162       0xa4 C:/Users/Apoptosis/workspace_v10/msp430_MSP-EXP430G2553LP_core/Debug\libmsp430_MSP-EXP430G2553LP_core.a(wiring_digital.o)
                0x0000d162                pinMode_int
 .text._ZN14HardwareSerial9availableEv
                0x0000d206       0x12 C:/Users/Apoptosis/workspace_v10/msp430_MSP-EXP430G2553LP_core/Debug\libmsp430_MSP-EXP430G2553LP_core.a(HardwareSerial.o)
                0x0000d206                HardwareSerial::available()
 .text._ZN14HardwareSerial4peekEv
                0x0000d218       0x1e C:/Users/Apoptosis/workspace_v10/msp430_MSP-EXP430G2553LP_core/Debug\libmsp430_MSP-EXP430G2553LP_core.a(HardwareSerial.o)
                0x0000d218                HardwareSerial::peek()
 .text._ZN14HardwareSerial4readEv
                0x0000d236       0x2c C:/Users/Apoptosis/workspace_v10/msp430_MSP-EXP430G2553LP_core/Debug\libmsp430_MSP-EXP430G2553LP_core.a(HardwareSerial.o)
                0x0000d236                HardwareSerial::read()
 .text._ZN14HardwareSerial5flushEv
                0x0000d262       0x12 C:/Users/Apoptosis/workspace_v10/msp430_MSP-EXP430G2553LP_core/Debug\libmsp430_MSP-EXP430G2553LP_core.a(HardwareSerial.o)
                0x0000d262                HardwareSerial::flush()
 .text._ZN14HardwareSerial5writeEh
                0x0000d274       0x3c C:/Users/Apoptosis/workspace_v10/msp430_MSP-EXP430G2553LP_core/Debug\libmsp430_MSP-EXP430G2553LP_core.a(HardwareSerial.o)
                0x0000d274                HardwareSerial::write(unsigned char)
 .text._Z11serialEventv
                0x0000d2b0        0x2 C:/Users/Apoptosis/workspace_v10/msp430_MSP-EXP430G2553LP_core/Debug\libmsp430_MSP-EXP430G2553LP_core.a(HardwareSerial.o)
                0x0000d2b0                serialEvent()
 .text._Z14serialEventRunv
                0x0000d2b2       0x12 C:/Users/Apoptosis/workspace_v10/msp430_MSP-EXP430G2553LP_core/Debug\libmsp430_MSP-EXP430G2553LP_core.a(HardwareSerial.o)
                0x0000d2b2                serialEventRun()
 .text._ZN14HardwareSerial5beginEmh
                0x0000d2c4      0x146 C:/Users/Apoptosis/workspace_v10/msp430_MSP-EXP430G2553LP_core/Debug\libmsp430_MSP-EXP430G2553LP_core.a(HardwareSerial.o)
                0x0000d2c4                HardwareSerial::begin(unsigned long, unsigned char)
 .text.uart_rx_isr
                0x0000d40a       0x26 C:/Users/Apoptosis/workspace_v10/msp430_MSP-EXP430G2553LP_core/Debug\libmsp430_MSP-EXP430G2553LP_core.a(HardwareSerial.o)
                0x0000d40a                uart_rx_isr
 .text.uart_tx_isr
                0x0000d430       0x38 C:/Users/Apoptosis/workspace_v10/msp430_MSP-EXP430G2553LP_core/Debug\libmsp430_MSP-EXP430G2553LP_core.a(HardwareSerial.o)
                0x0000d430                uart_tx_isr
 .text.startup._GLOBAL__sub_I_rx_buffer
                0x0000d468       0x44 C:/Users/Apoptosis/workspace_v10/msp430_MSP-EXP430G2553LP_core/Debug\libmsp430_MSP-EXP430G2553LP_core.a(HardwareSerial.o)
 .text._ZN5Print5writeEPKhj
                0x0000d4ac       0x2e C:/Users/Apoptosis/workspace_v10/msp430_MSP-EXP430G2553LP_core/Debug\libmsp430_MSP-EXP430G2553LP_core.a(Print.o)
                0x0000d4ac                Print::write(unsigned char const*, unsigned int)
 .text._ZN5Print5printERK6String
                0x0000d4da       0x3e C:/Users/Apoptosis/workspace_v10/msp430_MSP-EXP430G2553LP_core/Debug\libmsp430_MSP-EXP430G2553LP_core.a(Print.o)
                0x0000d4da                Print::print(String const&)
 .text._ZN5Print5printEPKc
                0x0000d518       0x16 C:/Users/Apoptosis/workspace_v10/msp430_MSP-EXP430G2553LP_core/Debug\libmsp430_MSP-EXP430G2553LP_core.a(Print.o)
                0x0000d518                Print::print(char const*)
 .text._ZN5Print5printEc
                0x0000d52e        0x6 C:/Users/Apoptosis/workspace_v10/msp430_MSP-EXP430G2553LP_core/Debug\libmsp430_MSP-EXP430G2553LP_core.a(Print.o)
                0x0000d52e                Print::print(char)
 .text._ZN5Print7printlnEv
                0x0000d534       0x22 C:/Users/Apoptosis/workspace_v10/msp430_MSP-EXP430G2553LP_core/Debug\libmsp430_MSP-EXP430G2553LP_core.a(Print.o)
                0x0000d534                Print::println()
 .text._ZN5Print7printlnERK6String
                0x0000d556       0x1a C:/Users/Apoptosis/workspace_v10/msp430_MSP-EXP430G2553LP_core/Debug\libmsp430_MSP-EXP430G2553LP_core.a(Print.o)
                0x0000d556                Print::println(String const&)
 .text._ZN5Print7printlnEPKc
                0x0000d570       0x1a C:/Users/Apoptosis/workspace_v10/msp430_MSP-EXP430G2553LP_core/Debug\libmsp430_MSP-EXP430G2553LP_core.a(Print.o)
                0x0000d570                Print::println(char const*)
 .text._ZN5Print11printNumberEmh
                0x0000d58a       0x98 C:/Users/Apoptosis/workspace_v10/msp430_MSP-EXP430G2553LP_core/Debug\libmsp430_MSP-EXP430G2553LP_core.a(Print.o)
                0x0000d58a                Print::printNumber(unsigned long, unsigned char)
 .text._ZN5Print5printEmi
                0x0000d622       0x1e C:/Users/Apoptosis/workspace_v10/msp430_MSP-EXP430G2553LP_core/Debug\libmsp430_MSP-EXP430G2553LP_core.a(Print.o)
                0x0000d622                Print::print(unsigned long, int)
 .text._ZN5Print5printEji
                0x0000d640        0xc C:/Users/Apoptosis/workspace_v10/msp430_MSP-EXP430G2553LP_core/Debug\libmsp430_MSP-EXP430G2553LP_core.a(Print.o)
                0x0000d640                Print::print(unsigned int, int)
 .text._ZN5Print7printlnEji
                0x0000d64c       0x1a C:/Users/Apoptosis/workspace_v10/msp430_MSP-EXP430G2553LP_core/Debug\libmsp430_MSP-EXP430G2553LP_core.a(Print.o)
                0x0000d64c                Print::println(unsigned int, int)
 .text._ZN5Print5printEhi
                0x0000d666        0xc C:/Users/Apoptosis/workspace_v10/msp430_MSP-EXP430G2553LP_core/Debug\libmsp430_MSP-EXP430G2553LP_core.a(Print.o)
                0x0000d666                Print::print(unsigned char, int)
 .text._ZN5Print7printlnEhi
                0x0000d672       0x1a C:/Users/Apoptosis/workspace_v10/msp430_MSP-EXP430G2553LP_core/Debug\libmsp430_MSP-EXP430G2553LP_core.a(Print.o)
                0x0000d672                Print::println(unsigned char, int)
 .text._ZN5Print5printEli
                0x0000d68c       0x64 C:/Users/Apoptosis/workspace_v10/msp430_MSP-EXP430G2553LP_core/Debug\libmsp430_MSP-EXP430G2553LP_core.a(Print.o)
                0x0000d68c                Print::print(long, int)
 .text._ZN5Print5printEii
                0x0000d6f0       0x18 C:/Users/Apoptosis/workspace_v10/msp430_MSP-EXP430G2553LP_core/Debug\libmsp430_MSP-EXP430G2553LP_core.a(Print.o)
                0x0000d6f0                Print::print(int, int)
 .text._ZN5Print7printlnEii
                0x0000d708       0x1a C:/Users/Apoptosis/workspace_v10/msp430_MSP-EXP430G2553LP_core/Debug\libmsp430_MSP-EXP430G2553LP_core.a(Print.o)
                0x0000d708                Print::println(int, int)
 .text._ZN6StringD2Ev
                0x0000d722        0x8 C:/Users/Apoptosis/workspace_v10/msp430_MSP-EXP430G2553LP_core/Debug\libmsp430_MSP-EXP430G2553LP_core.a(WString.o)
                0x0000d722                String::~String()
                0x0000d722                String::~String()
 .text._ZN6String10invalidateEv
                0x0000d72a       0x1e C:/Users/Apoptosis/workspace_v10/msp430_MSP-EXP430G2553LP_core/Debug\libmsp430_MSP-EXP430G2553LP_core.a(WString.o)
                0x0000d72a                String::invalidate()
 .text._ZN6String12changeBufferEj
                0x0000d748       0x3e C:/Users/Apoptosis/workspace_v10/msp430_MSP-EXP430G2553LP_core/Debug\libmsp430_MSP-EXP430G2553LP_core.a(WString.o)
                0x0000d748                String::changeBuffer(unsigned int)
 .text._ZN6String7reserveEj
                0x0000d786       0x32 C:/Users/Apoptosis/workspace_v10/msp430_MSP-EXP430G2553LP_core/Debug\libmsp430_MSP-EXP430G2553LP_core.a(WString.o)
                0x0000d786                String::reserve(unsigned int)
 .text._ZN6String4copyEPK19__FlashStringHelperj
                0x0000d7b8       0x34 C:/Users/Apoptosis/workspace_v10/msp430_MSP-EXP430G2553LP_core/Debug\libmsp430_MSP-EXP430G2553LP_core.a(WString.o)
                0x0000d7b8                String::copy(__FlashStringHelper const*, unsigned int)
 .text._ZN6StringaSEPK19__FlashStringHelper
                0x0000d7ec       0x28 C:/Users/Apoptosis/workspace_v10/msp430_MSP-EXP430G2553LP_core/Debug\libmsp430_MSP-EXP430G2553LP_core.a(WString.o)
                0x0000d7ec                String::operator=(__FlashStringHelper const*)
 .text._ZN6StringC2EPK19__FlashStringHelper
                0x0000d814       0x12 C:/Users/Apoptosis/workspace_v10/msp430_MSP-EXP430G2553LP_core/Debug\libmsp430_MSP-EXP430G2553LP_core.a(WString.o)
                0x0000d814                String::String(__FlashStringHelper const*)
                0x0000d814                String::String(__FlashStringHelper const*)
 .text._ZNK6StringixEj
                0x0000d826       0x1a C:/Users/Apoptosis/workspace_v10/msp430_MSP-EXP430G2553LP_core/Debug\libmsp430_MSP-EXP430G2553LP_core.a(WString.o)
                0x0000d826                String::operator[](unsigned int) const
 .text.usci_isr_install
                0x0000d840        0x2 C:/Users/Apoptosis/workspace_v10/msp430_MSP-EXP430G2553LP_core/Debug\libmsp430_MSP-EXP430G2553LP_core.a(usci_isr_handler.o)
                0x0000d840                usci_isr_install
 .text.i2c_state_isr
                0x0000d842        0x4 C:/Users/Apoptosis/workspace_v10/msp430_MSP-EXP430G2553LP_core/Debug\libmsp430_MSP-EXP430G2553LP_core.a(usci_isr_handler.o)
                0x0000d842                i2c_state_isr
 .text.i2c_txrx_isr
                0x0000d846        0x4 C:/Users/Apoptosis/workspace_v10/msp430_MSP-EXP430G2553LP_core/Debug\libmsp430_MSP-EXP430G2553LP_core.a(usci_isr_handler.o)
                0x0000d846                i2c_txrx_isr
 .text.USCIAB0TX_ISR
                0x0000d84a       0x5a C:/Users/Apoptosis/workspace_v10/msp430_MSP-EXP430G2553LP_core/Debug\libmsp430_MSP-EXP430G2553LP_core.a(usci_isr_handler.o)
                0x0000d84a                USCIAB0TX_ISR
                0x0000d84a                __isr_6
 .text.USCIAB0RX_ISR
                0x0000d8a4       0x4c C:/Users/Apoptosis/workspace_v10/msp430_MSP-EXP430G2553LP_core/Debug\libmsp430_MSP-EXP430G2553LP_core.a(usci_isr_handler.o)
                0x0000d8a4                USCIAB0RX_ISR
                0x0000d8a4                __isr_7
 .text.libgcc   0x0000d8f0       0x16 c:/programdata/chocolatey/lib/energia/tools/energia-1.8.10e23/hardware/tools/msp430/bin/../lib/gcc/msp430/4.6.3\libgcc.a(_mulqi3.o)
                0x0000d8f0                __mulqi3
 .text.libgcc   0x0000d906       0x40 c:/programdata/chocolatey/lib/energia/tools/energia-1.8.10e23/hardware/tools/msp430/bin/../lib/gcc/msp430/4.6.3\libgcc.a(_udivmod32.o)
                0x0000d906                __ext_udivmod32
                0x0000d906                __udivsi3
                0x0000d93c                __umodsi3
 .text          0x0000d946       0x14 c:/programdata/chocolatey/lib/energia/tools/energia-1.8.10e23/hardware/tools/msp430/bin/../lib/gcc/msp430/4.6.3/../../../../msp430/lib\libc.a(strcpy.o)
                0x0000d946                strcpy
 .text          0x0000d95a       0x2a c:/programdata/chocolatey/lib/energia/tools/energia-1.8.10e23/hardware/tools/msp430/bin/../lib/gcc/msp430/4.6.3/../../../../msp430/lib\libc.a(strncpy.o)
                0x0000d95a                strncpy
 .text          0x0000d984      0x110 c:/programdata/chocolatey/lib/energia/tools/energia-1.8.10e23/hardware/tools/msp430/bin/../lib/gcc/msp430/4.6.3/../../../../msp430/lib\libc.a(malloc.o)
                0x0000d984                malloc
                0x0000da8c                free
 .text.crt0     0x0000da94        0x2 c:/programdata/chocolatey/lib/energia/tools/energia-1.8.10e23/hardware/tools/msp430/bin/../lib/gcc/msp430/4.6.3\libcrt0.a(_unexpected_.o)
                0x0000da94                _unexpected_
                0x0000da96                . = ALIGN (0x2)

.rodata         0x0000da96      0x2fe
                0x0000da96                . = ALIGN (0x2)
 *(.rodata .rodata.* .gnu.linkonce.r.*)
 .rodata._Z9send_datahhi
                0x0000da96        0xe ./Sensor_tx.o
 .rodata.loop   0x0000daa4        0x8 ./Sensor_tx.o
 .rodata._Z7tx_inith
                0x0000daac       0x1a ./Sensor_tx.o
 .rodata._ZN6CC110116packet_availableEv
                0x0000dac6        0x7 C:/Users/Apoptosis/workspace_v10/msp430_MSP-EXP430G2553LP_msp430_cc1101_energia_v2/Debug\libmsp430_MSP-EXP430G2553LP_msp430_cc1101_energia_v2.a(CC1101_MSP430.o)
 .rodata._ZN6CC110116rx_payload_burstEPhRh
                0x0000dacd       0x28 C:/Users/Apoptosis/workspace_v10/msp430_MSP-EXP430G2553LP_msp430_cc1101_energia_v2/Debug\libmsp430_MSP-EXP430G2553LP_msp430_cc1101_energia_v2.a(CC1101_MSP430.o)
 *fill*         0x0000daf5        0x1 00
 .rodata._ZN6CC11018set_modeEh
                0x0000daf6        0xc C:/Users/Apoptosis/workspace_v10/msp430_MSP-EXP430G2553LP_msp430_cc1101_energia_v2/Debug\libmsp430_MSP-EXP430G2553LP_msp430_cc1101_energia_v2.a(CC1101_MSP430.o)
 .rodata._ZN6CC110116tx_payload_burstEhhPhh
                0x0000db02        0x9 C:/Users/Apoptosis/workspace_v10/msp430_MSP-EXP430G2553LP_msp430_cc1101_energia_v2/Debug\libmsp430_MSP-EXP430G2553LP_msp430_cc1101_energia_v2.a(CC1101_MSP430.o)
 .rodata._ZN6CC110122show_register_settingsEv
                0x0000db0b       0x14 C:/Users/Apoptosis/workspace_v10/msp430_MSP-EXP430G2553LP_msp430_cc1101_energia_v2/Debug\libmsp430_MSP-EXP430G2553LP_msp430_cc1101_energia_v2.a(CC1101_MSP430.o)
 .rodata._ZN6CC11015beginERVh
                0x0000db1f       0x3d C:/Users/Apoptosis/workspace_v10/msp430_MSP-EXP430G2553LP_msp430_cc1101_energia_v2/Debug\libmsp430_MSP-EXP430G2553LP_msp430_cc1101_energia_v2.a(CC1101_MSP430.o)
 .rodata._ZN6CC110117check_acknowledgeEPhhhh
                0x0000db5c       0x24 C:/Users/Apoptosis/workspace_v10/msp430_MSP-EXP430G2553LP_msp430_cc1101_energia_v2/Debug\libmsp430_MSP-EXP430G2553LP_msp430_cc1101_energia_v2.a(CC1101_MSP430.o)
 .rodata._ZN6CC110111send_packetEhhPhhh
                0x0000db80       0x23 C:/Users/Apoptosis/workspace_v10/msp430_MSP-EXP430G2553LP_msp430_cc1101_energia_v2/Debug\libmsp430_MSP-EXP430G2553LP_msp430_cc1101_energia_v2.a(CC1101_MSP430.o)
 .rodata._ZL18CC1101_GFSK_1_2_kb
                0x0000dba3       0x2f C:/Users/Apoptosis/workspace_v10/msp430_MSP-EXP430G2553LP_msp430_cc1101_energia_v2/Debug\libmsp430_MSP-EXP430G2553LP_msp430_cc1101_energia_v2.a(CC1101_MSP430.o)
 .rodata._ZL19CC1101_GFSK_38_4_kb
                0x0000dbd2       0x2f C:/Users/Apoptosis/workspace_v10/msp430_MSP-EXP430G2553LP_msp430_cc1101_energia_v2/Debug\libmsp430_MSP-EXP430G2553LP_msp430_cc1101_energia_v2.a(CC1101_MSP430.o)
 .rodata._ZL18CC1101_GFSK_100_kb
                0x0000dc01       0x2f C:/Users/Apoptosis/workspace_v10/msp430_MSP-EXP430G2553LP_msp430_cc1101_energia_v2/Debug\libmsp430_MSP-EXP430G2553LP_msp430_cc1101_energia_v2.a(CC1101_MSP430.o)
 .rodata._ZL17CC1101_MSK_250_kb
                0x0000dc30       0x2f C:/Users/Apoptosis/workspace_v10/msp430_MSP-EXP430G2553LP_msp430_cc1101_energia_v2/Debug\libmsp430_MSP-EXP430G2553LP_msp430_cc1101_energia_v2.a(CC1101_MSP430.o)
 .rodata._ZL17CC1101_MSK_500_kb
                0x0000dc5f       0x2f C:/Users/Apoptosis/workspace_v10/msp430_MSP-EXP430G2553LP_msp430_cc1101_energia_v2/Debug\libmsp430_MSP-EXP430G2553LP_msp430_cc1101_energia_v2.a(CC1101_MSP430.o)
 .rodata._ZL17CC1101_OOK_4_8_kb
                0x0000dc8e       0x2f C:/Users/Apoptosis/workspace_v10/msp430_MSP-EXP430G2553LP_msp430_cc1101_energia_v2/Debug\libmsp430_MSP-EXP430G2553LP_msp430_cc1101_energia_v2.a(CC1101_MSP430.o)
 .rodata._ZL17patable_power_315
                0x0000dcbd        0x8 C:/Users/Apoptosis/workspace_v10/msp430_MSP-EXP430G2553LP_msp430_cc1101_energia_v2/Debug\libmsp430_MSP-EXP430G2553LP_msp430_cc1101_energia_v2.a(CC1101_MSP430.o)
 .rodata._ZL17patable_power_433
                0x0000dcc5        0x8 C:/Users/Apoptosis/workspace_v10/msp430_MSP-EXP430G2553LP_msp430_cc1101_energia_v2/Debug\libmsp430_MSP-EXP430G2553LP_msp430_cc1101_energia_v2.a(CC1101_MSP430.o)
 .rodata._ZL17patable_power_868
                0x0000dccd        0x8 C:/Users/Apoptosis/workspace_v10/msp430_MSP-EXP430G2553LP_msp430_cc1101_energia_v2/Debug\libmsp430_MSP-EXP430G2553LP_msp430_cc1101_energia_v2.a(CC1101_MSP430.o)
 .rodata._ZL17patable_power_915
                0x0000dcd5        0x8 C:/Users/Apoptosis/workspace_v10/msp430_MSP-EXP430G2553LP_msp430_cc1101_energia_v2/Debug\libmsp430_MSP-EXP430G2553LP_msp430_cc1101_energia_v2.a(CC1101_MSP430.o)
 *fill*         0x0000dcdd        0x1 00
 .rodata.digital_pin_to_analog_in
                0x0000dcde       0x54 C:/Users/Apoptosis/workspace_v10/msp430_MSP-EXP430G2553LP_core/Debug\libmsp430_MSP-EXP430G2553LP_core.a(wiring_digital.o)
                0x0000dcde                digital_pin_to_analog_in
 .rodata.digital_pin_to_bit_mask
                0x0000dd32       0x15 C:/Users/Apoptosis/workspace_v10/msp430_MSP-EXP430G2553LP_core/Debug\libmsp430_MSP-EXP430G2553LP_core.a(wiring_digital.o)
                0x0000dd32                digital_pin_to_bit_mask
 .rodata.digital_pin_to_port
                0x0000dd47       0x15 C:/Users/Apoptosis/workspace_v10/msp430_MSP-EXP430G2553LP_core/Debug\libmsp430_MSP-EXP430G2553LP_core.a(wiring_digital.o)
                0x0000dd47                digital_pin_to_port
 .rodata.port_to_sel2
                0x0000dd5c        0x8 C:/Users/Apoptosis/workspace_v10/msp430_MSP-EXP430G2553LP_core/Debug\libmsp430_MSP-EXP430G2553LP_core.a(wiring_digital.o)
                0x0000dd5c                port_to_sel2
 .rodata.port_to_sel0
                0x0000dd64        0x8 C:/Users/Apoptosis/workspace_v10/msp430_MSP-EXP430G2553LP_core/Debug\libmsp430_MSP-EXP430G2553LP_core.a(wiring_digital.o)
                0x0000dd64                port_to_sel0
 .rodata.port_to_ren
                0x0000dd6c        0x8 C:/Users/Apoptosis/workspace_v10/msp430_MSP-EXP430G2553LP_core/Debug\libmsp430_MSP-EXP430G2553LP_core.a(wiring_digital.o)
                0x0000dd6c                port_to_ren
 .rodata.port_to_dir
                0x0000dd74        0x8 C:/Users/Apoptosis/workspace_v10/msp430_MSP-EXP430G2553LP_core/Debug\libmsp430_MSP-EXP430G2553LP_core.a(wiring_digital.o)
                0x0000dd74                port_to_dir
 .rodata.port_to_output
                0x0000dd7c        0x8 C:/Users/Apoptosis/workspace_v10/msp430_MSP-EXP430G2553LP_core/Debug\libmsp430_MSP-EXP430G2553LP_core.a(wiring_digital.o)
                0x0000dd7c                port_to_output
 .rodata._ZTV14HardwareSerial
                0x0000dd84       0x10 C:/Users/Apoptosis/workspace_v10/msp430_MSP-EXP430G2553LP_core/Debug\libmsp430_MSP-EXP430G2553LP_core.a(HardwareSerial.o)
                0x0000dd84                vtable for HardwareSerial
                0x0000dd94                . = ALIGN (0x2)
                0x0000dd94                _etext = .

.data           0x00000200        0x6 load address 0x0000dd94
                0x00000200                . = ALIGN (0x2)
                0x00000200                PROVIDE (__data_start, .)
 *(.data .data.* .gnu.linkonce.d.*)
 .data.posPin   0x00000200        0x2 ./Sensor_tx.o
                0x00000200                posPin
 .data.ack_reties
                0x00000202        0x2 ./Sensor_tx.o
                0x00000202                ack_reties
 .data._readResolution
                0x00000204        0x2 C:/Users/Apoptosis/workspace_v10/msp430_MSP-EXP430G2553LP_core/Debug\libmsp430_MSP-EXP430G2553LP_core.a(wiring_analog.o)
                0x00000206                . = ALIGN (0x2)
                0x00000206                _edata = .
                0x0000dd94                PROVIDE (__data_load_start, LOADADDR (.data))
                0x00000006                PROVIDE (__data_size, SIZEOF (.data))

.bss            0x00000206       0xa2 load address 0x0000dd9a
                0x00000206                PROVIDE (__bss_start, .)
 *(.bss .bss.*)
 .bss.posValue  0x00000206        0x2 ./Sensor_tx.o
                0x00000206                posValue
 .bss.RF        0x00000208        0x2 ./Sensor_tx.o
                0x00000208                RF
 .bss.Pktlen    0x0000020a        0x1 ./Sensor_tx.o
                0x0000020a                Pktlen
 .bss.Rx_addr   0x0000020b        0x1 ./Sensor_tx.o
                0x0000020b                Rx_addr
 .bss.My_addr   0x0000020c        0x1 ./Sensor_tx.o
                0x0000020c                My_addr
 .bss.Tx_fifo   0x0000020d       0x42 ./Sensor_tx.o
                0x0000020d                Tx_fifo
 *fill*         0x0000024f        0x1 00
 .bss.vlo_freq  0x00000250        0x2 C:/Users/Apoptosis/workspace_v10/msp430_MSP-EXP430G2553LP_core/Debug\libmsp430_MSP-EXP430G2553LP_core.a(wiring.o)
                0x00000250                vlo_freq
 .bss.stay_asleep
                0x00000252        0x1 C:/Users/Apoptosis/workspace_v10/msp430_MSP-EXP430G2553LP_core/Debug\libmsp430_MSP-EXP430G2553LP_core.a(wiring.o)
                0x00000252                stay_asleep
 .bss.sleeping  0x00000253        0x1 C:/Users/Apoptosis/workspace_v10/msp430_MSP-EXP430G2553LP_core/Debug\libmsp430_MSP-EXP430G2553LP_core.a(wiring.o)
                0x00000253                sleeping
 .bss.wdt_fract
                0x00000254        0x2 C:/Users/Apoptosis/workspace_v10/msp430_MSP-EXP430G2553LP_core/Debug\libmsp430_MSP-EXP430G2553LP_core.a(wiring.o)
                0x00000254                wdt_fract
 .bss.wdt_millis
                0x00000256        0x4 C:/Users/Apoptosis/workspace_v10/msp430_MSP-EXP430G2553LP_core/Debug\libmsp430_MSP-EXP430G2553LP_core.a(wiring.o)
                0x00000256                wdt_millis
 .bss.wdt_overflow_count
                0x0000025a        0x4 C:/Users/Apoptosis/workspace_v10/msp430_MSP-EXP430G2553LP_core/Debug\libmsp430_MSP-EXP430G2553LP_core.a(wiring.o)
                0x0000025a                wdt_overflow_count
 .bss.analog_reference
                0x0000025e        0x2 C:/Users/Apoptosis/workspace_v10/msp430_MSP-EXP430G2553LP_core/Debug\libmsp430_MSP-EXP430G2553LP_core.a(wiring_analog.o)
                0x0000025e                analog_reference
 .bss.Serial    0x00000260       0x1a C:/Users/Apoptosis/workspace_v10/msp430_MSP-EXP430G2553LP_core/Debug\libmsp430_MSP-EXP430G2553LP_core.a(HardwareSerial.o)
                0x00000260                Serial
 .bss.tx_buffer
                0x0000027a       0x14 C:/Users/Apoptosis/workspace_v10/msp430_MSP-EXP430G2553LP_core/Debug\libmsp430_MSP-EXP430G2553LP_core.a(HardwareSerial.o)
                0x0000027a                tx_buffer
 .bss.rx_buffer
                0x0000028e       0x14 C:/Users/Apoptosis/workspace_v10/msp430_MSP-EXP430G2553LP_core/Debug\libmsp430_MSP-EXP430G2553LP_core.a(HardwareSerial.o)
                0x0000028e                rx_buffer
 .bss.still_asleep
                0x000002a2        0x1 C:/Users/Apoptosis/workspace_v10/msp430_MSP-EXP430G2553LP_core/Debug\libmsp430_MSP-EXP430G2553LP_core.a(usci_isr_handler.o)
 .bss           0x000002a3        0x1 c:/programdata/chocolatey/lib/energia/tools/energia-1.8.10e23/hardware/tools/msp430/bin/../lib/gcc/msp430/4.6.3/../../../../msp430/lib\libc.a(malloc.o)
 *(COMMON)
 COMMON         0x000002a4        0x4 C:/Users/Apoptosis/workspace_v10/msp430_MSP-EXP430G2553LP_core/Debug\libmsp430_MSP-EXP430G2553LP_core.a(wiring.o)
                0x000002a4                SMILLIS_INC
                0x000002a6                SFRACT_INC
                0x000002a8                . = ALIGN (0x2)
                0x000002a8                PROVIDE (__bss_end, .)
                0x000000a2                PROVIDE (__bss_size, SIZEOF (.bss))

.noinit         0x000002a8        0x2 load address 0x0000dd9a
                0x000002a8                PROVIDE (__noinit_start, .)
 *(.noinit .noinit.*)
 .noinit.crt0   0x000002a8        0x2 c:/programdata/chocolatey/lib/energia/tools/energia-1.8.10e23/hardware/tools/msp430/bin/../lib/gcc/msp430/4.6.3\libcrt0.a(__watchdog_support.o)
                0x000002a8                __wdt_clear_value
                0x000002aa                . = ALIGN (0x2)
                0x000002aa                PROVIDE (__noinit_end, .)
                0x000002aa                . = ALIGN (0x2)
                0x000002aa                _end = .

.infomem        0x00001000        0x0
 *(.infomem)
                0x00001000                . = ALIGN (0x2)
 *(.infomem.*)

.infomemnobits  0x00001000        0x0
 *(.infomemnobits)
                0x00001000                . = ALIGN (0x2)
 *(.infomemnobits.*)

.infoa
 *(.infoa .infoa.*)

.infob
 *(.infob .infob.*)

.infoc
 *(.infoc .infoc.*)

.infod
 *(.infod .infod.*)

.vectors        0x0000ffe0       0x20
                0x0000ffe0                PROVIDE (__vectors_start, .)
 *(.vectors*)
 .vectors       0x0000ffe0       0x20 c:/programdata/chocolatey/lib/energia/tools/energia-1.8.10e23/hardware/tools/msp430/bin/../lib/gcc/msp430/4.6.3/crt0ivtbl16.o
                0x0000ffe0                __ivtbl_16
                0x00010000                _vectors_end = .

.fartext        0x00000000        0x0
                0x00000000                . = ALIGN (0x2)
 *(.fartext)
                0x00000000                . = ALIGN (0x2)
 *(.fartext.*)
                0x00000000                _efartext = .

.profiler
 *(.profiler)

.stab
 *(.stab)

.stabstr
 *(.stabstr)

.stab.excl
 *(.stab.excl)

.stab.exclstr
 *(.stab.exclstr)

.stab.index
 *(.stab.index)

.stab.indexstr
 *(.stab.indexstr)

.comment
 *(.comment)

.debug
 *(.debug)

.line
 *(.line)

.debug_srcinfo
 *(.debug_srcinfo)

.debug_sfnames
 *(.debug_sfnames)

.debug_aranges  0x00000000      0x7e4
 *(.debug_aranges)
 .debug_aranges
                0x00000000       0x20 ./Sensor_tx.o
 .debug_aranges
                0x00000020       0xe0 C:/Users/Apoptosis/workspace_v10/msp430_MSP-EXP430G2553LP_msp430_cc1101_energia_v2/Debug\libmsp430_MSP-EXP430G2553LP_msp430_cc1101_energia_v2.a(CC1101_MSP430.o)
 .debug_aranges
                0x00000100       0x20 C:/Users/Apoptosis/workspace_v10/msp430_MSP-EXP430G2553LP_core/Debug\libmsp430_MSP-EXP430G2553LP_core.a(itoa.o)
 .debug_aranges
                0x00000120       0x48 C:/Users/Apoptosis/workspace_v10/msp430_MSP-EXP430G2553LP_core/Debug\libmsp430_MSP-EXP430G2553LP_core.a(wiring.o)
 .debug_aranges
                0x00000168       0x2c C:/Users/Apoptosis/workspace_v10/msp430_MSP-EXP430G2553LP_core/Debug\libmsp430_MSP-EXP430G2553LP_core.a(wiring_analog.o)
 .debug_aranges
                0x00000194       0x20 C:/Users/Apoptosis/workspace_v10/msp430_MSP-EXP430G2553LP_core/Debug\libmsp430_MSP-EXP430G2553LP_core.a(wiring_digital.o)
 .debug_aranges
                0x000001b4       0x44 C:/Users/Apoptosis/workspace_v10/msp430_MSP-EXP430G2553LP_core/Debug\libmsp430_MSP-EXP430G2553LP_core.a(HardwareSerial.o)
 .debug_aranges
                0x000001f8       0x14 C:/Users/Apoptosis/workspace_v10/msp430_MSP-EXP430G2553LP_core/Debug\libmsp430_MSP-EXP430G2553LP_core.a(main.o)
 .debug_aranges
                0x0000020c       0x70 C:/Users/Apoptosis/workspace_v10/msp430_MSP-EXP430G2553LP_core/Debug\libmsp430_MSP-EXP430G2553LP_core.a(Print.o)
 .debug_aranges
                0x0000027c      0x148 C:/Users/Apoptosis/workspace_v10/msp430_MSP-EXP430G2553LP_core/Debug\libmsp430_MSP-EXP430G2553LP_core.a(WString.o)
 .debug_aranges
                0x000003c4       0x14 C:/Users/Apoptosis/workspace_v10/msp430_MSP-EXP430G2553LP_core/Debug\libmsp430_MSP-EXP430G2553LP_core.a(atof.o)
 .debug_aranges
                0x000003d8       0x14 C:/Users/Apoptosis/workspace_v10/msp430_MSP-EXP430G2553LP_core/Debug\libmsp430_MSP-EXP430G2553LP_core.a(dtostrf.o)
 .debug_aranges
                0x000003ec       0x30 C:/Users/Apoptosis/workspace_v10/msp430_MSP-EXP430G2553LP_core/Debug\libmsp430_MSP-EXP430G2553LP_core.a(usci_isr_handler.o)
 .debug_aranges
                0x0000041c       0x30 C:/Users/Apoptosis/workspace_v10/msp430_MSP-EXP430G2553LP_core/Debug\libmsp430_MSP-EXP430G2553LP_core.a(new.o)
 .debug_aranges
                0x0000044c       0x14 c:/programdata/chocolatey/lib/energia/tools/energia-1.8.10e23/hardware/tools/msp430/bin/../lib/gcc/msp430/4.6.3/../../../../msp430/lib\libm.a(ef_pow.o)
 .debug_aranges
                0x00000460       0x14 c:/programdata/chocolatey/lib/energia/tools/energia-1.8.10e23/hardware/tools/msp430/bin/../lib/gcc/msp430/4.6.3/../../../../msp430/lib\libm.a(sf_scalbn.o)
 .debug_aranges
                0x00000474       0x14 c:/programdata/chocolatey/lib/energia/tools/energia-1.8.10e23/hardware/tools/msp430/bin/../lib/gcc/msp430/4.6.3/../../../../msp430/lib\libm.a(ef_sqrt.o)
 .debug_aranges
                0x00000488       0x14 c:/programdata/chocolatey/lib/energia/tools/energia-1.8.10e23/hardware/tools/msp430/bin/../lib/gcc/msp430/4.6.3\libgcc.a(_mulqi3.o)
 .debug_aranges
                0x0000049c       0x14 c:/programdata/chocolatey/lib/energia/tools/energia-1.8.10e23/hardware/tools/msp430/bin/../lib/gcc/msp430/4.6.3\libgcc.a(_mulhi3.o)
 .debug_aranges
                0x000004b0       0x14 c:/programdata/chocolatey/lib/energia/tools/energia-1.8.10e23/hardware/tools/msp430/bin/../lib/gcc/msp430/4.6.3\libgcc.a(_mulsi3.o)
 .debug_aranges
                0x000004c4       0x14 c:/programdata/chocolatey/lib/energia/tools/energia-1.8.10e23/hardware/tools/msp430/bin/../lib/gcc/msp430/4.6.3\libgcc.a(_udivmod16.o)
 .debug_aranges
                0x000004d8       0x14 c:/programdata/chocolatey/lib/energia/tools/energia-1.8.10e23/hardware/tools/msp430/bin/../lib/gcc/msp430/4.6.3\libgcc.a(_udivmod32.o)
 .debug_aranges
                0x000004ec       0x14 c:/programdata/chocolatey/lib/energia/tools/energia-1.8.10e23/hardware/tools/msp430/bin/../lib/gcc/msp430/4.6.3\libgcc.a(_fixunssfsi.o)
 .debug_aranges
                0x00000500       0x14 c:/programdata/chocolatey/lib/energia/tools/energia-1.8.10e23/hardware/tools/msp430/bin/../lib/gcc/msp430/4.6.3\libgcc.a(_addsub_sf.o)
 .debug_aranges
                0x00000514       0x14 c:/programdata/chocolatey/lib/energia/tools/energia-1.8.10e23/hardware/tools/msp430/bin/../lib/gcc/msp430/4.6.3\libgcc.a(_mul_sf.o)
 .debug_aranges
                0x00000528       0x14 c:/programdata/chocolatey/lib/energia/tools/energia-1.8.10e23/hardware/tools/msp430/bin/../lib/gcc/msp430/4.6.3\libgcc.a(_div_sf.o)
 .debug_aranges
                0x0000053c       0x14 c:/programdata/chocolatey/lib/energia/tools/energia-1.8.10e23/hardware/tools/msp430/bin/../lib/gcc/msp430/4.6.3\libgcc.a(_gt_sf.o)
 .debug_aranges
                0x00000550       0x14 c:/programdata/chocolatey/lib/energia/tools/energia-1.8.10e23/hardware/tools/msp430/bin/../lib/gcc/msp430/4.6.3\libgcc.a(_ge_sf.o)
 .debug_aranges
                0x00000564       0x14 c:/programdata/chocolatey/lib/energia/tools/energia-1.8.10e23/hardware/tools/msp430/bin/../lib/gcc/msp430/4.6.3\libgcc.a(_lt_sf.o)
 .debug_aranges
                0x00000578       0x14 c:/programdata/chocolatey/lib/energia/tools/energia-1.8.10e23/hardware/tools/msp430/bin/../lib/gcc/msp430/4.6.3\libgcc.a(_le_sf.o)
 .debug_aranges
                0x0000058c       0x14 c:/programdata/chocolatey/lib/energia/tools/energia-1.8.10e23/hardware/tools/msp430/bin/../lib/gcc/msp430/4.6.3\libgcc.a(_si_to_sf.o)
 .debug_aranges
                0x000005a0       0x14 c:/programdata/chocolatey/lib/energia/tools/energia-1.8.10e23/hardware/tools/msp430/bin/../lib/gcc/msp430/4.6.3\libgcc.a(_sf_to_si.o)
 .debug_aranges
                0x000005b4       0x14 c:/programdata/chocolatey/lib/energia/tools/energia-1.8.10e23/hardware/tools/msp430/bin/../lib/gcc/msp430/4.6.3\libgcc.a(_usi_to_sf.o)
 .debug_aranges
                0x000005c8       0x14 c:/programdata/chocolatey/lib/energia/tools/energia-1.8.10e23/hardware/tools/msp430/bin/../lib/gcc/msp430/4.6.3\libgcc.a(_clzsi2.o)
 .debug_aranges
                0x000005dc       0x14 c:/programdata/chocolatey/lib/energia/tools/energia-1.8.10e23/hardware/tools/msp430/bin/../lib/gcc/msp430/4.6.3\libgcc.a(_pack_sf.o)
 .debug_aranges
                0x000005f0       0x14 c:/programdata/chocolatey/lib/energia/tools/energia-1.8.10e23/hardware/tools/msp430/bin/../lib/gcc/msp430/4.6.3\libgcc.a(_unpack_sf.o)
 .debug_aranges
                0x00000604       0x14 c:/programdata/chocolatey/lib/energia/tools/energia-1.8.10e23/hardware/tools/msp430/bin/../lib/gcc/msp430/4.6.3\libgcc.a(_fpcmp_parts_sf.o)
 .debug_aranges
                0x00000618       0x14 c:/programdata/chocolatey/lib/energia/tools/energia-1.8.10e23/hardware/tools/msp430/bin/../lib/gcc/msp430/4.6.3/../../../../msp430/lib\libc.a(strchr.o)
 .debug_aranges
                0x0000062c       0x14 c:/programdata/chocolatey/lib/energia/tools/energia-1.8.10e23/hardware/tools/msp430/bin/../lib/gcc/msp430/4.6.3/../../../../msp430/lib\libc.a(strcmp.o)
 .debug_aranges
                0x00000640       0x14 c:/programdata/chocolatey/lib/energia/tools/energia-1.8.10e23/hardware/tools/msp430/bin/../lib/gcc/msp430/4.6.3/../../../../msp430/lib\libc.a(strncmp.o)
 .debug_aranges
                0x00000654       0x14 c:/programdata/chocolatey/lib/energia/tools/energia-1.8.10e23/hardware/tools/msp430/bin/../lib/gcc/msp430/4.6.3/../../../../msp430/lib\libc.a(strcpy.o)
 .debug_aranges
                0x00000668       0x14 c:/programdata/chocolatey/lib/energia/tools/energia-1.8.10e23/hardware/tools/msp430/bin/../lib/gcc/msp430/4.6.3/../../../../msp430/lib\libc.a(strncpy.o)
 .debug_aranges
                0x0000067c       0x14 c:/programdata/chocolatey/lib/energia/tools/energia-1.8.10e23/hardware/tools/msp430/bin/../lib/gcc/msp430/4.6.3/../../../../msp430/lib\libc.a(memcpy.o)
 .debug_aranges
                0x00000690       0x14 c:/programdata/chocolatey/lib/energia/tools/energia-1.8.10e23/hardware/tools/msp430/bin/../lib/gcc/msp430/4.6.3/../../../../msp430/lib\libc.a(memmove.o)
 .debug_aranges
                0x000006a4       0x14 c:/programdata/chocolatey/lib/energia/tools/energia-1.8.10e23/hardware/tools/msp430/bin/../lib/gcc/msp430/4.6.3/../../../../msp430/lib\libc.a(strrchr.o)
 .debug_aranges
                0x000006b8       0x14 c:/programdata/chocolatey/lib/energia/tools/energia-1.8.10e23/hardware/tools/msp430/bin/../lib/gcc/msp430/4.6.3/../../../../msp430/lib\libc.a(strstr.o)
 .debug_aranges
                0x000006cc       0x14 c:/programdata/chocolatey/lib/energia/tools/energia-1.8.10e23/hardware/tools/msp430/bin/../lib/gcc/msp430/4.6.3/../../../../msp430/lib\libc.a(atol.o)
 .debug_aranges
                0x000006e0       0x14 c:/programdata/chocolatey/lib/energia/tools/energia-1.8.10e23/hardware/tools/msp430/bin/../lib/gcc/msp430/4.6.3/../../../../msp430/lib\libc.a(malloc.o)
 .debug_aranges
                0x000006f4       0x14 c:/programdata/chocolatey/lib/energia/tools/energia-1.8.10e23/hardware/tools/msp430/bin/../lib/gcc/msp430/4.6.3/../../../../msp430/lib\libc.a(strtol.o)
 .debug_aranges
                0x00000708       0x14 c:/programdata/chocolatey/lib/energia/tools/energia-1.8.10e23/hardware/tools/msp430/bin/../lib/gcc/msp430/4.6.3/../../../../msp430/lib\libc.a(sprintf.o)
 .debug_aranges
                0x0000071c       0x14 c:/programdata/chocolatey/lib/energia/tools/energia-1.8.10e23/hardware/tools/msp430/bin/../lib/gcc/msp430/4.6.3/../../../../msp430/lib\libc.a(vuprintf.o)
 .debug_aranges
                0x00000730       0x14 c:/programdata/chocolatey/lib/energia/tools/energia-1.8.10e23/hardware/tools/msp430/bin/../lib/gcc/msp430/4.6.3\libgcc.a(_divmod32.o)
 .debug_aranges
                0x00000744       0x14 c:/programdata/chocolatey/lib/energia/tools/energia-1.8.10e23/hardware/tools/msp430/bin/../lib/gcc/msp430/4.6.3\libgcc.a(_udivmod64.o)
 .debug_aranges
                0x00000758       0x14 c:/programdata/chocolatey/lib/energia/tools/energia-1.8.10e23/hardware/tools/msp430/bin/../lib/gcc/msp430/4.6.3\libcrt0.a(__watchdog_support.o)
 .debug_aranges
                0x0000076c       0x14 c:/programdata/chocolatey/lib/energia/tools/energia-1.8.10e23/hardware/tools/msp430/bin/../lib/gcc/msp430/4.6.3\libcrt0.a(__init_stack.o)
 .debug_aranges
                0x00000780       0x14 c:/programdata/chocolatey/lib/energia/tools/energia-1.8.10e23/hardware/tools/msp430/bin/../lib/gcc/msp430/4.6.3\libcrt0.a(_copy_data.o)
 .debug_aranges
                0x00000794       0x14 c:/programdata/chocolatey/lib/energia/tools/energia-1.8.10e23/hardware/tools/msp430/bin/../lib/gcc/msp430/4.6.3\libcrt0.a(_clear_bss.o)
 .debug_aranges
                0x000007a8       0x14 c:/programdata/chocolatey/lib/energia/tools/energia-1.8.10e23/hardware/tools/msp430/bin/../lib/gcc/msp430/4.6.3\libcrt0.a(_endless_loop__.o)
 .debug_aranges
                0x000007bc       0x14 c:/programdata/chocolatey/lib/energia/tools/energia-1.8.10e23/hardware/tools/msp430/bin/../lib/gcc/msp430/4.6.3\libcrt0.a(_unexpected_.o)
 .debug_aranges
                0x000007d0       0x14 c:/programdata/chocolatey/lib/energia/tools/energia-1.8.10e23/hardware/tools/msp430/bin/../lib/gcc/msp430/4.6.3\libcrt0.a(_ctors430.o)

.debug_pubnames
 *(.debug_pubnames)

.debug_info     0x00000000     0xfe24
 *(.debug_info)
 .debug_info    0x00000000      0xc6c ./Sensor_tx.o
 .debug_info    0x00000c6c     0x1ce6 C:/Users/Apoptosis/workspace_v10/msp430_MSP-EXP430G2553LP_msp430_cc1101_energia_v2/Debug\libmsp430_MSP-EXP430G2553LP_msp430_cc1101_energia_v2.a(CC1101_MSP430.o)
 .debug_info    0x00002952      0x221 C:/Users/Apoptosis/workspace_v10/msp430_MSP-EXP430G2553LP_core/Debug\libmsp430_MSP-EXP430G2553LP_core.a(itoa.o)
 .debug_info    0x00002b73      0x5c0 C:/Users/Apoptosis/workspace_v10/msp430_MSP-EXP430G2553LP_core/Debug\libmsp430_MSP-EXP430G2553LP_core.a(wiring.o)
 .debug_info    0x00003133      0x85d C:/Users/Apoptosis/workspace_v10/msp430_MSP-EXP430G2553LP_core/Debug\libmsp430_MSP-EXP430G2553LP_core.a(wiring_analog.o)
 .debug_info    0x00003990      0x967 C:/Users/Apoptosis/workspace_v10/msp430_MSP-EXP430G2553LP_core/Debug\libmsp430_MSP-EXP430G2553LP_core.a(wiring_digital.o)
 .debug_info    0x000042f7     0x1d98 C:/Users/Apoptosis/workspace_v10/msp430_MSP-EXP430G2553LP_core/Debug\libmsp430_MSP-EXP430G2553LP_core.a(HardwareSerial.o)
 .debug_info    0x0000608f      0x277 C:/Users/Apoptosis/workspace_v10/msp430_MSP-EXP430G2553LP_core/Debug\libmsp430_MSP-EXP430G2553LP_core.a(main.o)
 .debug_info    0x00006306     0x1edf C:/Users/Apoptosis/workspace_v10/msp430_MSP-EXP430G2553LP_core/Debug\libmsp430_MSP-EXP430G2553LP_core.a(Print.o)
 .debug_info    0x000081e5     0x2b11 C:/Users/Apoptosis/workspace_v10/msp430_MSP-EXP430G2553LP_core/Debug\libmsp430_MSP-EXP430G2553LP_core.a(WString.o)
 .debug_info    0x0000acf6       0xd8 C:/Users/Apoptosis/workspace_v10/msp430_MSP-EXP430G2553LP_core/Debug\libmsp430_MSP-EXP430G2553LP_core.a(atof.o)
 .debug_info    0x0000adce      0x124 C:/Users/Apoptosis/workspace_v10/msp430_MSP-EXP430G2553LP_core/Debug\libmsp430_MSP-EXP430G2553LP_core.a(dtostrf.o)
 .debug_info    0x0000aef2      0x399 C:/Users/Apoptosis/workspace_v10/msp430_MSP-EXP430G2553LP_core/Debug\libmsp430_MSP-EXP430G2553LP_core.a(usci_isr_handler.o)
 .debug_info    0x0000b28b      0x190 C:/Users/Apoptosis/workspace_v10/msp430_MSP-EXP430G2553LP_core/Debug\libmsp430_MSP-EXP430G2553LP_core.a(new.o)
 .debug_info    0x0000b41b      0x5ea c:/programdata/chocolatey/lib/energia/tools/energia-1.8.10e23/hardware/tools/msp430/bin/../lib/gcc/msp430/4.6.3/../../../../msp430/lib\libm.a(ef_pow.o)
 .debug_info    0x0000ba05      0x1e4 c:/programdata/chocolatey/lib/energia/tools/energia-1.8.10e23/hardware/tools/msp430/bin/../lib/gcc/msp430/4.6.3/../../../../msp430/lib\libm.a(sf_scalbn.o)
 .debug_info    0x0000bbe9      0x208 c:/programdata/chocolatey/lib/energia/tools/energia-1.8.10e23/hardware/tools/msp430/bin/../lib/gcc/msp430/4.6.3/../../../../msp430/lib\libm.a(ef_sqrt.o)
 .debug_info    0x0000bdf1       0x8d c:/programdata/chocolatey/lib/energia/tools/energia-1.8.10e23/hardware/tools/msp430/bin/../lib/gcc/msp430/4.6.3\libgcc.a(_mulqi3.o)
 .debug_info    0x0000be7e       0x8d c:/programdata/chocolatey/lib/energia/tools/energia-1.8.10e23/hardware/tools/msp430/bin/../lib/gcc/msp430/4.6.3\libgcc.a(_mulhi3.o)
 .debug_info    0x0000bf0b       0x8d c:/programdata/chocolatey/lib/energia/tools/energia-1.8.10e23/hardware/tools/msp430/bin/../lib/gcc/msp430/4.6.3\libgcc.a(_mulsi3.o)
 .debug_info    0x0000bf98       0x8d c:/programdata/chocolatey/lib/energia/tools/energia-1.8.10e23/hardware/tools/msp430/bin/../lib/gcc/msp430/4.6.3\libgcc.a(_udivmod16.o)
 .debug_info    0x0000c025       0x8d c:/programdata/chocolatey/lib/energia/tools/energia-1.8.10e23/hardware/tools/msp430/bin/../lib/gcc/msp430/4.6.3\libgcc.a(_udivmod32.o)
 .debug_info    0x0000c0b2       0xb5 c:/programdata/chocolatey/lib/energia/tools/energia-1.8.10e23/hardware/tools/msp430/bin/../lib/gcc/msp430/4.6.3\libgcc.a(_fixunssfsi.o)
 .debug_info    0x0000c167      0x425 c:/programdata/chocolatey/lib/energia/tools/energia-1.8.10e23/hardware/tools/msp430/bin/../lib/gcc/msp430/4.6.3\libgcc.a(_addsub_sf.o)
 .debug_info    0x0000c58c      0x3c9 c:/programdata/chocolatey/lib/energia/tools/energia-1.8.10e23/hardware/tools/msp430/bin/../lib/gcc/msp430/4.6.3\libgcc.a(_mul_sf.o)
 .debug_info    0x0000c955      0x35c c:/programdata/chocolatey/lib/energia/tools/energia-1.8.10e23/hardware/tools/msp430/bin/../lib/gcc/msp430/4.6.3\libgcc.a(_div_sf.o)
 .debug_info    0x0000ccb1      0x26e c:/programdata/chocolatey/lib/energia/tools/energia-1.8.10e23/hardware/tools/msp430/bin/../lib/gcc/msp430/4.6.3\libgcc.a(_gt_sf.o)
 .debug_info    0x0000cf1f      0x26e c:/programdata/chocolatey/lib/energia/tools/energia-1.8.10e23/hardware/tools/msp430/bin/../lib/gcc/msp430/4.6.3\libgcc.a(_ge_sf.o)
 .debug_info    0x0000d18d      0x26e c:/programdata/chocolatey/lib/energia/tools/energia-1.8.10e23/hardware/tools/msp430/bin/../lib/gcc/msp430/4.6.3\libgcc.a(_lt_sf.o)
 .debug_info    0x0000d3fb      0x26e c:/programdata/chocolatey/lib/energia/tools/energia-1.8.10e23/hardware/tools/msp430/bin/../lib/gcc/msp430/4.6.3\libgcc.a(_le_sf.o)
 .debug_info    0x0000d669      0x20b c:/programdata/chocolatey/lib/energia/tools/energia-1.8.10e23/hardware/tools/msp430/bin/../lib/gcc/msp430/4.6.3\libgcc.a(_si_to_sf.o)
 .debug_info    0x0000d874      0x289 c:/programdata/chocolatey/lib/energia/tools/energia-1.8.10e23/hardware/tools/msp430/bin/../lib/gcc/msp430/4.6.3\libgcc.a(_sf_to_si.o)
 .debug_info    0x0000dafd      0x144 c:/programdata/chocolatey/lib/energia/tools/energia-1.8.10e23/hardware/tools/msp430/bin/../lib/gcc/msp430/4.6.3\libgcc.a(_thenan_sf.o)
 .debug_info    0x0000dc41      0x204 c:/programdata/chocolatey/lib/energia/tools/energia-1.8.10e23/hardware/tools/msp430/bin/../lib/gcc/msp430/4.6.3\libgcc.a(_usi_to_sf.o)
 .debug_info    0x0000de45      0x109 c:/programdata/chocolatey/lib/energia/tools/energia-1.8.10e23/hardware/tools/msp430/bin/../lib/gcc/msp430/4.6.3\libgcc.a(_clzsi2.o)
 .debug_info    0x0000df4e      0x2b1 c:/programdata/chocolatey/lib/energia/tools/energia-1.8.10e23/hardware/tools/msp430/bin/../lib/gcc/msp430/4.6.3\libgcc.a(_pack_sf.o)
 .debug_info    0x0000e1ff      0x23e c:/programdata/chocolatey/lib/energia/tools/energia-1.8.10e23/hardware/tools/msp430/bin/../lib/gcc/msp430/4.6.3\libgcc.a(_unpack_sf.o)
 .debug_info    0x0000e43d      0x1d5 c:/programdata/chocolatey/lib/energia/tools/energia-1.8.10e23/hardware/tools/msp430/bin/../lib/gcc/msp430/4.6.3\libgcc.a(_fpcmp_parts_sf.o)
 .debug_info    0x0000e612       0xa0 c:/programdata/chocolatey/lib/energia/tools/energia-1.8.10e23/hardware/tools/msp430/bin/../lib/gcc/msp430/4.6.3\libgcc.a(_clz.o)
 .debug_info    0x0000e6b2       0xa7 c:/programdata/chocolatey/lib/energia/tools/energia-1.8.10e23/hardware/tools/msp430/bin/../lib/gcc/msp430/4.6.3/../../../../msp430/lib\libc.a(strchr.o)
 .debug_info    0x0000e759       0xa4 c:/programdata/chocolatey/lib/energia/tools/energia-1.8.10e23/hardware/tools/msp430/bin/../lib/gcc/msp430/4.6.3/../../../../msp430/lib\libc.a(strcmp.o)
 .debug_info    0x0000e7fd       0xbb c:/programdata/chocolatey/lib/energia/tools/energia-1.8.10e23/hardware/tools/msp430/bin/../lib/gcc/msp430/4.6.3/../../../../msp430/lib\libc.a(strncmp.o)
 .debug_info    0x0000e8b8       0xb6 c:/programdata/chocolatey/lib/energia/tools/energia-1.8.10e23/hardware/tools/msp430/bin/../lib/gcc/msp430/4.6.3/../../../../msp430/lib\libc.a(strcpy.o)
 .debug_info    0x0000e96e       0xe1 c:/programdata/chocolatey/lib/energia/tools/energia-1.8.10e23/hardware/tools/msp430/bin/../lib/gcc/msp430/4.6.3/../../../../msp430/lib\libc.a(strncpy.o)
 .debug_info    0x0000ea4f      0x113 c:/programdata/chocolatey/lib/energia/tools/energia-1.8.10e23/hardware/tools/msp430/bin/../lib/gcc/msp430/4.6.3/../../../../msp430/lib\libc.a(memcpy.o)
 .debug_info    0x0000eb62      0x113 c:/programdata/chocolatey/lib/energia/tools/energia-1.8.10e23/hardware/tools/msp430/bin/../lib/gcc/msp430/4.6.3/../../../../msp430/lib\libc.a(memmove.o)
 .debug_info    0x0000ec75       0xb7 c:/programdata/chocolatey/lib/energia/tools/energia-1.8.10e23/hardware/tools/msp430/bin/../lib/gcc/msp430/4.6.3/../../../../msp430/lib\libc.a(strrchr.o)
 .debug_info    0x0000ed2c       0xe0 c:/programdata/chocolatey/lib/energia/tools/energia-1.8.10e23/hardware/tools/msp430/bin/../lib/gcc/msp430/4.6.3/../../../../msp430/lib\libc.a(strstr.o)
 .debug_info    0x0000ee0c       0x95 c:/programdata/chocolatey/lib/energia/tools/energia-1.8.10e23/hardware/tools/msp430/bin/../lib/gcc/msp430/4.6.3/../../../../msp430/lib\libc.a(atol.o)
 .debug_info    0x0000eea1      0x151 c:/programdata/chocolatey/lib/energia/tools/energia-1.8.10e23/hardware/tools/msp430/bin/../lib/gcc/msp430/4.6.3/../../../../msp430/lib\libc.a(malloc.o)
 .debug_info    0x0000eff2      0x1d7 c:/programdata/chocolatey/lib/energia/tools/energia-1.8.10e23/hardware/tools/msp430/bin/../lib/gcc/msp430/4.6.3/../../../../msp430/lib\libc.a(strtol.o)
 .debug_info    0x0000f1c9      0x277 c:/programdata/chocolatey/lib/energia/tools/energia-1.8.10e23/hardware/tools/msp430/bin/../lib/gcc/msp430/4.6.3/../../../../msp430/lib\libc.a(sprintf.o)
 .debug_info    0x0000f440      0x565 c:/programdata/chocolatey/lib/energia/tools/energia-1.8.10e23/hardware/tools/msp430/bin/../lib/gcc/msp430/4.6.3/../../../../msp430/lib\libc.a(vuprintf.o)
 .debug_info    0x0000f9a5       0x39 c:/programdata/chocolatey/lib/energia/tools/energia-1.8.10e23/hardware/tools/msp430/bin/../lib/gcc/msp430/4.6.3/../../../../msp430/lib\libc.a(errno.o)
 .debug_info    0x0000f9de       0x8d c:/programdata/chocolatey/lib/energia/tools/energia-1.8.10e23/hardware/tools/msp430/bin/../lib/gcc/msp430/4.6.3\libgcc.a(_divmod32.o)
 .debug_info    0x0000fa6b       0x8d c:/programdata/chocolatey/lib/energia/tools/energia-1.8.10e23/hardware/tools/msp430/bin/../lib/gcc/msp430/4.6.3\libgcc.a(_udivmod64.o)
 .debug_info    0x0000faf8       0x74 c:/programdata/chocolatey/lib/energia/tools/energia-1.8.10e23/hardware/tools/msp430/bin/../lib/gcc/msp430/4.6.3\libcrt0.a(__watchdog_support.o)
 .debug_info    0x0000fb6c       0x74 c:/programdata/chocolatey/lib/energia/tools/energia-1.8.10e23/hardware/tools/msp430/bin/../lib/gcc/msp430/4.6.3\libcrt0.a(__init_stack.o)
 .debug_info    0x0000fbe0       0x74 c:/programdata/chocolatey/lib/energia/tools/energia-1.8.10e23/hardware/tools/msp430/bin/../lib/gcc/msp430/4.6.3\libcrt0.a(_copy_data.o)
 .debug_info    0x0000fc54       0x74 c:/programdata/chocolatey/lib/energia/tools/energia-1.8.10e23/hardware/tools/msp430/bin/../lib/gcc/msp430/4.6.3\libcrt0.a(_clear_bss.o)
 .debug_info    0x0000fcc8       0x74 c:/programdata/chocolatey/lib/energia/tools/energia-1.8.10e23/hardware/tools/msp430/bin/../lib/gcc/msp430/4.6.3\libcrt0.a(_endless_loop__.o)
 .debug_info    0x0000fd3c       0x74 c:/programdata/chocolatey/lib/energia/tools/energia-1.8.10e23/hardware/tools/msp430/bin/../lib/gcc/msp430/4.6.3\libcrt0.a(_unexpected_.o)
 .debug_info    0x0000fdb0       0x74 c:/programdata/chocolatey/lib/energia/tools/energia-1.8.10e23/hardware/tools/msp430/bin/../lib/gcc/msp430/4.6.3\libcrt0.a(_ctors430.o)
 *(.gnu.linkonce.wi.*)

.debug_abbrev   0x00000000     0x3f10
 *(.debug_abbrev)
 .debug_abbrev  0x00000000      0x21e ./Sensor_tx.o
 .debug_abbrev  0x0000021e      0x33b C:/Users/Apoptosis/workspace_v10/msp430_MSP-EXP430G2553LP_msp430_cc1101_energia_v2/Debug\libmsp430_MSP-EXP430G2553LP_msp430_cc1101_energia_v2.a(CC1101_MSP430.o)
 .debug_abbrev  0x00000559       0xaf C:/Users/Apoptosis/workspace_v10/msp430_MSP-EXP430G2553LP_core/Debug\libmsp430_MSP-EXP430G2553LP_core.a(itoa.o)
 .debug_abbrev  0x00000608      0x1eb C:/Users/Apoptosis/workspace_v10/msp430_MSP-EXP430G2553LP_core/Debug\libmsp430_MSP-EXP430G2553LP_core.a(wiring.o)
 .debug_abbrev  0x000007f3      0x227 C:/Users/Apoptosis/workspace_v10/msp430_MSP-EXP430G2553LP_core/Debug\libmsp430_MSP-EXP430G2553LP_core.a(wiring_analog.o)
 .debug_abbrev  0x00000a1a      0x15d C:/Users/Apoptosis/workspace_v10/msp430_MSP-EXP430G2553LP_core/Debug\libmsp430_MSP-EXP430G2553LP_core.a(wiring_digital.o)
 .debug_abbrev  0x00000b77      0x4b0 C:/Users/Apoptosis/workspace_v10/msp430_MSP-EXP430G2553LP_core/Debug\libmsp430_MSP-EXP430G2553LP_core.a(HardwareSerial.o)
 .debug_abbrev  0x00001027       0x91 C:/Users/Apoptosis/workspace_v10/msp430_MSP-EXP430G2553LP_core/Debug\libmsp430_MSP-EXP430G2553LP_core.a(main.o)
 .debug_abbrev  0x000010b8      0x396 C:/Users/Apoptosis/workspace_v10/msp430_MSP-EXP430G2553LP_core/Debug\libmsp430_MSP-EXP430G2553LP_core.a(Print.o)
 .debug_abbrev  0x0000144e      0x3a9 C:/Users/Apoptosis/workspace_v10/msp430_MSP-EXP430G2553LP_core/Debug\libmsp430_MSP-EXP430G2553LP_core.a(WString.o)
 .debug_abbrev  0x000017f7       0x85 C:/Users/Apoptosis/workspace_v10/msp430_MSP-EXP430G2553LP_core/Debug\libmsp430_MSP-EXP430G2553LP_core.a(atof.o)
 .debug_abbrev  0x0000187c       0xc3 C:/Users/Apoptosis/workspace_v10/msp430_MSP-EXP430G2553LP_core/Debug\libmsp430_MSP-EXP430G2553LP_core.a(dtostrf.o)
 .debug_abbrev  0x0000193f      0x141 C:/Users/Apoptosis/workspace_v10/msp430_MSP-EXP430G2553LP_core/Debug\libmsp430_MSP-EXP430G2553LP_core.a(usci_isr_handler.o)
 .debug_abbrev  0x00001a80       0xee C:/Users/Apoptosis/workspace_v10/msp430_MSP-EXP430G2553LP_core/Debug\libmsp430_MSP-EXP430G2553LP_core.a(new.o)
 .debug_abbrev  0x00001b6e      0x140 c:/programdata/chocolatey/lib/energia/tools/energia-1.8.10e23/hardware/tools/msp430/bin/../lib/gcc/msp430/4.6.3/../../../../msp430/lib\libm.a(ef_pow.o)
 .debug_abbrev  0x00001cae       0xf4 c:/programdata/chocolatey/lib/energia/tools/energia-1.8.10e23/hardware/tools/msp430/bin/../lib/gcc/msp430/4.6.3/../../../../msp430/lib\libm.a(sf_scalbn.o)
 .debug_abbrev  0x00001da2      0x14a c:/programdata/chocolatey/lib/energia/tools/energia-1.8.10e23/hardware/tools/msp430/bin/../lib/gcc/msp430/4.6.3/../../../../msp430/lib\libm.a(ef_sqrt.o)
 .debug_abbrev  0x00001eec       0x14 c:/programdata/chocolatey/lib/energia/tools/energia-1.8.10e23/hardware/tools/msp430/bin/../lib/gcc/msp430/4.6.3\libgcc.a(_mulqi3.o)
 .debug_abbrev  0x00001f00       0x14 c:/programdata/chocolatey/lib/energia/tools/energia-1.8.10e23/hardware/tools/msp430/bin/../lib/gcc/msp430/4.6.3\libgcc.a(_mulhi3.o)
 .debug_abbrev  0x00001f14       0x14 c:/programdata/chocolatey/lib/energia/tools/energia-1.8.10e23/hardware/tools/msp430/bin/../lib/gcc/msp430/4.6.3\libgcc.a(_mulsi3.o)
 .debug_abbrev  0x00001f28       0x14 c:/programdata/chocolatey/lib/energia/tools/energia-1.8.10e23/hardware/tools/msp430/bin/../lib/gcc/msp430/4.6.3\libgcc.a(_udivmod16.o)
 .debug_abbrev  0x00001f3c       0x14 c:/programdata/chocolatey/lib/energia/tools/energia-1.8.10e23/hardware/tools/msp430/bin/../lib/gcc/msp430/4.6.3\libgcc.a(_udivmod32.o)
 .debug_abbrev  0x00001f50       0x5d c:/programdata/chocolatey/lib/energia/tools/energia-1.8.10e23/hardware/tools/msp430/bin/../lib/gcc/msp430/4.6.3\libgcc.a(_fixunssfsi.o)
 .debug_abbrev  0x00001fad      0x1ab c:/programdata/chocolatey/lib/energia/tools/energia-1.8.10e23/hardware/tools/msp430/bin/../lib/gcc/msp430/4.6.3\libgcc.a(_addsub_sf.o)
 .debug_abbrev  0x00002158      0x1d9 c:/programdata/chocolatey/lib/energia/tools/energia-1.8.10e23/hardware/tools/msp430/bin/../lib/gcc/msp430/4.6.3\libgcc.a(_mul_sf.o)
 .debug_abbrev  0x00002331      0x1c4 c:/programdata/chocolatey/lib/energia/tools/energia-1.8.10e23/hardware/tools/msp430/bin/../lib/gcc/msp430/4.6.3\libgcc.a(_div_sf.o)
 .debug_abbrev  0x000024f5      0x151 c:/programdata/chocolatey/lib/energia/tools/energia-1.8.10e23/hardware/tools/msp430/bin/../lib/gcc/msp430/4.6.3\libgcc.a(_gt_sf.o)
 .debug_abbrev  0x00002646      0x151 c:/programdata/chocolatey/lib/energia/tools/energia-1.8.10e23/hardware/tools/msp430/bin/../lib/gcc/msp430/4.6.3\libgcc.a(_ge_sf.o)
 .debug_abbrev  0x00002797      0x151 c:/programdata/chocolatey/lib/energia/tools/energia-1.8.10e23/hardware/tools/msp430/bin/../lib/gcc/msp430/4.6.3\libgcc.a(_lt_sf.o)
 .debug_abbrev  0x000028e8      0x151 c:/programdata/chocolatey/lib/energia/tools/energia-1.8.10e23/hardware/tools/msp430/bin/../lib/gcc/msp430/4.6.3\libgcc.a(_le_sf.o)
 .debug_abbrev  0x00002a39      0x164 c:/programdata/chocolatey/lib/energia/tools/energia-1.8.10e23/hardware/tools/msp430/bin/../lib/gcc/msp430/4.6.3\libgcc.a(_si_to_sf.o)
 .debug_abbrev  0x00002b9d      0x160 c:/programdata/chocolatey/lib/energia/tools/energia-1.8.10e23/hardware/tools/msp430/bin/../lib/gcc/msp430/4.6.3\libgcc.a(_sf_to_si.o)
 .debug_abbrev  0x00002cfd       0xba c:/programdata/chocolatey/lib/energia/tools/energia-1.8.10e23/hardware/tools/msp430/bin/../lib/gcc/msp430/4.6.3\libgcc.a(_thenan_sf.o)
 .debug_abbrev  0x00002db7      0x173 c:/programdata/chocolatey/lib/energia/tools/energia-1.8.10e23/hardware/tools/msp430/bin/../lib/gcc/msp430/4.6.3\libgcc.a(_usi_to_sf.o)
 .debug_abbrev  0x00002f2a       0xac c:/programdata/chocolatey/lib/energia/tools/energia-1.8.10e23/hardware/tools/msp430/bin/../lib/gcc/msp430/4.6.3\libgcc.a(_clzsi2.o)
 .debug_abbrev  0x00002fd6      0x192 c:/programdata/chocolatey/lib/energia/tools/energia-1.8.10e23/hardware/tools/msp430/bin/../lib/gcc/msp430/4.6.3\libgcc.a(_pack_sf.o)
 .debug_abbrev  0x00003168      0x15a c:/programdata/chocolatey/lib/energia/tools/energia-1.8.10e23/hardware/tools/msp430/bin/../lib/gcc/msp430/4.6.3\libgcc.a(_unpack_sf.o)
 .debug_abbrev  0x000032c2      0x10b c:/programdata/chocolatey/lib/energia/tools/energia-1.8.10e23/hardware/tools/msp430/bin/../lib/gcc/msp430/4.6.3\libgcc.a(_fpcmp_parts_sf.o)
 .debug_abbrev  0x000033cd       0x61 c:/programdata/chocolatey/lib/energia/tools/energia-1.8.10e23/hardware/tools/msp430/bin/../lib/gcc/msp430/4.6.3\libgcc.a(_clz.o)
 .debug_abbrev  0x0000342e       0x6f c:/programdata/chocolatey/lib/energia/tools/energia-1.8.10e23/hardware/tools/msp430/bin/../lib/gcc/msp430/4.6.3/../../../../msp430/lib\libc.a(strchr.o)
 .debug_abbrev  0x0000349d       0x60 c:/programdata/chocolatey/lib/energia/tools/energia-1.8.10e23/hardware/tools/msp430/bin/../lib/gcc/msp430/4.6.3/../../../../msp430/lib\libc.a(strcmp.o)
 .debug_abbrev  0x000034fd       0x7c c:/programdata/chocolatey/lib/energia/tools/energia-1.8.10e23/hardware/tools/msp430/bin/../lib/gcc/msp430/4.6.3/../../../../msp430/lib\libc.a(strncmp.o)
 .debug_abbrev  0x00003579       0x7e c:/programdata/chocolatey/lib/energia/tools/energia-1.8.10e23/hardware/tools/msp430/bin/../lib/gcc/msp430/4.6.3/../../../../msp430/lib\libc.a(strcpy.o)
 .debug_abbrev  0x000035f7       0x94 c:/programdata/chocolatey/lib/energia/tools/energia-1.8.10e23/hardware/tools/msp430/bin/../lib/gcc/msp430/4.6.3/../../../../msp430/lib\libc.a(strncpy.o)
 .debug_abbrev  0x0000368b       0x97 c:/programdata/chocolatey/lib/energia/tools/energia-1.8.10e23/hardware/tools/msp430/bin/../lib/gcc/msp430/4.6.3/../../../../msp430/lib\libc.a(memcpy.o)
 .debug_abbrev  0x00003722       0x97 c:/programdata/chocolatey/lib/energia/tools/energia-1.8.10e23/hardware/tools/msp430/bin/../lib/gcc/msp430/4.6.3/../../../../msp430/lib\libc.a(memmove.o)
 .debug_abbrev  0x000037b9       0x7e c:/programdata/chocolatey/lib/energia/tools/energia-1.8.10e23/hardware/tools/msp430/bin/../lib/gcc/msp430/4.6.3/../../../../msp430/lib\libc.a(strrchr.o)
 .debug_abbrev  0x00003837       0x8b c:/programdata/chocolatey/lib/energia/tools/energia-1.8.10e23/hardware/tools/msp430/bin/../lib/gcc/msp430/4.6.3/../../../../msp430/lib\libc.a(strstr.o)
 .debug_abbrev  0x000038c2       0x60 c:/programdata/chocolatey/lib/energia/tools/energia-1.8.10e23/hardware/tools/msp430/bin/../lib/gcc/msp430/4.6.3/../../../../msp430/lib\libc.a(atol.o)
 .debug_abbrev  0x00003922      0x104 c:/programdata/chocolatey/lib/energia/tools/energia-1.8.10e23/hardware/tools/msp430/bin/../lib/gcc/msp430/4.6.3/../../../../msp430/lib\libc.a(malloc.o)
 .debug_abbrev  0x00003a26      0x112 c:/programdata/chocolatey/lib/energia/tools/energia-1.8.10e23/hardware/tools/msp430/bin/../lib/gcc/msp430/4.6.3/../../../../msp430/lib\libc.a(strtol.o)
 .debug_abbrev  0x00003b38      0x105 c:/programdata/chocolatey/lib/energia/tools/energia-1.8.10e23/hardware/tools/msp430/bin/../lib/gcc/msp430/4.6.3/../../../../msp430/lib\libc.a(sprintf.o)
 .debug_abbrev  0x00003c3d      0x1ef c:/programdata/chocolatey/lib/energia/tools/energia-1.8.10e23/hardware/tools/msp430/bin/../lib/gcc/msp430/4.6.3/../../../../msp430/lib\libc.a(vuprintf.o)
 .debug_abbrev  0x00003e2c       0x30 c:/programdata/chocolatey/lib/energia/tools/energia-1.8.10e23/hardware/tools/msp430/bin/../lib/gcc/msp430/4.6.3/../../../../msp430/lib\libc.a(errno.o)
 .debug_abbrev  0x00003e5c       0x14 c:/programdata/chocolatey/lib/energia/tools/energia-1.8.10e23/hardware/tools/msp430/bin/../lib/gcc/msp430/4.6.3\libgcc.a(_divmod32.o)
 .debug_abbrev  0x00003e70       0x14 c:/programdata/chocolatey/lib/energia/tools/energia-1.8.10e23/hardware/tools/msp430/bin/../lib/gcc/msp430/4.6.3\libgcc.a(_udivmod64.o)
 .debug_abbrev  0x00003e84       0x14 c:/programdata/chocolatey/lib/energia/tools/energia-1.8.10e23/hardware/tools/msp430/bin/../lib/gcc/msp430/4.6.3\libcrt0.a(__watchdog_support.o)
 .debug_abbrev  0x00003e98       0x14 c:/programdata/chocolatey/lib/energia/tools/energia-1.8.10e23/hardware/tools/msp430/bin/../lib/gcc/msp430/4.6.3\libcrt0.a(__init_stack.o)
 .debug_abbrev  0x00003eac       0x14 c:/programdata/chocolatey/lib/energia/tools/energia-1.8.10e23/hardware/tools/msp430/bin/../lib/gcc/msp430/4.6.3\libcrt0.a(_copy_data.o)
 .debug_abbrev  0x00003ec0       0x14 c:/programdata/chocolatey/lib/energia/tools/energia-1.8.10e23/hardware/tools/msp430/bin/../lib/gcc/msp430/4.6.3\libcrt0.a(_clear_bss.o)
 .debug_abbrev  0x00003ed4       0x14 c:/programdata/chocolatey/lib/energia/tools/energia-1.8.10e23/hardware/tools/msp430/bin/../lib/gcc/msp430/4.6.3\libcrt0.a(_endless_loop__.o)
 .debug_abbrev  0x00003ee8       0x14 c:/programdata/chocolatey/lib/energia/tools/energia-1.8.10e23/hardware/tools/msp430/bin/../lib/gcc/msp430/4.6.3\libcrt0.a(_unexpected_.o)
 .debug_abbrev  0x00003efc       0x14 c:/programdata/chocolatey/lib/energia/tools/energia-1.8.10e23/hardware/tools/msp430/bin/../lib/gcc/msp430/4.6.3\libcrt0.a(_ctors430.o)

.debug_line     0x00000000     0x498f
 *(.debug_line)
 .debug_line    0x00000000      0x2af ./Sensor_tx.o
 .debug_line    0x000002af      0x70f C:/Users/Apoptosis/workspace_v10/msp430_MSP-EXP430G2553LP_msp430_cc1101_energia_v2/Debug\libmsp430_MSP-EXP430G2553LP_msp430_cc1101_energia_v2.a(CC1101_MSP430.o)
 .debug_line    0x000009be      0x10f C:/Users/Apoptosis/workspace_v10/msp430_MSP-EXP430G2553LP_core/Debug\libmsp430_MSP-EXP430G2553LP_core.a(itoa.o)
 .debug_line    0x00000acd      0x31c C:/Users/Apoptosis/workspace_v10/msp430_MSP-EXP430G2553LP_core/Debug\libmsp430_MSP-EXP430G2553LP_core.a(wiring.o)
 .debug_line    0x00000de9      0x29d C:/Users/Apoptosis/workspace_v10/msp430_MSP-EXP430G2553LP_core/Debug\libmsp430_MSP-EXP430G2553LP_core.a(wiring_analog.o)
 .debug_line    0x00001086      0x253 C:/Users/Apoptosis/workspace_v10/msp430_MSP-EXP430G2553LP_core/Debug\libmsp430_MSP-EXP430G2553LP_core.a(wiring_digital.o)
 .debug_line    0x000012d9      0x3a8 C:/Users/Apoptosis/workspace_v10/msp430_MSP-EXP430G2553LP_core/Debug\libmsp430_MSP-EXP430G2553LP_core.a(HardwareSerial.o)
 .debug_line    0x00001681      0x1b8 C:/Users/Apoptosis/workspace_v10/msp430_MSP-EXP430G2553LP_core/Debug\libmsp430_MSP-EXP430G2553LP_core.a(main.o)
 .debug_line    0x00001839      0x446 C:/Users/Apoptosis/workspace_v10/msp430_MSP-EXP430G2553LP_core/Debug\libmsp430_MSP-EXP430G2553LP_core.a(Print.o)
 .debug_line    0x00001c7f      0x823 C:/Users/Apoptosis/workspace_v10/msp430_MSP-EXP430G2553LP_core/Debug\libmsp430_MSP-EXP430G2553LP_core.a(WString.o)
 .debug_line    0x000024a2       0xf4 C:/Users/Apoptosis/workspace_v10/msp430_MSP-EXP430G2553LP_core/Debug\libmsp430_MSP-EXP430G2553LP_core.a(atof.o)
 .debug_line    0x00002596      0x143 C:/Users/Apoptosis/workspace_v10/msp430_MSP-EXP430G2553LP_core/Debug\libmsp430_MSP-EXP430G2553LP_core.a(dtostrf.o)
 .debug_line    0x000026d9      0x25f C:/Users/Apoptosis/workspace_v10/msp430_MSP-EXP430G2553LP_core/Debug\libmsp430_MSP-EXP430G2553LP_core.a(usci_isr_handler.o)
 .debug_line    0x00002938      0x188 C:/Users/Apoptosis/workspace_v10/msp430_MSP-EXP430G2553LP_core/Debug\libmsp430_MSP-EXP430G2553LP_core.a(new.o)
 .debug_line    0x00002ac0      0x1c6 c:/programdata/chocolatey/lib/energia/tools/energia-1.8.10e23/hardware/tools/msp430/bin/../lib/gcc/msp430/4.6.3/../../../../msp430/lib\libm.a(ef_pow.o)
 .debug_line    0x00002c86       0x97 c:/programdata/chocolatey/lib/energia/tools/energia-1.8.10e23/hardware/tools/msp430/bin/../lib/gcc/msp430/4.6.3/../../../../msp430/lib\libm.a(sf_scalbn.o)
 .debug_line    0x00002d1d       0xb7 c:/programdata/chocolatey/lib/energia/tools/energia-1.8.10e23/hardware/tools/msp430/bin/../lib/gcc/msp430/4.6.3/../../../../msp430/lib\libm.a(ef_sqrt.o)
 .debug_line    0x00002dd4       0x73 c:/programdata/chocolatey/lib/energia/tools/energia-1.8.10e23/hardware/tools/msp430/bin/../lib/gcc/msp430/4.6.3\libgcc.a(_mulqi3.o)
 .debug_line    0x00002e47       0x74 c:/programdata/chocolatey/lib/energia/tools/energia-1.8.10e23/hardware/tools/msp430/bin/../lib/gcc/msp430/4.6.3\libgcc.a(_mulhi3.o)
 .debug_line    0x00002ebb       0x7e c:/programdata/chocolatey/lib/energia/tools/energia-1.8.10e23/hardware/tools/msp430/bin/../lib/gcc/msp430/4.6.3\libgcc.a(_mulsi3.o)
 .debug_line    0x00002f39       0x77 c:/programdata/chocolatey/lib/energia/tools/energia-1.8.10e23/hardware/tools/msp430/bin/../lib/gcc/msp430/4.6.3\libgcc.a(_udivmod16.o)
 .debug_line    0x00002fb0       0x86 c:/programdata/chocolatey/lib/energia/tools/energia-1.8.10e23/hardware/tools/msp430/bin/../lib/gcc/msp430/4.6.3\libgcc.a(_udivmod32.o)
 .debug_line    0x00003036       0x6f c:/programdata/chocolatey/lib/energia/tools/energia-1.8.10e23/hardware/tools/msp430/bin/../lib/gcc/msp430/4.6.3\libgcc.a(_fixunssfsi.o)
 .debug_line    0x000030a5      0x117 c:/programdata/chocolatey/lib/energia/tools/energia-1.8.10e23/hardware/tools/msp430/bin/../lib/gcc/msp430/4.6.3\libgcc.a(_addsub_sf.o)
 .debug_line    0x000031bc      0x10f c:/programdata/chocolatey/lib/energia/tools/energia-1.8.10e23/hardware/tools/msp430/bin/../lib/gcc/msp430/4.6.3\libgcc.a(_mul_sf.o)
 .debug_line    0x000032cb       0xd1 c:/programdata/chocolatey/lib/energia/tools/energia-1.8.10e23/hardware/tools/msp430/bin/../lib/gcc/msp430/4.6.3\libgcc.a(_div_sf.o)
 .debug_line    0x0000339c       0x89 c:/programdata/chocolatey/lib/energia/tools/energia-1.8.10e23/hardware/tools/msp430/bin/../lib/gcc/msp430/4.6.3\libgcc.a(_gt_sf.o)
 .debug_line    0x00003425       0x89 c:/programdata/chocolatey/lib/energia/tools/energia-1.8.10e23/hardware/tools/msp430/bin/../lib/gcc/msp430/4.6.3\libgcc.a(_ge_sf.o)
 .debug_line    0x000034ae       0x89 c:/programdata/chocolatey/lib/energia/tools/energia-1.8.10e23/hardware/tools/msp430/bin/../lib/gcc/msp430/4.6.3\libgcc.a(_lt_sf.o)
 .debug_line    0x00003537       0x89 c:/programdata/chocolatey/lib/energia/tools/energia-1.8.10e23/hardware/tools/msp430/bin/../lib/gcc/msp430/4.6.3\libgcc.a(_le_sf.o)
 .debug_line    0x000035c0       0xa1 c:/programdata/chocolatey/lib/energia/tools/energia-1.8.10e23/hardware/tools/msp430/bin/../lib/gcc/msp430/4.6.3\libgcc.a(_si_to_sf.o)
 .debug_line    0x00003661       0x97 c:/programdata/chocolatey/lib/energia/tools/energia-1.8.10e23/hardware/tools/msp430/bin/../lib/gcc/msp430/4.6.3\libgcc.a(_sf_to_si.o)
 .debug_line    0x000036f8       0x6c c:/programdata/chocolatey/lib/energia/tools/energia-1.8.10e23/hardware/tools/msp430/bin/../lib/gcc/msp430/4.6.3\libgcc.a(_thenan_sf.o)
 .debug_line    0x00003764       0x9e c:/programdata/chocolatey/lib/energia/tools/energia-1.8.10e23/hardware/tools/msp430/bin/../lib/gcc/msp430/4.6.3\libgcc.a(_usi_to_sf.o)
 .debug_line    0x00003802       0x99 c:/programdata/chocolatey/lib/energia/tools/energia-1.8.10e23/hardware/tools/msp430/bin/../lib/gcc/msp430/4.6.3\libgcc.a(_clzsi2.o)
 .debug_line    0x0000389b       0xda c:/programdata/chocolatey/lib/energia/tools/energia-1.8.10e23/hardware/tools/msp430/bin/../lib/gcc/msp430/4.6.3\libgcc.a(_pack_sf.o)
 .debug_line    0x00003975       0xb5 c:/programdata/chocolatey/lib/energia/tools/energia-1.8.10e23/hardware/tools/msp430/bin/../lib/gcc/msp430/4.6.3\libgcc.a(_unpack_sf.o)
 .debug_line    0x00003a2a       0xc0 c:/programdata/chocolatey/lib/energia/tools/energia-1.8.10e23/hardware/tools/msp430/bin/../lib/gcc/msp430/4.6.3\libgcc.a(_fpcmp_parts_sf.o)
 .debug_line    0x00003aea       0x5b c:/programdata/chocolatey/lib/energia/tools/energia-1.8.10e23/hardware/tools/msp430/bin/../lib/gcc/msp430/4.6.3\libgcc.a(_clz.o)
 .debug_line    0x00003b45       0x44 c:/programdata/chocolatey/lib/energia/tools/energia-1.8.10e23/hardware/tools/msp430/bin/../lib/gcc/msp430/4.6.3/../../../../msp430/lib\libc.a(strchr.o)
 .debug_line    0x00003b89       0x49 c:/programdata/chocolatey/lib/energia/tools/energia-1.8.10e23/hardware/tools/msp430/bin/../lib/gcc/msp430/4.6.3/../../../../msp430/lib\libc.a(strcmp.o)
 .debug_line    0x00003bd2       0x82 c:/programdata/chocolatey/lib/energia/tools/energia-1.8.10e23/hardware/tools/msp430/bin/../lib/gcc/msp430/4.6.3/../../../../msp430/lib\libc.a(strncmp.o)
 .debug_line    0x00003c54       0x4d c:/programdata/chocolatey/lib/energia/tools/energia-1.8.10e23/hardware/tools/msp430/bin/../lib/gcc/msp430/4.6.3/../../../../msp430/lib\libc.a(strcpy.o)
 .debug_line    0x00003ca1       0x85 c:/programdata/chocolatey/lib/energia/tools/energia-1.8.10e23/hardware/tools/msp430/bin/../lib/gcc/msp430/4.6.3/../../../../msp430/lib\libc.a(strncpy.o)
 .debug_line    0x00003d26       0xf6 c:/programdata/chocolatey/lib/energia/tools/energia-1.8.10e23/hardware/tools/msp430/bin/../lib/gcc/msp430/4.6.3/../../../../msp430/lib\libc.a(memcpy.o)
 .debug_line    0x00003e1c       0xf6 c:/programdata/chocolatey/lib/energia/tools/energia-1.8.10e23/hardware/tools/msp430/bin/../lib/gcc/msp430/4.6.3/../../../../msp430/lib\libc.a(memmove.o)
 .debug_line    0x00003f12       0x47 c:/programdata/chocolatey/lib/energia/tools/energia-1.8.10e23/hardware/tools/msp430/bin/../lib/gcc/msp430/4.6.3/../../../../msp430/lib\libc.a(strrchr.o)
 .debug_line    0x00003f59       0x86 c:/programdata/chocolatey/lib/energia/tools/energia-1.8.10e23/hardware/tools/msp430/bin/../lib/gcc/msp430/4.6.3/../../../../msp430/lib\libc.a(strstr.o)
 .debug_line    0x00003fdf       0x3d c:/programdata/chocolatey/lib/energia/tools/energia-1.8.10e23/hardware/tools/msp430/bin/../lib/gcc/msp430/4.6.3/../../../../msp430/lib\libc.a(atol.o)
 .debug_line    0x0000401c       0xce c:/programdata/chocolatey/lib/energia/tools/energia-1.8.10e23/hardware/tools/msp430/bin/../lib/gcc/msp430/4.6.3/../../../../msp430/lib\libc.a(malloc.o)
 .debug_line    0x000040ea      0x10b c:/programdata/chocolatey/lib/energia/tools/energia-1.8.10e23/hardware/tools/msp430/bin/../lib/gcc/msp430/4.6.3/../../../../msp430/lib\libc.a(strtol.o)
 .debug_line    0x000041f5       0xa9 c:/programdata/chocolatey/lib/energia/tools/energia-1.8.10e23/hardware/tools/msp430/bin/../lib/gcc/msp430/4.6.3/../../../../msp430/lib\libc.a(sprintf.o)
 .debug_line    0x0000429e      0x2df c:/programdata/chocolatey/lib/energia/tools/energia-1.8.10e23/hardware/tools/msp430/bin/../lib/gcc/msp430/4.6.3/../../../../msp430/lib\libc.a(vuprintf.o)
 .debug_line    0x0000457d       0x31 c:/programdata/chocolatey/lib/energia/tools/energia-1.8.10e23/hardware/tools/msp430/bin/../lib/gcc/msp430/4.6.3/../../../../msp430/lib\libc.a(errno.o)
 .debug_line    0x000045ae       0x8b c:/programdata/chocolatey/lib/energia/tools/energia-1.8.10e23/hardware/tools/msp430/bin/../lib/gcc/msp430/4.6.3\libgcc.a(_divmod32.o)
 .debug_line    0x00004639       0xcc c:/programdata/chocolatey/lib/energia/tools/energia-1.8.10e23/hardware/tools/msp430/bin/../lib/gcc/msp430/4.6.3\libgcc.a(_udivmod64.o)
 .debug_line    0x00004705       0x5c c:/programdata/chocolatey/lib/energia/tools/energia-1.8.10e23/hardware/tools/msp430/bin/../lib/gcc/msp430/4.6.3\libcrt0.a(__watchdog_support.o)