******************************************************************************
             TMS320C2000 Linker PC v20.2.1                     
******************************************************************************
>> Linked Tue Jun  8 21:31:17 2021

OUTPUT FILE NAME:   <test1.out>
ENTRY POINT SYMBOL: "_c_int00"  address: 00008000


MEMORY CONFIGURATION

         name            origin    length      used     unused   attr    fill
----------------------  --------  ---------  --------  --------  ----  --------
PAGE 0:
  BEGIN                 00000000   00000002  00000000  00000002  RWIX
  RAMM0                 00000050   000003b0  0000001a  00000396  RWIX
  PRAML0                00008000   00000900  000000e6  0000081a  RWIX
  IQTABLES              003fe000   00000b50  00000000  00000b50  RWIX
  IQTABLES2             003feb50   0000008c  00000000  0000008c  RWIX
  IQTABLES3             003febdc   000000aa  00000000  000000aa  RWIX
  BOOTROM               003ff27c   00000d44  00000000  00000d44  RWIX
  RESET                 003fffc0   00000002  00000000  00000002  RWIX

PAGE 1:
  BOOT_RSVD             00000002   0000004e  00000000  0000004e  RWIX
  RAMM1                 00000400   00000400  00000300  00000100  RWIX
  DRAML0                00008900   00000700  0000000a  000006f6  RWIX


SECTION ALLOCATION MAP

 output                                  attributes/
section   page    origin      length       input sections
--------  ----  ----------  ----------   ----------------
.cinit     0    00000050    0000001a     
                  00000050    0000000e     rts2800_ml.lib : exit.c.obj (.cinit)
                  0000005e    00000005                    : _lock.c.obj (.cinit:__lock)
                  00000063    00000005                    : _lock.c.obj (.cinit:__unlock)
                  00000068    00000002     --HOLE-- [fill = 0]

.text      0    00008000    000000e6     
                  00008000    00000054     rts2800_ml.lib : boot28.asm.obj (.text)
                  00008054    00000029                    : exit.c.obj (.text)
                  0000807d    00000024                    : cpy_tbl.c.obj (.text)
                  000080a1    0000001d                    : memcpy.c.obj (.text)
                  000080be    00000011                    : args_main.c.obj (.text)
                  000080cf    0000000b     main.obj (.text)
                  000080da    00000009     rts2800_ml.lib : _lock.c.obj (.text)
                  000080e3    00000002                    : pre_init.c.obj (.text)
                  000080e5    00000001                    : startup.c.obj (.text)

.pinit     0    00000050    00000000     UNINITIALIZED

.reset     0    003fffc0    00000002     DSECT
                  003fffc0    00000002     rts2800_ml.lib : boot28.asm.obj (.reset)

.stack     1    00000400    00000300     UNINITIALIZED
                  00000400    00000300     --HOLE--

.ebss      1    00008900    0000000a     UNINITIALIZED
                  00008900    00000006     rts2800_ml.lib : exit.c.obj (.ebss)
                  00008906    00000002                    : _lock.c.obj (.ebss:__lock)
                  00008908    00000002                    : _lock.c.obj (.ebss:__unlock)

MODULE SUMMARY

       Module            code   initialized data   uninitialized data
       ------            ----   ----------------   ------------------
    .\
       main.obj          11     0                  0                 
    +--+-----------------+------+------------------+--------------------+
       Total:            11     0                  0                 
                                                                     
    C:\ti\ccs1011\ccs\tools\compiler\ti-cgt-c2000_20.2.1.LTS\lib\rts2800_ml.lib
       boot28.asm.obj    84     0                  0                 
       exit.c.obj        41     14                 6                 
       cpy_tbl.c.obj     36     0                  0                 
       memcpy.c.obj      29     0                  0                 
       _lock.c.obj       9      10                 4                 
       args_main.c.obj   17     0                  0                 
       pre_init.c.obj    2      0                  0                 
       startup.c.obj     1      0                  0                 
    +--+-----------------+------+------------------+--------------------+
       Total:            219    24                 10                
                                                                     
       Stack:            0      0                  768               
    +--+-----------------+------+------------------+--------------------+
       Grand Total:      230    24                 778               


GLOBAL DATA SYMBOLS: SORTED BY DATA PAGE

address     data page           name
--------    ----------------    ----
00000400      10 (00000400)     __stack

00008900     224 (00008900)     ___TI_enable_exit_profile_output
00008902     224 (00008900)     ___TI_cleanup_ptr
00008904     224 (00008900)     ___TI_dtors_ptr
00008906     224 (00008900)     __lock
00008908     224 (00008900)     __unlock


GLOBAL SYMBOLS: SORTED ALPHABETICALLY BY Name 

page  address   name                            
----  -------   ----                            
0     00008000  .text                           
0     00008054  C$$EXIT                         
1     00000700  __STACK_END                     
abs   00000300  __STACK_SIZE                    
1     00008902  ___TI_cleanup_ptr               
1     00008904  ___TI_dtors_ptr                 
1     00008900  ___TI_enable_exit_profile_output
abs   ffffffff  ___TI_pprof_out_hndl            
abs   ffffffff  ___TI_prof_data_size            
abs   ffffffff  ___TI_prof_data_start           
abs   ffffffff  ___binit__                      
abs   ffffffff  ___c_args__                     
0     00000050  ___cinit__                      
0     000080e6  ___etext__                      
abs   ffffffff  ___pinit__                      
0     00008000  ___text__                       
0     000080be  __args_main                     
1     00008906  __lock                          
0     000080e2  __nop                           
0     000080de  __register_lock                 
0     000080da  __register_unlock               
1     00000400  __stack                         
0     000080e5  __system_post_cinit             
0     000080e3  __system_pre_init               
1     00008908  __unlock                        
0     00008054  _abort                          
0     00008000  _c_int00                        
0     0000807d  _copy_in                        
0     00008056  _exit                           
0     000080cf  _main                           
0     000080a1  _memcpy                         
abs   ffffffff  binit                           
0     00000050  cinit                           
0     000080e6  etext                           
abs   ffffffff  pinit                           


GLOBAL SYMBOLS: SORTED BY Symbol Address 

page  address   name                            
----  -------   ----                            
0     00000050  ___cinit__                      
0     00000050  cinit                           
0     00008000  .text                           
0     00008000  ___text__                       
0     00008000  _c_int00                        
0     00008054  C$$EXIT                         
0     00008054  _abort                          
0     00008056  _exit                           
0     0000807d  _copy_in                        
0     000080a1  _memcpy                         
0     000080be  __args_main                     
0     000080cf  _main                           
0     000080da  __register_unlock               
0     000080de  __register_lock                 
0     000080e2  __nop                           
0     000080e3  __system_pre_init               
0     000080e5  __system_post_cinit             
0     000080e6  ___etext__                      
0     000080e6  etext                           
1     00000400  __stack                         
1     00000700  __STACK_END                     
1     00008900  ___TI_enable_exit_profile_output
1     00008902  ___TI_cleanup_ptr               
1     00008904  ___TI_dtors_ptr                 
1     00008906  __lock                          
1     00008908  __unlock                        
abs   00000300  __STACK_SIZE                    
abs   ffffffff  ___TI_pprof_out_hndl            
abs   ffffffff  ___TI_prof_data_size            
abs   ffffffff  ___TI_prof_data_start           
abs   ffffffff  ___binit__                      
abs   ffffffff  ___c_args__                     
abs   ffffffff  ___pinit__                      
abs   ffffffff  binit                           
abs   ffffffff  pinit                           

[35 symbols]
