******************************************************************************
             TMS320C2000 Linker PC v20.2.1                     
******************************************************************************
>> Linked Wed Jun 23 20:50:41 2021

OUTPUT FILE NAME:   <Example_2802xAdc_TempSensorConv.out>
ENTRY POINT SYMBOL: "code_start"  address: 00000000


MEMORY CONFIGURATION

         name            origin    length      used     unused   attr    fill
----------------------  --------  ---------  --------  --------  ----  --------
PAGE 0:
  BEGIN                 00000000   00000002  00000002  00000000  RWIX
  RAMM0                 00000050   000003b0  000003b0  00000000  RWIX
  RAML0                 00008000   00000800  000002b3  0000054d  RWIX
  IQTABLES              003fe000   00000b50  00000000  00000b50  RWIX
  IQTABLES2             003feb50   0000008c  00000000  0000008c  RWIX
  IQTABLES3             003febdc   000000aa  00000000  000000aa  RWIX
  BOOTROM               003ff27c   00000d44  00000000  00000d44  RWIX
  RESET                 003fffc0   00000002  00000000  00000002  RWIX

PAGE 1:
  BOOT_RSVD             00000002   0000004e  00000000  0000004e  RWIX
  RAMM1                 00000400   00000400  00000326  000000da  RWIX
  DEV_EMU               00000880   00000105  00000004  00000101  RWIX
  SYS_PWR_CTL           00000985   00000003  00000003  00000000  RWIX
  FLASH_REGS            00000a80   00000060  00000008  00000058  RWIX
  CSM                   00000ae0   00000010  00000010  00000000  RWIX
  ADC_RESULT            00000b00   00000020  00000020  00000000  RWIX
  CPU_TIMER0            00000c00   00000008  00000008  00000000  RWIX
  CPU_TIMER1            00000c08   00000008  00000008  00000000  RWIX
  CPU_TIMER2            00000c10   00000008  00000008  00000000  RWIX
  PIE_CTRL              00000ce0   00000020  0000001a  00000006  RWIX
  PIE_VECT              00000d00   00000100  00000100  00000000  RWIX
  COMP1                 00006400   00000020  00000020  00000000  RWIX
  COMP2                 00006420   00000020  00000020  00000000  RWIX
  EPWM1                 00006800   00000040  00000040  00000000  RWIX
  EPWM2                 00006840   00000040  00000040  00000000  RWIX
  EPWM3                 00006880   00000040  00000040  00000000  RWIX
  EPWM4                 000068c0   00000040  00000040  00000000  RWIX
  ECAP1                 00006a00   00000020  00000020  00000000  RWIX
  GPIOCTRL              00006f80   00000040  00000040  00000000  RWIX
  GPIODAT               00006fc0   00000020  00000020  00000000  RWIX
  GPIOINT               00006fe0   00000020  0000000a  00000016  RWIX
  SYSTEM                00007010   00000020  0000001f  00000001  RWIX
  SPIA                  00007040   00000010  00000010  00000000  RWIX
  SCIA                  00007050   00000010  00000010  00000000  RWIX
  NMIINTRUPT            00007060   00000010  00000010  00000000  RWIX
  XINTRUPT              00007070   00000010  00000010  00000000  RWIX
  ADC                   00007100   00000080  00000051  0000002f  RWIX
  I2CA                  00007900   00000040  00000022  0000001e  RWIX
  PARTID                003d7fff   00000001  00000001  00000000  RWIX
  CSM_PWL               003f7ff8   00000008  00000008  00000000  RWIX


SECTION ALLOCATION MAP

 output                                  attributes/
section   page    origin      length       input sections
--------  ----  ----------  ----------   ----------------
codestart 
*          0    00000000    00000002     
                  00000000    00000002     f2802x_codestartbranch.obj (codestart)

.text.1    0    00000050    000003b0     
                  00000050    000001d6     f2802x_adc.obj (.text)
                  00000226    0000013b     f2802x_sysctrl.obj (.text)
                  00000361    0000005e     Example_2802xAdc_TempSensorConv.obj (.text)
                  000003bf    00000038     f2802x_tempsensorconv.obj (.text)
                  000003f7    00000009     rts2800_ml.lib : _lock.c.obj (.text)

.text.2    0    00008000    00000295     
                  00008000    000000ff     f2802x_defaultisr.obj (.text:retain)
                  000080ff    0000005a     rts2800_ml.lib : fs_mpy28.asm.obj (.text)
                  00008159    00000054                    : boot28.asm.obj (.text)
                  000081ad    00000029                    : exit.c.obj (.text)
                  000081d6    00000029                    : fs_tol28.asm.obj (.text)
                  000081ff    00000028     f2802x_piectrl.obj (.text)
                  00008227    00000024     rts2800_ml.lib : cpy_tbl.c.obj (.text)
                  0000824b    0000001d                    : memcpy.c.obj (.text)
                  00008268    00000011     f2802x_pievect.obj (.text)
                  00008279    00000011     rts2800_ml.lib : args_main.c.obj (.text)
                  0000828a    00000008     f2802x_codestartbranch.obj (.text)
                  00008292    00000002     rts2800_ml.lib : pre_init.c.obj (.text)
                  00008294    00000001                    : startup.c.obj (.text)

.cinit     0    00008295    0000001a     
                  00008295    0000000e     rts2800_ml.lib : exit.c.obj (.cinit)
                  000082a3    00000005                    : _lock.c.obj (.cinit:__lock)
                  000082a8    00000005                    : _lock.c.obj (.cinit:__unlock)
                  000082ad    00000002     --HOLE-- [fill = 0]

.econst    1    00000600    00000100     
                  00000600    00000100     f2802x_pievect.obj (.econst:_PieVectTableInit)

DevEmuRegsFile 
*          1    00000880    00000004     UNINITIALIZED
                  00000880    00000004     F2802x_GlobalVariableDefs.obj (DevEmuRegsFile)

SysPwrCtrlRegsFile 
*          1    00000985    00000003     UNINITIALIZED
                  00000985    00000003     F2802x_GlobalVariableDefs.obj (SysPwrCtrlRegsFile)

FlashRegsFile 
*          1    00000a80    00000008     UNINITIALIZED
                  00000a80    00000008     F2802x_GlobalVariableDefs.obj (FlashRegsFile)

CsmRegsFile 
*          1    00000ae0    00000010     UNINITIALIZED
                  00000ae0    00000010     F2802x_GlobalVariableDefs.obj (CsmRegsFile)

AdcResultFile 
*          1    00000b00    00000020     UNINITIALIZED
                  00000b00    00000020     F2802x_GlobalVariableDefs.obj (AdcResultFile)

CpuTimer0RegsFile 
*          1    00000c00    00000008     UNINITIALIZED
                  00000c00    00000008     F2802x_GlobalVariableDefs.obj (CpuTimer0RegsFile)

CpuTimer1RegsFile 
*          1    00000c08    00000008     UNINITIALIZED
                  00000c08    00000008     F2802x_GlobalVariableDefs.obj (CpuTimer1RegsFile)

CpuTimer2RegsFile 
*          1    00000c10    00000008     UNINITIALIZED
                  00000c10    00000008     F2802x_GlobalVariableDefs.obj (CpuTimer2RegsFile)

PieCtrlRegsFile 
*          1    00000ce0    0000001a     UNINITIALIZED
                  00000ce0    0000001a     F2802x_GlobalVariableDefs.obj (PieCtrlRegsFile)

PieVectTableFile 
*          1    00000d00    00000100     UNINITIALIZED
                  00000d00    00000100     F2802x_GlobalVariableDefs.obj (PieVectTableFile)

EmuKeyVar 
*          1    00000d00    00000001     UNINITIALIZED
                  00000d00    00000001     F2802x_GlobalVariableDefs.obj (EmuKeyVar)

EmuBModeVar 
*          1    00000d01    00000001     UNINITIALIZED
                  00000d01    00000001     F2802x_GlobalVariableDefs.obj (EmuBModeVar)

FlashCallbackVar 
*          1    00000d02    00000002     UNINITIALIZED
                  00000d02    00000002     F2802x_GlobalVariableDefs.obj (FlashCallbackVar)

FlashScalingVar 
*          1    00000d04    00000002     UNINITIALIZED
                  00000d04    00000002     F2802x_GlobalVariableDefs.obj (FlashScalingVar)

Comp1RegsFile 
*          1    00006400    00000020     UNINITIALIZED
                  00006400    00000020     F2802x_GlobalVariableDefs.obj (Comp1RegsFile)

Comp2RegsFile 
*          1    00006420    00000020     UNINITIALIZED
                  00006420    00000020     F2802x_GlobalVariableDefs.obj (Comp2RegsFile)

EPwm1RegsFile 
*          1    00006800    00000040     UNINITIALIZED
                  00006800    00000040     F2802x_GlobalVariableDefs.obj (EPwm1RegsFile)

EPwm2RegsFile 
*          1    00006840    00000040     UNINITIALIZED
                  00006840    00000040     F2802x_GlobalVariableDefs.obj (EPwm2RegsFile)

EPwm3RegsFile 
*          1    00006880    00000040     UNINITIALIZED
                  00006880    00000040     F2802x_GlobalVariableDefs.obj (EPwm3RegsFile)

EPwm4RegsFile 
*          1    000068c0    00000040     UNINITIALIZED
                  000068c0    00000040     F2802x_GlobalVariableDefs.obj (EPwm4RegsFile)

ECap1RegsFile 
*          1    00006a00    00000020     UNINITIALIZED
                  00006a00    00000020     F2802x_GlobalVariableDefs.obj (ECap1RegsFile)

GpioCtrlRegsFile 
*          1    00006f80    00000040     UNINITIALIZED
                  00006f80    00000040     F2802x_GlobalVariableDefs.obj (GpioCtrlRegsFile)

GpioDataRegsFile 
*          1    00006fc0    00000020     UNINITIALIZED
                  00006fc0    00000020     F2802x_GlobalVariableDefs.obj (GpioDataRegsFile)

GpioIntRegsFile 
*          1    00006fe0    0000000a     UNINITIALIZED
                  00006fe0    0000000a     F2802x_GlobalVariableDefs.obj (GpioIntRegsFile)

SysCtrlRegsFile 
*          1    00007010    0000001f     UNINITIALIZED
                  00007010    0000001f     F2802x_GlobalVariableDefs.obj (SysCtrlRegsFile)

SpiaRegsFile 
*          1    00007040    00000010     UNINITIALIZED
                  00007040    00000010     F2802x_GlobalVariableDefs.obj (SpiaRegsFile)

SciaRegsFile 
*          1    00007050    00000010     UNINITIALIZED
                  00007050    00000010     F2802x_GlobalVariableDefs.obj (SciaRegsFile)

NmiIntruptRegsFile 
*          1    00007060    00000010     UNINITIALIZED
                  00007060    00000010     F2802x_GlobalVariableDefs.obj (NmiIntruptRegsFile)

XIntruptRegsFile 
*          1    00007070    00000010     UNINITIALIZED
                  00007070    00000010     F2802x_GlobalVariableDefs.obj (XIntruptRegsFile)

AdcRegsFile 
*          1    00007100    00000051     UNINITIALIZED
                  00007100    00000051     F2802x_GlobalVariableDefs.obj (AdcRegsFile)

I2caRegsFile 
*          1    00007900    00000022     UNINITIALIZED
                  00007900    00000022     F2802x_GlobalVariableDefs.obj (I2caRegsFile)

PartIdRegsFile 
*          1    003d7fff    00000001     UNINITIALIZED
                  003d7fff    00000001     F2802x_GlobalVariableDefs.obj (PartIdRegsFile)

CsmPwlFile 
*          1    003f7ff8    00000008     UNINITIALIZED
                  003f7ff8    00000008     F2802x_GlobalVariableDefs.obj (CsmPwlFile)

.pinit     0    00000050    00000000     UNINITIALIZED

.reset     0    003fffc0    00000002     DSECT
                  003fffc0    00000002     rts2800_ml.lib : boot28.asm.obj (.reset)

.stack     1    00000400    00000200     UNINITIALIZED
                  00000400    00000200     --HOLE--

.ebss      1    00000700    00000026     UNINITIALIZED
                  00000700    00000018     f2802x_cputimers.obj (.ebss)
                  00000718    00000006     rts2800_ml.lib : exit.c.obj (.ebss)
                  0000071e    00000003     Example_2802xAdc_TempSensorConv.obj (.ebss)
                  00000721    00000001     --HOLE--
                  00000722    00000002     rts2800_ml.lib : _lock.c.obj (.ebss:__lock)
                  00000724    00000002                    : _lock.c.obj (.ebss:__unlock)

ramfuncs   0    000082af    00000004     
                  000082af    00000004     f2802x_usdelay.obj (ramfuncs)

MODULE SUMMARY

       Module                                code   initialized data   uninitialized data
       ------                                ----   ----------------   ------------------
    .\
       F2802x_GlobalVariableDefs.obj         0      0                  1052              
       f2802x_adc.obj                        470    0                  0                 
       f2802x_sysctrl.obj                    315    0                  0                 
       f2802x_pievect.obj                    17     256                0                 
       f2802x_defaultisr.obj                 255    0                  0                 
       Example_2802xAdc_TempSensorConv.obj   94     0                  3                 
       f2802x_tempsensorconv.obj             56     0                  0                 
       f2802x_piectrl.obj                    40     0                  0                 
       f2802x_cputimers.obj                  0      0                  24                
       f2802x_codestartbranch.obj            10     0                  0                 
       f2802x_usdelay.obj                    4      0                  0                 
    +--+-------------------------------------+------+------------------+--------------------+
       Total:                                1261   256                1079              
                                                                                         
    C:/ti/ccs1011/ccs/tools/compiler/ti-cgt-c2000_20.2.1.LTS/lib/rts2800_ml.lib
       fs_mpy28.asm.obj                      90     0                  0                 
       boot28.asm.obj                        84     0                  0                 
       exit.c.obj                            41     14                 6                 
       fs_tol28.asm.obj                      41     0                  0                 
       cpy_tbl.c.obj                         36     0                  0                 
       memcpy.c.obj                          29     0                  0                 
       _lock.c.obj                           9      10                 4                 
       args_main.c.obj                       17     0                  0                 
       pre_init.c.obj                        2      0                  0                 
       startup.c.obj                         1      0                  0                 
    +--+-------------------------------------+------+------------------+--------------------+
       Total:                                350    24                 10                
                                                                                         
       Stack:                                0      0                  512               
    +--+-------------------------------------+------+------------------+--------------------+
       Grand Total:                          1611   280                1601              


GLOBAL DATA SYMBOLS: SORTED BY DATA PAGE

address     data page           name
--------    ----------------    ----
00000400      10 (00000400)     __stack

00000600      18 (00000600)     _PieVectTableInit

00000700      1c (00000700)     _CpuTimer0
00000708      1c (00000700)     _CpuTimer1
00000710      1c (00000700)     _CpuTimer2
00000718      1c (00000700)     ___TI_enable_exit_profile_output
0000071a      1c (00000700)     ___TI_cleanup_ptr
0000071c      1c (00000700)     ___TI_dtors_ptr
0000071e      1c (00000700)     _temp
0000071f      1c (00000700)     _degC
00000720      1c (00000700)     _degK
00000722      1c (00000700)     __lock
00000724      1c (00000700)     __unlock

00000880      22 (00000880)     _DevEmuRegs

00000985      26 (00000980)     _SysPwrCtrlRegs

00000a80      2a (00000a80)     _FlashRegs

00000ae0      2b (00000ac0)     _CsmRegs

00000b00      2c (00000b00)     _AdcResult

00000c00      30 (00000c00)     _CpuTimer0Regs
00000c08      30 (00000c00)     _CpuTimer1Regs
00000c10      30 (00000c00)     _CpuTimer2Regs

00000ce0      33 (00000cc0)     _PieCtrlRegs

00000d00      34 (00000d00)     _EmuKey
00000d00      34 (00000d00)     _PieVectTable
00000d01      34 (00000d00)     _EmuBMode
00000d02      34 (00000d00)     _Flash_CallbackPtr
00000d04      34 (00000d00)     _Flash_CPUScaleFactor

00006400     190 (00006400)     _Comp1Regs
00006420     190 (00006400)     _Comp2Regs

00006800     1a0 (00006800)     _EPwm1Regs

00006840     1a1 (00006840)     _EPwm2Regs

00006880     1a2 (00006880)     _EPwm3Regs

000068c0     1a3 (000068c0)     _EPwm4Regs

00006a00     1a8 (00006a00)     _ECap1Regs

00006f80     1be (00006f80)     _GpioCtrlRegs

00006fc0     1bf (00006fc0)     _GpioDataRegs
00006fe0     1bf (00006fc0)     _GpioIntRegs

00007010     1c0 (00007000)     _SysCtrlRegs

00007040     1c1 (00007040)     _SpiaRegs
00007050     1c1 (00007040)     _SciaRegs
00007060     1c1 (00007040)     _NmiIntruptRegs
00007070     1c1 (00007040)     _XIntruptRegs

00007100     1c4 (00007100)     _AdcRegs

00007900     1e4 (00007900)     _I2caRegs

003d7fff    f5ff (003d7fc0)     _PartIdRegs

003f7ff8    fdff (003f7fc0)     _CsmPwl


GLOBAL SYMBOLS: SORTED ALPHABETICALLY BY Name 

page  address   name                            
----  -------   ----                            
abs   ffffffff  .text                           
0     000081ad  C$$EXIT                         
0     000080ff  FS$$MPY                         
0     000081d6  FS$$TOL                         
0     000080fa  _ADCINT1_ISR                    
0     000080f5  _ADCINT2_ISR                    
0     000080f0  _ADCINT3_ISR                    
0     000080eb  _ADCINT4_ISR                    
0     000080e6  _ADCINT5_ISR                    
0     000080e1  _ADCINT6_ISR                    
0     000080dc  _ADCINT7_ISR                    
0     000080d7  _ADCINT8_ISR                    
0     000080d2  _ADCINT9_ISR                    
0     00000095  _AdcChanSelect                  
0     000000ed  _AdcConversion                  
0     00000201  _AdcOffsetSelfCal               
1     00007100  _AdcRegs                        
1     00000b00  _AdcResult                      
1     00006400  _Comp1Regs                      
1     00006420  _Comp2Regs                      
1     00000700  _CpuTimer0                      
1     00000c00  _CpuTimer0Regs                  
1     00000708  _CpuTimer1                      
1     00000c08  _CpuTimer1Regs                  
1     00000710  _CpuTimer2                      
1     00000c10  _CpuTimer2Regs                  
1     003f7ff8  _CsmPwl                         
1     00000ae0  _CsmRegs                        
0     00000333  _CsmUnlock                      
0     000080cd  _DATALOG_ISR                    
0     000082af  _DSP28x_usDelay                 
1     00000880  _DevEmuRegs                     
0     00000270  _DisableDog                     
0     000080c8  _ECAP1_INT_ISR                  
1     00006a00  _ECap1Regs                      
0     000080c3  _EMPTY_ISR                      
0     000080be  _EMUINT_ISR                     
0     000080b9  _EPWM1_INT_ISR                  
0     000080b4  _EPWM1_TZINT_ISR                
0     000080af  _EPWM2_INT_ISR                  
0     000080aa  _EPWM2_TZINT_ISR                
0     000080a5  _EPWM3_INT_ISR                  
0     000080a0  _EPWM3_TZINT_ISR                
0     0000809b  _EPWM4_INT_ISR                  
0     00008096  _EPWM4_TZINT_ISR                
1     00006800  _EPwm1Regs                      
1     00006840  _EPwm2Regs                      
1     00006880  _EPwm3Regs                      
1     000068c0  _EPwm4Regs                      
1     00000d01  _EmuBMode                       
1     00000d00  _EmuKey                         
0     0000821e  _EnableInterrupts               
0     0000031b  _ExtOscSel                      
1     00000a80  _FlashRegs                      
1     00000d04  _Flash_CPUScaleFactor           
1     00000d02  _Flash_CallbackPtr              
0     000003da  _GetTemperatureC                
0     000003bf  _GetTemperatureK                
1     00006f80  _GpioCtrlRegs                   
1     00006fc0  _GpioDataRegs                   
1     00006fe0  _GpioIntRegs                    
0     00008091  _I2CINT1A_ISR                   
0     0000808c  _I2CINT2A_ISR                   
1     00007900  _I2caRegs                       
0     00008087  _ILLEGAL_ISR                    
0     00008082  _INT13_ISR                      
0     0000807d  _INT14_ISR                      
0     00000076  _InitAdc                        
0     00000050  _InitAdcAio                     
0     000002ca  _InitPeripheralClocks           
0     000081ff  _InitPieCtrl                    
0     00008268  _InitPieVectTable               
0     00000278  _InitPll                        
0     00000303  _InitSysCtrl                    
0     00000260  _IntOsc1Sel                     
0     0000024c  _IntOsc2Sel                     
0     00008078  _NMI_ISR                        
1     00007060  _NmiIntruptRegs                 
0     00008073  _PIE_RESERVED                   
1     003d7fff  _PartIdRegs                     
1     00000ce0  _PieCtrlRegs                    
1     00000d00  _PieVectTable                   
1     00000600  _PieVectTableInit               
0     0000806e  _RTOSINT_ISR                    
0     00008069  _SCIRXINTA_ISR                  
0     00008064  _SCITXINTA_ISR                  
0     0000805f  _SPIRXINTA_ISR                  
0     0000805a  _SPITXINTA_ISR                  
1     00007050  _SciaRegs                       
0     00000242  _ServiceDog                     
1     00007040  _SpiaRegs                       
1     00007010  _SysCtrlRegs                    
1     00000985  _SysPwrCtrlRegs                 
0     00008055  _TINT0_ISR                      
0     00008050  _USER10_ISR                     
0     0000804b  _USER11_ISR                     
0     00008046  _USER12_ISR                     
0     00008041  _USER1_ISR                      
0     0000803c  _USER2_ISR                      
0     00008037  _USER3_ISR                      
0     00008032  _USER4_ISR                      
0     0000802d  _USER5_ISR                      
0     00008028  _USER6_ISR                      
0     00008023  _USER7_ISR                      
0     0000801e  _USER8_ISR                      
0     00008019  _USER9_ISR                      
0     00008014  _WAKEINT_ISR                    
0     0000800f  _XINT1_ISR                      
0     0000800a  _XINT2_ISR                      
0     00008005  _XINT3_ISR                      
1     00007070  _XIntruptRegs                   
0     00000226  _XtalOscSel                     
1     00000600  __STACK_END                     
abs   00000200  __STACK_SIZE                    
1     0000071a  ___TI_cleanup_ptr               
1     0000071c  ___TI_dtors_ptr                 
1     00000718  ___TI_enable_exit_profile_output
abs   ffffffff  ___TI_pprof_out_hndl            
abs   ffffffff  ___TI_prof_data_size            
abs   ffffffff  ___TI_prof_data_start           
abs   ffffffff  ___binit__                      
abs   ffffffff  ___c_args__                     
0     00008295  ___cinit__                      
abs   ffffffff  ___etext__                      
abs   ffffffff  ___pinit__                      
abs   ffffffff  ___text__                       
0     00008279  __args_main                     
1     00000722  __lock                          
0     000003ff  __nop                           
0     000003fb  __register_lock                 
0     000003f7  __register_unlock               
1     00000400  __stack                         
0     00008294  __system_post_cinit             
0     00008292  __system_pre_init               
1     00000724  __unlock                        
0     000081ad  _abort                          
0     00008159  _c_int00                        
0     00008227  _copy_in                        
1     0000071f  _degC                           
1     00000720  _degK                           
0     000081af  _exit                           
0     00000361  _main                           
0     0000824b  _memcpy                         
0     00008000  _rsvd_ISR                       
1     0000071e  _temp                           
abs   ffffffff  binit                           
0     00008295  cinit                           
0     00000000  code_start                      
abs   ffffffff  etext                           
abs   ffffffff  pinit                           


GLOBAL SYMBOLS: SORTED BY Symbol Address 

page  address   name                            
----  -------   ----                            
0     00000000  code_start                      
0     00000050  _InitAdcAio                     
0     00000076  _InitAdc                        
0     00000095  _AdcChanSelect                  
0     000000ed  _AdcConversion                  
0     00000201  _AdcOffsetSelfCal               
0     00000226  _XtalOscSel                     
0     00000242  _ServiceDog                     
0     0000024c  _IntOsc2Sel                     
0     00000260  _IntOsc1Sel                     
0     00000270  _DisableDog                     
0     00000278  _InitPll                        
0     000002ca  _InitPeripheralClocks           
0     00000303  _InitSysCtrl                    
0     0000031b  _ExtOscSel                      
0     00000333  _CsmUnlock                      
0     00000361  _main                           
0     000003bf  _GetTemperatureK                
0     000003da  _GetTemperatureC                
0     000003f7  __register_unlock               
0     000003fb  __register_lock                 
0     000003ff  __nop                           
0     00008000  _rsvd_ISR                       
0     00008005  _XINT3_ISR                      
0     0000800a  _XINT2_ISR                      
0     0000800f  _XINT1_ISR                      
0     00008014  _WAKEINT_ISR                    
0     00008019  _USER9_ISR                      
0     0000801e  _USER8_ISR                      
0     00008023  _USER7_ISR                      
0     00008028  _USER6_ISR                      
0     0000802d  _USER5_ISR                      
0     00008032  _USER4_ISR                      
0     00008037  _USER3_ISR                      
0     0000803c  _USER2_ISR                      
0     00008041  _USER1_ISR                      
0     00008046  _USER12_ISR                     
0     0000804b  _USER11_ISR                     
0     00008050  _USER10_ISR                     
0     00008055  _TINT0_ISR                      
0     0000805a  _SPITXINTA_ISR                  
0     0000805f  _SPIRXINTA_ISR                  
0     00008064  _SCITXINTA_ISR                  
0     00008069  _SCIRXINTA_ISR                  
0     0000806e  _RTOSINT_ISR                    
0     00008073  _PIE_RESERVED                   
0     00008078  _NMI_ISR                        
0     0000807d  _INT14_ISR                      
0     00008082  _INT13_ISR                      
0     00008087  _ILLEGAL_ISR                    
0     0000808c  _I2CINT2A_ISR                   
0     00008091  _I2CINT1A_ISR                   
0     00008096  _EPWM4_TZINT_ISR                
0     0000809b  _EPWM4_INT_ISR                  
0     000080a0  _EPWM3_TZINT_ISR                
0     000080a5  _EPWM3_INT_ISR                  
0     000080aa  _EPWM2_TZINT_ISR                
0     000080af  _EPWM2_INT_ISR                  
0     000080b4  _EPWM1_TZINT_ISR                
0     000080b9  _EPWM1_INT_ISR                  
0     000080be  _EMUINT_ISR                     
0     000080c3  _EMPTY_ISR                      
0     000080c8  _ECAP1_INT_ISR                  
0     000080cd  _DATALOG_ISR                    
0     000080d2  _ADCINT9_ISR                    
0     000080d7  _ADCINT8_ISR                    
0     000080dc  _ADCINT7_ISR                    
0     000080e1  _ADCINT6_ISR                    
0     000080e6  _ADCINT5_ISR                    
0     000080eb  _ADCINT4_ISR                    
0     000080f0  _ADCINT3_ISR                    
0     000080f5  _ADCINT2_ISR                    
0     000080fa  _ADCINT1_ISR                    
0     000080ff  FS$$MPY                         
0     00008159  _c_int00                        
0     000081ad  C$$EXIT                         
0     000081ad  _abort                          
0     000081af  _exit                           
0     000081d6  FS$$TOL                         
0     000081ff  _InitPieCtrl                    
0     0000821e  _EnableInterrupts               
0     00008227  _copy_in                        
0     0000824b  _memcpy                         
0     00008268  _InitPieVectTable               
0     00008279  __args_main                     
0     00008292  __system_pre_init               
0     00008294  __system_post_cinit             
0     00008295  ___cinit__                      
0     00008295  cinit                           
0     000082af  _DSP28x_usDelay                 
1     00000400  __stack                         
1     00000600  _PieVectTableInit               
1     00000600  __STACK_END                     
1     00000700  _CpuTimer0                      
1     00000708  _CpuTimer1                      
1     00000710  _CpuTimer2                      
1     00000718  ___TI_enable_exit_profile_output
1     0000071a  ___TI_cleanup_ptr               
1     0000071c  ___TI_dtors_ptr                 
1     0000071e  _temp                           
1     0000071f  _degC                           
1     00000720  _degK                           
1     00000722  __lock                          
1     00000724  __unlock                        
1     00000880  _DevEmuRegs                     
1     00000985  _SysPwrCtrlRegs                 
1     00000a80  _FlashRegs                      
1     00000ae0  _CsmRegs                        
1     00000b00  _AdcResult                      
1     00000c00  _CpuTimer0Regs                  
1     00000c08  _CpuTimer1Regs                  
1     00000c10  _CpuTimer2Regs                  
1     00000ce0  _PieCtrlRegs                    
1     00000d00  _EmuKey                         
1     00000d00  _PieVectTable                   
1     00000d01  _EmuBMode                       
1     00000d02  _Flash_CallbackPtr              
1     00000d04  _Flash_CPUScaleFactor           
1     00006400  _Comp1Regs                      
1     00006420  _Comp2Regs                      
1     00006800  _EPwm1Regs                      
1     00006840  _EPwm2Regs                      
1     00006880  _EPwm3Regs                      
1     000068c0  _EPwm4Regs                      
1     00006a00  _ECap1Regs                      
1     00006f80  _GpioCtrlRegs                   
1     00006fc0  _GpioDataRegs                   
1     00006fe0  _GpioIntRegs                    
1     00007010  _SysCtrlRegs                    
1     00007040  _SpiaRegs                       
1     00007050  _SciaRegs                       
1     00007060  _NmiIntruptRegs                 
1     00007070  _XIntruptRegs                   
1     00007100  _AdcRegs                        
1     00007900  _I2caRegs                       
1     003d7fff  _PartIdRegs                     
1     003f7ff8  _CsmPwl                         
abs   00000200  __STACK_SIZE                    
abs   ffffffff  .text                           
abs   ffffffff  ___TI_pprof_out_hndl            
abs   ffffffff  ___TI_prof_data_size            
abs   ffffffff  ___TI_prof_data_start           
abs   ffffffff  ___binit__                      
abs   ffffffff  ___c_args__                     
abs   ffffffff  ___etext__                      
abs   ffffffff  ___pinit__                      
abs   ffffffff  ___text__                       
abs   ffffffff  binit                           
abs   ffffffff  etext                           
abs   ffffffff  pinit                           

[150 symbols]
