******************************************************************************
             TMS320C2000 Linker PC v20.2.1                     
******************************************************************************
>> Linked Fri Jul  9 20:59:18 2021

OUTPUT FILE NAME:   <Example_28027_Flash.out>
ENTRY POINT SYMBOL: "code_start"  address: 003f7ff6


MEMORY CONFIGURATION

         name            origin    length      used     unused   attr    fill
----------------------  --------  ---------  --------  --------  ----  --------
PAGE 0:
  RAMM0                 00000050   000003b0  00000380  00000030  RWIX
  OTP                   003d7800   00000400  00000000  00000400  RWIX
  FLASHB                003f6000   00001000  00000100  00000f00  RWIX
  FLASHA                003f7000   00000f80  00000f70  00000010  RWIX
  CSM_RSVD              003f7f80   00000076  00000076  00000000  RWIX
  BEGIN                 003f7ff6   00000002  00000002  00000000  RWIX
  CSM_PWL_P0            003f7ff8   00000008  00000008  00000000  RWIX
  IQTABLES              003fe000   00000b50  00000000  00000b50  RWIX
  IQTABLES2             003feb50   0000008c  00000000  0000008c  RWIX
  IQTABLES3             003febdc   000000aa  00000000  000000aa  RWIX
  ROM                   003ff27c   00000d44  00000000  00000d44  RWIX
  RESET                 003fffc0   00000002  00000000  00000002  RWIX
  VECTORS               003fffc2   0000003e  00000000  0000003e  RWIX

PAGE 1:
  BOOT_RSVD             00000000   00000050  00000000  00000050  RWIX
  RAMM1                 00000400   00000400  000003ba  00000046  RWIX
  DEV_EMU               00000880   00000105  00000004  00000101  RWIX
  SYS_PWR_CTL           00000985   00000003  00000003  00000000  RWIX
  FLASH_REGS            00000a80   00000060  00000008  00000058  RWIX
  CSM                   00000ae0   00000010  00000010  00000000  RWIX
  ADC_RESULT            00000b00   00000020  00000020  00000000  RWIX
  CPU_TIMER0            00000c00   00000008  00000008  00000000  RWIX
  CPU_TIMER1            00000c08   00000008  00000008  00000000  RWIX
  CPU_TIMER2            00000c10   00000008  00000008  00000000  RWIX
  PIE_CTRL              00000ce0   00000020  0000001a  00000006  RWIX
  PIE_VECT              00000d00   00000100  00000100  00000000  RWIX
  COMP1                 00006400   00000020  00000020  00000000  RWIX
  COMP2                 00006420   00000020  00000020  00000000  RWIX
  EPWM1                 00006800   00000040  00000040  00000000  RWIX
  EPWM2                 00006840   00000040  00000040  00000000  RWIX
  EPWM3                 00006880   00000040  00000040  00000000  RWIX
  EPWM4                 000068c0   00000040  00000040  00000000  RWIX
  ECAP1                 00006a00   00000020  00000020  00000000  RWIX
  GPIOCTRL              00006f80   00000040  00000040  00000000  RWIX
  GPIODAT               00006fc0   00000020  00000020  00000000  RWIX
  GPIOINT               00006fe0   00000020  0000000a  00000016  RWIX
  SYSTEM                00007010   00000020  0000001f  00000001  RWIX
  SPIA                  00007040   00000010  00000010  00000000  RWIX
  SCIA                  00007050   00000010  00000010  00000000  RWIX
  NMIINTRUPT            00007060   00000010  00000010  00000000  RWIX
  XINTRUPT              00007070   00000010  00000010  00000000  RWIX
  ADC                   00007100   00000080  00000051  0000002f  RWIX
  I2CA                  00007900   00000040  00000022  0000001e  RWIX
  RAML0                 00008000   00000400  00000000  00000400  RWIX
  PARTID                003d7fff   00000001  00000001  00000000  RWIX
  CSM_PWL               003f7ff8   00000008  00000008  00000000  RWIX


SECTION ALLOCATION MAP

 output                                  attributes/
section   page    origin      length       input sections
--------  ----  ----------  ----------   ----------------
.econst    0    003f6000    00000100     
                  003f6000    00000100     f2802x_pievect.obj (.econst:_PieVectTableInit)

ramfuncs   0    003f7000    00000380     RUN ADDR = 00000050
                  003f7000    00000295     buck_2802xFlash.obj (ramfuncs)
                  003f7295    000000e7     buck_2802xFlash.obj (ramfuncs:retain)
                  003f737c    00000004     f2802x_usdelay.obj (ramfuncs)

.cinit     0    003f7e60    00000110     
                  003f7e60    000000d8     buck_2802xFlash.obj (.cinit)
                  003f7f38    0000000e     rts2800_ml.lib : exit.c.obj (.cinit)
                  003f7f46    00000009     buck_2802xFlash.obj (.cinit:_error_list0)
                  003f7f4f    00000009     buck_2802xFlash.obj (.cinit:_error_list1)
                  003f7f58    00000005     rts2800_ml.lib : _lock.c.obj (.cinit:__lock)
                  003f7f5d    00000005                    : _lock.c.obj (.cinit:__unlock)
                  003f7f62    00000004     buck_2802xFlash.obj (.cinit:_ADC0)
                  003f7f66    00000004     buck_2802xFlash.obj (.cinit:_ADC1)
                  003f7f6a    00000004     buck_2802xFlash.obj (.cinit:_ADC2)
                  003f7f6e    00000002     --HOLE-- [fill = 0]

csm_rsvd   0    003f7f80    00000076     
                  003f7f80    00000076     f2802x_csmpasswords.obj (csm_rsvd)

codestart 
*          0    003f7ff6    00000002     
                  003f7ff6    00000002     f2802x_codestartbranch.obj (codestart)

DevEmuRegsFile 
*          1    00000880    00000004     UNINITIALIZED
                  00000880    00000004     F2802x_GlobalVariableDefs.obj (DevEmuRegsFile)

SysPwrCtrlRegsFile 
*          1    00000985    00000003     UNINITIALIZED
                  00000985    00000003     F2802x_GlobalVariableDefs.obj (SysPwrCtrlRegsFile)

FlashRegsFile 
*          1    00000a80    00000008     UNINITIALIZED
                  00000a80    00000008     F2802x_GlobalVariableDefs.obj (FlashRegsFile)

CsmRegsFile 
*          1    00000ae0    00000010     UNINITIALIZED
                  00000ae0    00000010     F2802x_GlobalVariableDefs.obj (CsmRegsFile)

AdcResultFile 
*          1    00000b00    00000020     UNINITIALIZED
                  00000b00    00000020     F2802x_GlobalVariableDefs.obj (AdcResultFile)

CpuTimer0RegsFile 
*          1    00000c00    00000008     UNINITIALIZED
                  00000c00    00000008     F2802x_GlobalVariableDefs.obj (CpuTimer0RegsFile)

CpuTimer1RegsFile 
*          1    00000c08    00000008     UNINITIALIZED
                  00000c08    00000008     F2802x_GlobalVariableDefs.obj (CpuTimer1RegsFile)

CpuTimer2RegsFile 
*          1    00000c10    00000008     UNINITIALIZED
                  00000c10    00000008     F2802x_GlobalVariableDefs.obj (CpuTimer2RegsFile)

PieCtrlRegsFile 
*          1    00000ce0    0000001a     UNINITIALIZED
                  00000ce0    0000001a     F2802x_GlobalVariableDefs.obj (PieCtrlRegsFile)

PieVectTableFile 
*          1    00000d00    00000100     UNINITIALIZED
                  00000d00    00000100     F2802x_GlobalVariableDefs.obj (PieVectTableFile)

EmuKeyVar 
*          1    00000d00    00000001     UNINITIALIZED
                  00000d00    00000001     F2802x_GlobalVariableDefs.obj (EmuKeyVar)

EmuBModeVar 
*          1    00000d01    00000001     UNINITIALIZED
                  00000d01    00000001     F2802x_GlobalVariableDefs.obj (EmuBModeVar)

FlashCallbackVar 
*          1    00000d02    00000002     UNINITIALIZED
                  00000d02    00000002     F2802x_GlobalVariableDefs.obj (FlashCallbackVar)

FlashScalingVar 
*          1    00000d04    00000002     UNINITIALIZED
                  00000d04    00000002     F2802x_GlobalVariableDefs.obj (FlashScalingVar)

Comp1RegsFile 
*          1    00006400    00000020     UNINITIALIZED
                  00006400    00000020     F2802x_GlobalVariableDefs.obj (Comp1RegsFile)

Comp2RegsFile 
*          1    00006420    00000020     UNINITIALIZED
                  00006420    00000020     F2802x_GlobalVariableDefs.obj (Comp2RegsFile)

EPwm1RegsFile 
*          1    00006800    00000040     UNINITIALIZED
                  00006800    00000040     F2802x_GlobalVariableDefs.obj (EPwm1RegsFile)

EPwm2RegsFile 
*          1    00006840    00000040     UNINITIALIZED
                  00006840    00000040     F2802x_GlobalVariableDefs.obj (EPwm2RegsFile)

EPwm3RegsFile 
*          1    00006880    00000040     UNINITIALIZED
                  00006880    00000040     F2802x_GlobalVariableDefs.obj (EPwm3RegsFile)

EPwm4RegsFile 
*          1    000068c0    00000040     UNINITIALIZED
                  000068c0    00000040     F2802x_GlobalVariableDefs.obj (EPwm4RegsFile)

ECap1RegsFile 
*          1    00006a00    00000020     UNINITIALIZED
                  00006a00    00000020     F2802x_GlobalVariableDefs.obj (ECap1RegsFile)

GpioCtrlRegsFile 
*          1    00006f80    00000040     UNINITIALIZED
                  00006f80    00000040     F2802x_GlobalVariableDefs.obj (GpioCtrlRegsFile)

GpioDataRegsFile 
*          1    00006fc0    00000020     UNINITIALIZED
                  00006fc0    00000020     F2802x_GlobalVariableDefs.obj (GpioDataRegsFile)

GpioIntRegsFile 
*          1    00006fe0    0000000a     UNINITIALIZED
                  00006fe0    0000000a     F2802x_GlobalVariableDefs.obj (GpioIntRegsFile)

SysCtrlRegsFile 
*          1    00007010    0000001f     UNINITIALIZED
                  00007010    0000001f     F2802x_GlobalVariableDefs.obj (SysCtrlRegsFile)

SpiaRegsFile 
*          1    00007040    00000010     UNINITIALIZED
                  00007040    00000010     F2802x_GlobalVariableDefs.obj (SpiaRegsFile)

SciaRegsFile 
*          1    00007050    00000010     UNINITIALIZED
                  00007050    00000010     F2802x_GlobalVariableDefs.obj (SciaRegsFile)

NmiIntruptRegsFile 
*          1    00007060    00000010     UNINITIALIZED
                  00007060    00000010     F2802x_GlobalVariableDefs.obj (NmiIntruptRegsFile)

XIntruptRegsFile 
*          1    00007070    00000010     UNINITIALIZED
                  00007070    00000010     F2802x_GlobalVariableDefs.obj (XIntruptRegsFile)

AdcRegsFile 
*          1    00007100    00000051     UNINITIALIZED
                  00007100    00000051     F2802x_GlobalVariableDefs.obj (AdcRegsFile)

I2caRegsFile 
*          1    00007900    00000022     UNINITIALIZED
                  00007900    00000022     F2802x_GlobalVariableDefs.obj (I2caRegsFile)

PartIdRegsFile 
*          1    003d7fff    00000001     UNINITIALIZED
                  003d7fff    00000001     F2802x_GlobalVariableDefs.obj (PartIdRegsFile)

CsmPwlFile 
*          1    003f7ff8    00000008     UNINITIALIZED
                  003f7ff8    00000008     F2802x_GlobalVariableDefs.obj (CsmPwlFile)

.pinit     0    003f7000    00000000     UNINITIALIZED

csmpasswds 
*          0    003f7ff8    00000008     
                  003f7ff8    00000008     f2802x_csmpasswords.obj (csmpasswds)

.stack     1    00000400    00000300     UNINITIALIZED
                  00000400    00000300     --HOLE--

.reset     0    003fffc0    00000002     DSECT
                  003fffc0    00000002     rts2800_ml.lib : boot28.asm.obj (.reset)

vectors    0    003fffc2    00000000     DSECT

.text      0    003f7380    00000ae0     
                  003f7380    0000022e     f2802x_adc.obj (.text)
                  003f75ae    000001d7     buck_2802xFlash.obj (.text)
                  003f7785    0000013a     f2802x_sysctrl.obj (.text)
                  003f78bf    000000ff     f2802x_defaultisr.obj (.text:retain)
                  003f79be    00000083     rts2800_ml.lib : fs_div28.asm.obj (.text)
                  003f7a41    00000081     f2802x_epwm.obj (.text)
                  003f7ac2    00000078     rts2800_ml.lib : fs_add28.asm.obj (.text)
                  003f7b3a    00000073     f2802x_cputimers.obj (.text)
                  003f7bad    00000062     buck_2802xFlash.obj (.text:retain)
                  003f7c0f    0000005a     rts2800_ml.lib : fs_mpy28.asm.obj (.text)
                  003f7c69    00000054                    : boot28.asm.obj (.text)
                  003f7cbd    00000029                    : exit.c.obj (.text)
                  003f7ce6    00000029                    : fs_tol28.asm.obj (.text)
                  003f7d0f    00000028     f2802x_piectrl.obj (.text)
                  003f7d37    00000026     f2802x_pievect.obj (.text)
                  003f7d5d    00000025     rts2800_ml.lib : fs_toi28.asm.obj (.text)
                  003f7d82    00000024                    : cpy_tbl.c.obj (.text)
                  003f7da6    0000001d                    : fs_tou28.asm.obj (.text)
                  003f7dc3    0000001d                    : memcpy.c.obj (.text)
                  003f7de0    0000001a                    : i_tofs28.asm.obj (.text)
                  003f7dfa    0000001a                    : l_tofs28.asm.obj (.text)
                  003f7e14    00000017                    : fs_cmp28.asm.obj (.text)
                  003f7e2b    00000011                    : args_main.c.obj (.text)
                  003f7e3c    00000010                    : u_tofs28.asm.obj (.text)
                  003f7e4c    00000009                    : _lock.c.obj (.text)
                  003f7e55    00000008     f2802x_codestartbranch.obj (.text)
                  003f7e5d    00000002     rts2800_ml.lib : pre_init.c.obj (.text)
                  003f7e5f    00000001                    : startup.c.obj (.text)

.ebss      1    00000700    000000ba     UNINITIALIZED
                  00000700    0000005c     buck_2802xFlash.obj (.ebss)
                  0000075c    00000018     f2802x_cputimers.obj (.ebss)
                  00000774    00000006     buck_2802xFlash.obj (.ebss:_error_list0)
                  0000077a    00000006     buck_2802xFlash.obj (.ebss:_error_list1)
                  00000780    00000010     buck_2802xFlash.obj (.ebss:_ADC0)
                  00000790    00000010     buck_2802xFlash.obj (.ebss:_ADC1)
                  000007a0    00000010     buck_2802xFlash.obj (.ebss:_ADC2)
                  000007b0    00000006     rts2800_ml.lib : exit.c.obj (.ebss)
                  000007b6    00000002                    : _lock.c.obj (.ebss:__lock)
                  000007b8    00000002                    : _lock.c.obj (.ebss:__unlock)

MODULE SUMMARY

       Module                          code   initialized data   uninitialized data
       ------                          ----   ----------------   ------------------
    .\
       buck_2802xFlash.obj             2353   246                152               
       F2802x_GlobalVariableDefs.obj   0      0                  1052              
       f2802x_adc.obj                  558    0                  0                 
       f2802x_sysctrl.obj              314    0                  0                 
       f2802x_pievect.obj              38     256                0                 
       f2802x_defaultisr.obj           255    0                  0                 
       f2802x_cputimers.obj            115    0                  24                
       f2802x_epwm.obj                 129    0                  0                 
       f2802x_csmpasswords.obj         0      126                0                 
       f2802x_piectrl.obj              40     0                  0                 
       f2802x_codestartbranch.obj      10     0                  0                 
       f2802x_usdelay.obj              8      0                  0                 
    +--+-------------------------------+------+------------------+--------------------+
       Total:                          3820   628                1228              
                                                                                   
    C:/ti/ccs1011/ccs/tools/compiler/ti-cgt-c2000_20.2.1.LTS/lib/rts2800_ml.lib
       fs_div28.asm.obj                131    0                  0                 
       fs_add28.asm.obj                120    0                  0                 
       fs_mpy28.asm.obj                90     0                  0                 
       boot28.asm.obj                  84     0                  0                 
       exit.c.obj                      41     14                 6                 
       fs_tol28.asm.obj                41     0                  0                 
       fs_toi28.asm.obj                37     0                  0                 
       cpy_tbl.c.obj                   36     0                  0                 
       fs_tou28.asm.obj                29     0                  0                 
       memcpy.c.obj                    29     0                  0                 
       i_tofs28.asm.obj                26     0                  0                 
       l_tofs28.asm.obj                26     0                  0                 
       _lock.c.obj                     9      10                 4                 
       fs_cmp28.asm.obj                23     0                  0                 
       args_main.c.obj                 17     0                  0                 
       u_tofs28.asm.obj                16     0                  0                 
       pre_init.c.obj                  2      0                  0                 
       startup.c.obj                   1      0                  0                 
    +--+-------------------------------+------+------------------+--------------------+
       Total:                          758    24                 10                
                                                                                   
       Stack:                          0      0                  768               
    +--+-------------------------------+------+------------------+--------------------+
       Grand Total:                    4578   652                2006              


GLOBAL DATA SYMBOLS: SORTED BY DATA PAGE

address     data page           name
--------    ----------------    ----
00000400      10 (00000400)     __stack

00000700      1c (00000700)     _EPwm1_DB_Direction
00000701      1c (00000700)     _EPwm2_DB_Direction
00000702      1c (00000700)     _LoopCount
00000703      1c (00000700)     _ConversionCount
00000708      1c (00000700)     _EPwm1TimerIntCount
0000070a      1c (00000700)     _INIT_DUTY0
0000070c      1c (00000700)     _INIT_DUTY1
0000070e      1c (00000700)     _ADC0_slope
00000710      1c (00000700)     _ADC0_intercept
00000712      1c (00000700)     _ADC1_slope
00000714      1c (00000700)     _ADC1_intercept
00000716      1c (00000700)     _ADC2_slope
00000718      1c (00000700)     _ADC2_intercept
0000071a      1c (00000700)     _ADC0_ADJ
0000071c      1c (00000700)     _ADC1_ADJ
0000071e      1c (00000700)     _ADC2_ADJ
00000720      1c (00000700)     _slope0
00000722      1c (00000700)     _intercept0
00000724      1c (00000700)     _slope1
00000726      1c (00000700)     _intercept1
00000728      1c (00000700)     _slope2
0000072a      1c (00000700)     _intercept2
0000072c      1c (00000700)     _adc_value0
0000072e      1c (00000700)     _adc_value1
00000730      1c (00000700)     _adc_value2
00000732      1c (00000700)     _adc_value3
00000734      1c (00000700)     _target_0
00000736      1c (00000700)     _target_k
00000738      1c (00000700)     _T_sam
0000073a      1c (00000700)     _P_arg0
0000073c      1c (00000700)     _I_arg0
0000073e      1c (00000700)     _P_arg1

00000740      1d (00000740)     _I_arg1
00000742      1d (00000740)     _adc_vol0
00000744      1d (00000740)     _adc_vol1
00000746      1d (00000740)     _adc_vol2
00000748      1d (00000740)     _P_error0
0000074a      1d (00000740)     _I_error0
0000074c      1d (00000740)     _P_error1
0000074e      1d (00000740)     _I_error1
00000750      1d (00000740)     _pwm1_f
00000752      1d (00000740)     _pwm2_f
00000754      1d (00000740)     _adc0_result_int
0000075c      1d (00000740)     _CpuTimer0
00000764      1d (00000740)     _CpuTimer1
0000076c      1d (00000740)     _CpuTimer2
00000774      1d (00000740)     _error_list0
0000077a      1d (00000740)     _error_list1

00000780      1e (00000780)     _ADC0
00000790      1e (00000780)     _ADC1
000007a0      1e (00000780)     _ADC2
000007b0      1e (00000780)     ___TI_enable_exit_profile_output
000007b2      1e (00000780)     ___TI_cleanup_ptr
000007b4      1e (00000780)     ___TI_dtors_ptr
000007b6      1e (00000780)     __lock
000007b8      1e (00000780)     __unlock

00000880      22 (00000880)     _DevEmuRegs

00000985      26 (00000980)     _SysPwrCtrlRegs

00000a80      2a (00000a80)     _FlashRegs

00000ae0      2b (00000ac0)     _CsmRegs

00000b00      2c (00000b00)     _AdcResult

00000c00      30 (00000c00)     _CpuTimer0Regs
00000c08      30 (00000c00)     _CpuTimer1Regs
00000c10      30 (00000c00)     _CpuTimer2Regs

00000ce0      33 (00000cc0)     _PieCtrlRegs

00000d00      34 (00000d00)     _EmuKey
00000d00      34 (00000d00)     _PieVectTable
00000d01      34 (00000d00)     _EmuBMode
00000d02      34 (00000d00)     _Flash_CallbackPtr
00000d04      34 (00000d00)     _Flash_CPUScaleFactor

00006400     190 (00006400)     _Comp1Regs
00006420     190 (00006400)     _Comp2Regs

00006800     1a0 (00006800)     _EPwm1Regs

00006840     1a1 (00006840)     _EPwm2Regs

00006880     1a2 (00006880)     _EPwm3Regs

000068c0     1a3 (000068c0)     _EPwm4Regs

00006a00     1a8 (00006a00)     _ECap1Regs

00006f80     1be (00006f80)     _GpioCtrlRegs

00006fc0     1bf (00006fc0)     _GpioDataRegs
00006fe0     1bf (00006fc0)     _GpioIntRegs

00007010     1c0 (00007000)     _SysCtrlRegs

00007040     1c1 (00007040)     _SpiaRegs
00007050     1c1 (00007040)     _SciaRegs
00007060     1c1 (00007040)     _NmiIntruptRegs
00007070     1c1 (00007040)     _XIntruptRegs

00007100     1c4 (00007100)     _AdcRegs

00007900     1e4 (00007900)     _I2caRegs

003d7fff    f5ff (003d7fc0)     _PartIdRegs

003f6000    fd80 (003f6000)     _PieVectTableInit

003f7ff8    fdff (003f7fc0)     _CsmPwl


GLOBAL SYMBOLS: SORTED ALPHABETICALLY BY Name 

page  address   name                            
----  -------   ----                            
abs   ffffffff  .text                           
0     003f7cbd  C$$EXIT                         
0     003f7ac7  FS$$ADD                         
0     003f7e14  FS$$CMP                         
0     003f79be  FS$$DIV                         
0     003f7c0f  FS$$MPY                         
0     003f7ac2  FS$$SUB                         
0     003f7d5d  FS$$TOI                         
0     003f7ce6  FS$$TOL                         
0     003f7da6  FS$$TOU                         
0     003f7de0  I$$TOFS                         
0     003f7dfa  L$$TOFS                         
0     003f7e3c  U$$TOFS                         
1     00000780  _ADC0                           
1     0000071a  _ADC0_ADJ                       
1     00000710  _ADC0_intercept                 
1     0000070e  _ADC0_slope                     
1     00000790  _ADC1                           
1     0000071c  _ADC1_ADJ                       
1     00000714  _ADC1_intercept                 
1     00000712  _ADC1_slope                     
1     000007a0  _ADC2                           
1     0000071e  _ADC2_ADJ                       
1     00000718  _ADC2_intercept                 
1     00000716  _ADC2_slope                     
0     003f791e  _ADCINT1_ISR                    
0     003f7923  _ADCINT2_ISR                    
0     003f798c  _ADCINT3_ISR                    
0     003f7991  _ADCINT4_ISR                    
0     003f7996  _ADCINT5_ISR                    
0     003f799b  _ADCINT6_ISR                    
0     003f79a0  _ADCINT7_ISR                    
0     003f79a5  _ADCINT8_ISR                    
0     003f7932  _ADCINT9_ISR                    
0     003f73e8  _AdcChanSelect                  
0     003f745d  _AdcConversion                  
0     003f73c1  _AdcOffsetSelfCal               
1     00007100  _AdcRegs                        
1     00000b00  _AdcResult                      
1     00006400  _Comp1Regs                      
1     00006420  _Comp2Regs                      
0     003f7b7b  _ConfigCpuTimer                 
1     00000703  _ConversionCount                
1     0000075c  _CpuTimer0                      
1     00000c00  _CpuTimer0Regs                  
1     00000764  _CpuTimer1                      
1     00000c08  _CpuTimer1Regs                  
1     0000076c  _CpuTimer2                      
1     00000c10  _CpuTimer2Regs                  
1     003f7ff8  _CsmPwl                         
1     00000ae0  _CsmRegs                        
0     003f7838  _CsmUnlock                      
0     003f78c9  _DATALOG_ISR                    
0     000003cc  _DSP28x_usDelay                 
1     00000880  _DevEmuRegs                     
0     003f77a9  _DisableDog                     
0     003f7969  _ECAP1_INT_ISR                  
1     00006a00  _ECap1Regs                      
0     003f79af  _EMPTY_ISR                      
0     003f78d3  _EMUINT_ISR                     
0     003f7955  _EPWM1_INT_ISR                  
0     003f7941  _EPWM1_TZINT_ISR                
0     003f795a  _EPWM2_INT_ISR                  
0     003f7946  _EPWM2_TZINT_ISR                
0     003f795f  _EPWM3_INT_ISR                  
0     003f794b  _EPWM3_TZINT_ISR                
0     003f7964  _EPWM4_INT_ISR                  
0     003f7950  _EPWM4_TZINT_ISR                
1     00006800  _EPwm1Regs                      
1     00000708  _EPwm1TimerIntCount             
1     00000700  _EPwm1_DB_Direction             
1     00006840  _EPwm2Regs                      
1     00000701  _EPwm2_DB_Direction             
1     00006880  _EPwm3Regs                      
1     000068c0  _EPwm4Regs                      
1     00000d01  _EmuBMode                       
1     00000d00  _EmuKey                         
0     003f7d2e  _EnableInterrupts               
0     003f78a9  _ExtOscSel                      
1     00000a80  _FlashRegs                      
1     00000d04  _Flash_CPUScaleFactor           
1     00000d02  _Flash_CallbackPtr              
1     00006f80  _GpioCtrlRegs                   
1     00006fc0  _GpioDataRegs                   
1     00006fe0  _GpioIntRegs                    
0     003f7978  _I2CINT1A_ISR                   
0     003f797d  _I2CINT2A_ISR                   
1     00007900  _I2caRegs                       
0     003f78dd  _ILLEGAL_ISR                    
1     0000070a  _INIT_DUTY0                     
1     0000070c  _INIT_DUTY1                     
0     003f78bf  _INT13_ISR                      
0     003f78c4  _INT14_ISR                      
1     0000073c  _I_arg0                         
1     00000740  _I_arg1                         
1     0000074a  _I_error0                       
1     0000074e  _I_error1                       
0     003f7380  _InitAdc                        
0     003f739f  _InitAdcAio                     
0     003f7b3a  _InitCpuTimers                  
0     003f7a41  _InitEPwm                       
0     003f76cf  _InitEPwm1Example               
0     003f7a4b  _InitEPwm1Gpio                  
0     003f772e  _InitEPwm2Example               
0     003f7a5d  _InitEPwm2Gpio                  
0     003f7a6f  _InitEPwm3Gpio                  
0     003f7a83  _InitEPwm4Gpio                  
0     003f7a42  _InitEPwmGpio                   
0     003f7a97  _InitEPwmSyncGpio               
0     003f7806  _InitPeripheralClocks           
0     003f7d0f  _InitPieCtrl                    
0     003f7d37  _InitPieVectTable               
0     003f77b1  _InitPll                        
0     003f7785  _InitSysCtrl                    
0     003f7aa7  _InitTzGpio                     
0     003f7869  _IntOsc1Sel                     
0     003f7879  _IntOsc2Sel                     
1     00000702  _LoopCount                      
0     003f78d8  _NMI_ISR                        
1     00007060  _NmiIntruptRegs                 
0     003f79b4  _PIE_RESERVED                   
1     0000073a  _P_arg0                         
1     0000073e  _P_arg1                         
1     00000748  _P_error0                       
1     0000074c  _P_error1                       
1     003d7fff  _PartIdRegs                     
1     00000ce0  _PieCtrlRegs                    
1     00000d00  _PieVectTable                   
0     003f6000  _PieVectTableInit               
0     003f78ce  _RTOSINT_ISR                    
abs   00000380  _RamfuncsLoadSize               
0     003f7000  _RamfuncsLoadStart              
0     00000050  _RamfuncsRunStart               
0     003f7982  _SCIRXINTA_ISR                  
0     003f7987  _SCITXINTA_ISR                  
0     003f796e  _SPIRXINTA_ISR                  
0     003f7973  _SPITXINTA_ISR                  
1     00007050  _SciaRegs                       
0     003f779f  _ServiceDog                     
1     00007040  _SpiaRegs                       
1     00007010  _SysCtrlRegs                    
1     00000985  _SysPwrCtrlRegs                 
0     003f7937  _TINT0_ISR                      
1     00000738  _T_sam                          
0     003f790f  _USER10_ISR                     
0     003f7914  _USER11_ISR                     
0     003f7919  _USER12_ISR                     
0     003f78e2  _USER1_ISR                      
0     003f78e7  _USER2_ISR                      
0     003f78ec  _USER3_ISR                      
0     003f78f1  _USER4_ISR                      
0     003f78f6  _USER5_ISR                      
0     003f78fb  _USER6_ISR                      
0     003f7900  _USER7_ISR                      
0     003f7905  _USER8_ISR                      
0     003f790a  _USER9_ISR                      
0     003f793c  _WAKEINT_ISR                    
0     003f7928  _XINT1_ISR                      
0     003f792d  _XINT2_ISR                      
0     003f79aa  _XINT3_ISR                      
1     00007070  _XIntruptRegs                   
0     003f788d  _XtalOscSel                     
1     00000700  __STACK_END                     
abs   00000300  __STACK_SIZE                    
1     000007b2  ___TI_cleanup_ptr               
1     000007b4  ___TI_dtors_ptr                 
1     000007b0  ___TI_enable_exit_profile_output
abs   ffffffff  ___TI_pprof_out_hndl            
abs   ffffffff  ___TI_prof_data_size            
abs   ffffffff  ___TI_prof_data_start           
abs   ffffffff  ___binit__                      
abs   ffffffff  ___c_args__                     
0     003f7e60  ___cinit__                      
abs   ffffffff  ___etext__                      
abs   ffffffff  ___pinit__                      
abs   ffffffff  ___text__                       
0     003f7e2b  __args_main                     
1     000007b6  __lock                          
0     003f7e54  __nop                           
0     003f7e50  __register_lock                 
0     003f7e4c  __register_unlock               
1     00000400  __stack                         
0     003f7e5f  __system_post_cinit             
0     003f7e5d  __system_pre_init               
1     000007b8  __unlock                        
0     003f7cbd  _abort                          
1     00000754  _adc0_result_int                
0     000002f7  _adc1_isr                       
0     003f7bad  _adc2_isr                       
1     0000072c  _adc_value0                     
1     0000072e  _adc_value1                     
1     00000730  _adc_value2                     
1     00000732  _adc_value3                     
1     00000742  _adc_vol0                       
1     00000744  _adc_vol1                       
1     00000746  _adc_vol2                       
0     003f7c69  _c_int00                        
0     003f7d82  _copy_in                        
0     003f7bea  _cpu_timer0_isr                 
0     003f7bf8  _cpu_timer1_isr                 
0     003f7c03  _cpu_timer2_isr                 
0     000002e5  _epwm1_isr                      
1     00000774  _error_list0                    
1     0000077a  _error_list1                    
0     003f7cbf  _exit                           
0     0000008f  _get_PI_signal0                 
0     0000013c  _get_PI_signal1                 
0     003f7680  _initMyAdc                      
0     003f760b  _initPWM                        
0     003f762f  _initTimer                      
1     00000722  _intercept0                     
1     00000726  _intercept1                     
1     0000072a  _intercept2                     
0     003f75ae  _main                           
0     003f7dc3  _memcpy                         
0     00000050  _pre_storage_adc0               
0     00000065  _pre_storage_adc1               
0     0000007a  _pre_storage_adc2               
1     00000750  _pwm1_f                         
1     00000752  _pwm2_f                         
0     003f79b9  _rsvd_ISR                       
1     00000720  _slope0                         
1     00000724  _slope1                         
1     00000728  _slope2                         
1     00000734  _target_0                       
1     00000736  _target_k                       
abs   ffffffff  binit                           
0     003f7e60  cinit                           
0     003f7ff6  code_start                      
abs   ffffffff  etext                           
abs   ffffffff  pinit                           


GLOBAL SYMBOLS: SORTED BY Symbol Address 

page  address   name                            
----  -------   ----                            
0     00000050  _RamfuncsRunStart               
0     00000050  _pre_storage_adc0               
0     00000065  _pre_storage_adc1               
0     0000007a  _pre_storage_adc2               
0     0000008f  _get_PI_signal0                 
0     0000013c  _get_PI_signal1                 
0     000002e5  _epwm1_isr                      
0     000002f7  _adc1_isr                       
0     000003cc  _DSP28x_usDelay                 
0     003f6000  _PieVectTableInit               
0     003f7000  _RamfuncsLoadStart              
0     003f7380  _InitAdc                        
0     003f739f  _InitAdcAio                     
0     003f73c1  _AdcOffsetSelfCal               
0     003f73e8  _AdcChanSelect                  
0     003f745d  _AdcConversion                  
0     003f75ae  _main                           
0     003f760b  _initPWM                        
0     003f762f  _initTimer                      
0     003f7680  _initMyAdc                      
0     003f76cf  _InitEPwm1Example               
0     003f772e  _InitEPwm2Example               
0     003f7785  _InitSysCtrl                    
0     003f779f  _ServiceDog                     
0     003f77a9  _DisableDog                     
0     003f77b1  _InitPll                        
0     003f7806  _InitPeripheralClocks           
0     003f7838  _CsmUnlock                      
0     003f7869  _IntOsc1Sel                     
0     003f7879  _IntOsc2Sel                     
0     003f788d  _XtalOscSel                     
0     003f78a9  _ExtOscSel                      
0     003f78bf  _INT13_ISR                      
0     003f78c4  _INT14_ISR                      
0     003f78c9  _DATALOG_ISR                    
0     003f78ce  _RTOSINT_ISR                    
0     003f78d3  _EMUINT_ISR                     
0     003f78d8  _NMI_ISR                        
0     003f78dd  _ILLEGAL_ISR                    
0     003f78e2  _USER1_ISR                      
0     003f78e7  _USER2_ISR                      
0     003f78ec  _USER3_ISR                      
0     003f78f1  _USER4_ISR                      
0     003f78f6  _USER5_ISR                      
0     003f78fb  _USER6_ISR                      
0     003f7900  _USER7_ISR                      
0     003f7905  _USER8_ISR                      
0     003f790a  _USER9_ISR                      
0     003f790f  _USER10_ISR                     
0     003f7914  _USER11_ISR                     
0     003f7919  _USER12_ISR                     
0     003f791e  _ADCINT1_ISR                    
0     003f7923  _ADCINT2_ISR                    
0     003f7928  _XINT1_ISR                      
0     003f792d  _XINT2_ISR                      
0     003f7932  _ADCINT9_ISR                    
0     003f7937  _TINT0_ISR                      
0     003f793c  _WAKEINT_ISR                    
0     003f7941  _EPWM1_TZINT_ISR                
0     003f7946  _EPWM2_TZINT_ISR                
0     003f794b  _EPWM3_TZINT_ISR                
0     003f7950  _EPWM4_TZINT_ISR                
0     003f7955  _EPWM1_INT_ISR                  
0     003f795a  _EPWM2_INT_ISR                  
0     003f795f  _EPWM3_INT_ISR                  
0     003f7964  _EPWM4_INT_ISR                  
0     003f7969  _ECAP1_INT_ISR                  
0     003f796e  _SPIRXINTA_ISR                  
0     003f7973  _SPITXINTA_ISR                  
0     003f7978  _I2CINT1A_ISR                   
0     003f797d  _I2CINT2A_ISR                   
0     003f7982  _SCIRXINTA_ISR                  
0     003f7987  _SCITXINTA_ISR                  
0     003f798c  _ADCINT3_ISR                    
0     003f7991  _ADCINT4_ISR                    
0     003f7996  _ADCINT5_ISR                    
0     003f799b  _ADCINT6_ISR                    
0     003f79a0  _ADCINT7_ISR                    
0     003f79a5  _ADCINT8_ISR                    
0     003f79aa  _XINT3_ISR                      
0     003f79af  _EMPTY_ISR                      
0     003f79b4  _PIE_RESERVED                   
0     003f79b9  _rsvd_ISR                       
0     003f79be  FS$$DIV                         
0     003f7a41  _InitEPwm                       
0     003f7a42  _InitEPwmGpio                   
0     003f7a4b  _InitEPwm1Gpio                  
0     003f7a5d  _InitEPwm2Gpio                  
0     003f7a6f  _InitEPwm3Gpio                  
0     003f7a83  _InitEPwm4Gpio                  
0     003f7a97  _InitEPwmSyncGpio               
0     003f7aa7  _InitTzGpio                     
0     003f7ac2  FS$$SUB                         
0     003f7ac7  FS$$ADD                         
0     003f7b3a  _InitCpuTimers                  
0     003f7b7b  _ConfigCpuTimer                 
0     003f7bad  _adc2_isr                       
0     003f7bea  _cpu_timer0_isr                 
0     003f7bf8  _cpu_timer1_isr                 
0     003f7c03  _cpu_timer2_isr                 
0     003f7c0f  FS$$MPY                         
0     003f7c69  _c_int00                        
0     003f7cbd  C$$EXIT                         
0     003f7cbd  _abort                          
0     003f7cbf  _exit                           
0     003f7ce6  FS$$TOL                         
0     003f7d0f  _InitPieCtrl                    
0     003f7d2e  _EnableInterrupts               
0     003f7d37  _InitPieVectTable               
0     003f7d5d  FS$$TOI                         
0     003f7d82  _copy_in                        
0     003f7da6  FS$$TOU                         
0     003f7dc3  _memcpy                         
0     003f7de0  I$$TOFS                         
0     003f7dfa  L$$TOFS                         
0     003f7e14  FS$$CMP                         
0     003f7e2b  __args_main                     
0     003f7e3c  U$$TOFS                         
0     003f7e4c  __register_unlock               
0     003f7e50  __register_lock                 
0     003f7e54  __nop                           
0     003f7e5d  __system_pre_init               
0     003f7e5f  __system_post_cinit             
0     003f7e60  ___cinit__                      
0     003f7e60  cinit                           
0     003f7ff6  code_start                      
1     00000400  __stack                         
1     00000700  _EPwm1_DB_Direction             
1     00000700  __STACK_END                     
1     00000701  _EPwm2_DB_Direction             
1     00000702  _LoopCount                      
1     00000703  _ConversionCount                
1     00000708  _EPwm1TimerIntCount             
1     0000070a  _INIT_DUTY0                     
1     0000070c  _INIT_DUTY1                     
1     0000070e  _ADC0_slope                     
1     00000710  _ADC0_intercept                 
1     00000712  _ADC1_slope                     
1     00000714  _ADC1_intercept                 
1     00000716  _ADC2_slope                     
1     00000718  _ADC2_intercept                 
1     0000071a  _ADC0_ADJ                       
1     0000071c  _ADC1_ADJ                       
1     0000071e  _ADC2_ADJ                       
1     00000720  _slope0                         
1     00000722  _intercept0                     
1     00000724  _slope1                         
1     00000726  _intercept1                     
1     00000728  _slope2                         
1     0000072a  _intercept2                     
1     0000072c  _adc_value0                     
1     0000072e  _adc_value1                     
1     00000730  _adc_value2                     
1     00000732  _adc_value3                     
1     00000734  _target_0                       
1     00000736  _target_k                       
1     00000738  _T_sam                          
1     0000073a  _P_arg0                         
1     0000073c  _I_arg0                         
1     0000073e  _P_arg1                         
1     00000740  _I_arg1                         
1     00000742  _adc_vol0                       
1     00000744  _adc_vol1                       
1     00000746  _adc_vol2                       
1     00000748  _P_error0                       
1     0000074a  _I_error0                       
1     0000074c  _P_error1                       
1     0000074e  _I_error1                       
1     00000750  _pwm1_f                         
1     00000752  _pwm2_f                         
1     00000754  _adc0_result_int                
1     0000075c  _CpuTimer0                      
1     00000764  _CpuTimer1                      
1     0000076c  _CpuTimer2                      
1     00000774  _error_list0                    
1     0000077a  _error_list1                    
1     00000780  _ADC0                           
1     00000790  _ADC1                           
1     000007a0  _ADC2                           
1     000007b0  ___TI_enable_exit_profile_output
1     000007b2  ___TI_cleanup_ptr               
1     000007b4  ___TI_dtors_ptr                 
1     000007b6  __lock                          
1     000007b8  __unlock                        
1     00000880  _DevEmuRegs                     
1     00000985  _SysPwrCtrlRegs                 
1     00000a80  _FlashRegs                      
1     00000ae0  _CsmRegs                        
1     00000b00  _AdcResult                      
1     00000c00  _CpuTimer0Regs                  
1     00000c08  _CpuTimer1Regs                  
1     00000c10  _CpuTimer2Regs                  
1     00000ce0  _PieCtrlRegs                    
1     00000d00  _EmuKey                         
1     00000d00  _PieVectTable                   
1     00000d01  _EmuBMode                       
1     00000d02  _Flash_CallbackPtr              
1     00000d04  _Flash_CPUScaleFactor           
1     00006400  _Comp1Regs                      
1     00006420  _Comp2Regs                      
1     00006800  _EPwm1Regs                      
1     00006840  _EPwm2Regs                      
1     00006880  _EPwm3Regs                      
1     000068c0  _EPwm4Regs                      
1     00006a00  _ECap1Regs                      
1     00006f80  _GpioCtrlRegs                   
1     00006fc0  _GpioDataRegs                   
1     00006fe0  _GpioIntRegs                    
1     00007010  _SysCtrlRegs                    
1     00007040  _SpiaRegs                       
1     00007050  _SciaRegs                       
1     00007060  _NmiIntruptRegs                 
1     00007070  _XIntruptRegs                   
1     00007100  _AdcRegs                        
1     00007900  _I2caRegs                       
1     003d7fff  _PartIdRegs                     
1     003f7ff8  _CsmPwl                         
abs   00000300  __STACK_SIZE                    
abs   00000380  _RamfuncsLoadSize               
abs   ffffffff  .text                           
abs   ffffffff  ___TI_pprof_out_hndl            
abs   ffffffff  ___TI_prof_data_size            
abs   ffffffff  ___TI_prof_data_start           
abs   ffffffff  ___binit__                      
abs   ffffffff  ___c_args__                     
abs   ffffffff  ___etext__                      
abs   ffffffff  ___pinit__                      
abs   ffffffff  ___text__                       
abs   ffffffff  binit                           
abs   ffffffff  etext                           
abs   ffffffff  pinit                           

[231 symbols]
